Archive member included to satisfy reference by file (symbol)

app/libapp.a(main.c.obj)      (--whole-archive)
app/libapp.a(led_strip.c.obj)
                              (--whole-archive)
app/libapp.a(motor.c.obj)     (--whole-archive)
zephyr/libzephyr.a(heap.c.obj)
                              (--whole-archive)
zephyr/libzephyr.a(cbprintf_packaged.c.obj)
                              (--whole-archive)
zephyr/libzephyr.a(clock.c.obj)
                              (--whole-archive)
zephyr/libzephyr.a(printk.c.obj)
                              (--whole-archive)
zephyr/libzephyr.a(sem.c.obj)
                              (--whole-archive)
zephyr/libzephyr.a(thread_entry.c.obj)
                              (--whole-archive)
zephyr/libzephyr.a(cbprintf_complete.c.obj)
                              (--whole-archive)
zephyr/libzephyr.a(assert.c.obj)
                              (--whole-archive)
zephyr/libzephyr.a(dec.c.obj)
                              (--whole-archive)
zephyr/libzephyr.a(hex.c.obj)
                              (--whole-archive)
zephyr/libzephyr.a(rb.c.obj)  (--whole-archive)
zephyr/libzephyr.a(timeutil.c.obj)
                              (--whole-archive)
zephyr/libzephyr.a(bitarray.c.obj)
                              (--whole-archive)
zephyr/libzephyr.a(onoff.c.obj)
                              (--whole-archive)
zephyr/libzephyr.a(notify.c.obj)
                              (--whole-archive)
zephyr/libzephyr.a(ring_buffer.c.obj)
                              (--whole-archive)
zephyr/libzephyr.a(last_section_id.c.obj)
                              (--whole-archive)
zephyr/libzephyr.a(configs.c.obj)
                              (--whole-archive)
zephyr/libzephyr.a(log_core.c.obj)
                              (--whole-archive)
zephyr/libzephyr.a(log_mgmt.c.obj)
                              (--whole-archive)
zephyr/libzephyr.a(log_cache.c.obj)
                              (--whole-archive)
zephyr/libzephyr.a(log_msg.c.obj)
                              (--whole-archive)
zephyr/libzephyr.a(log_output.c.obj)
                              (--whole-archive)
zephyr/libzephyr.a(log_backend_uart.c.obj)
                              (--whole-archive)
zephyr/libzephyr.a(mem_attr.c.obj)
                              (--whole-archive)
zephyr/libzephyr.a(tracing_none.c.obj)
                              (--whole-archive)
zephyr/arch/common/libarch__common.a(sw_isr_common.c.obj)
                              (--whole-archive)
zephyr/arch/arch/arm/core/libarch__arm__core.a(fatal.c.obj)
                              (--whole-archive)
zephyr/arch/arch/arm/core/libarch__arm__core.a(nmi.c.obj)
                              (--whole-archive)
zephyr/arch/arch/arm/core/libarch__arm__core.a(nmi_on_reset.S.obj)
                              (--whole-archive)
zephyr/arch/arch/arm/core/libarch__arm__core.a(tls.c.obj)
                              (--whole-archive)
zephyr/arch/arch/arm/core/cortex_m/libarch__arm__core__cortex_m.a(exc_exit.c.obj)
                              (--whole-archive)
zephyr/arch/arch/arm/core/cortex_m/libarch__arm__core__cortex_m.a(fault.c.obj)
                              (--whole-archive)
zephyr/arch/arch/arm/core/cortex_m/libarch__arm__core__cortex_m.a(fault_s.S.obj)
                              (--whole-archive)
zephyr/arch/arch/arm/core/cortex_m/libarch__arm__core__cortex_m.a(fpu.c.obj)
                              (--whole-archive)
zephyr/arch/arch/arm/core/cortex_m/libarch__arm__core__cortex_m.a(reset.S.obj)
                              (--whole-archive)
zephyr/arch/arch/arm/core/cortex_m/libarch__arm__core__cortex_m.a(scb.c.obj)
                              (--whole-archive)
zephyr/arch/arch/arm/core/cortex_m/libarch__arm__core__cortex_m.a(thread_abort.c.obj)
                              (--whole-archive)
zephyr/arch/arch/arm/core/cortex_m/libarch__arm__core__cortex_m.a(vector_table.S.obj)
                              (--whole-archive)
zephyr/arch/arch/arm/core/cortex_m/libarch__arm__core__cortex_m.a(swap_helper.S.obj)
                              (--whole-archive)
zephyr/arch/arch/arm/core/cortex_m/libarch__arm__core__cortex_m.a(irq_manage.c.obj)
                              (--whole-archive)
zephyr/arch/arch/arm/core/cortex_m/libarch__arm__core__cortex_m.a(prep_c.c.obj)
                              (--whole-archive)
zephyr/arch/arch/arm/core/cortex_m/libarch__arm__core__cortex_m.a(thread.c.obj)
                              (--whole-archive)
zephyr/arch/arch/arm/core/cortex_m/libarch__arm__core__cortex_m.a(cpu_idle.c.obj)
                              (--whole-archive)
zephyr/arch/arch/arm/core/cortex_m/libarch__arm__core__cortex_m.a(irq_init.c.obj)
                              (--whole-archive)
zephyr/arch/arch/arm/core/cortex_m/libarch__arm__core__cortex_m.a(isr_wrapper.c.obj)
                              (--whole-archive)
zephyr/arch/arch/arm/core/cortex_m/libarch__arm__core__cortex_m.a(__aeabi_read_tp.S.obj)
                              (--whole-archive)
[...]
Memory Configuration

Name             Origin             Length             Attributes
FLASH            0x0000000000000000 0x0000000000080000 xr
RAM              0x0000000020000000 0x0000000000010000 xw
IDT_LIST         0x00000000ffff7fff 0x0000000000008000 xw
*default*        0x0000000000000000 0xffffffffffffffff

Linker script and memory map

                0x000000000001ece0                vfprintf = __l_vfprintf
                0x0000000000000000                vfscanf = __l_vfscanf
LOAD zephyr/CMakeFiles/zephyr_pre0.dir/misc/empty_file.c.obj
LOAD zephyr/CMakeFiles/offsets.dir/./arch/arm/core/offsets/offsets.c.obj
LOAD app/libapp.a
LOAD zephyr/libzephyr.a
LOAD zephyr/arch/common/libarch__common.a
LOAD zephyr/arch/arch/arm/core/libarch__arm__core.a
LOAD zephyr/arch/arch/arm/core/cortex_m/libarch__arm__core__cortex_m.a
LOAD zephyr/arch/arch/arm/core/mpu/libarch__arm__core__mpu.a
LOAD zephyr/lib/libc/picolibc/liblib__libc__picolibc.a
LOAD zephyr/lib/libc/common/liblib__libc__common.a
LOAD zephyr/lib/net_buf/liblib__net_buf.a
LOAD zephyr/soc/soc/nrf52832/libsoc__nordic.a
LOAD zephyr/subsys/random/libsubsys__random.a
LOAD zephyr/subsys/bluetooth/common/libsubsys__bluetooth__common.a
LOAD zephyr/subsys/bluetooth/host/libsubsys__bluetooth__host.a
LOAD zephyr/subsys/bluetooth/controller/libsubsys__bluetooth__controller.a
LOAD zephyr/subsys/bluetooth/controller/ll_sw/nordic/libsubsys__bluetooth__controller__ll_sw__nordic.a
LOAD zephyr/drivers/clock_control/libdrivers__clock_control.a
LOAD zephyr/drivers/console/libdrivers__console.a
LOAD zephyr/drivers/entropy/libdrivers__entropy.a
LOAD zephyr/drivers/gpio/libdrivers__gpio.a
LOAD zephyr/drivers/led_strip/libdrivers__led_strip.a
LOAD zephyr/drivers/pinctrl/libdrivers__pinctrl.a
LOAD zephyr/drivers/serial/libdrivers__serial.a
LOAD zephyr/drivers/spi/libdrivers__spi.a
LOAD zephyr/drivers/timer/libdrivers__timer.a
LOAD modules/hal_nordic/nrfx/libmodules__hal_nordic__nrfx.a
LOAD zephyr/kernel/libkernel.a
LOAD zephyr/arch/common/libisr_tables.a
LOAD /home/minhluu/zephyr-sdk-0.17.2/arm-zephyr-eabi/bin/../lib/gcc/../../picolibc/arm-zephyr-eabi/lib/thumb/v7e-m/nofp/libc.a
LOAD /home/minhluu/zephyr-sdk-0.17.2/arm-zephyr-eabi/bin/../lib/gcc/arm-zephyr-eabi/12.2.0/thumb/v7e-m/nofp/libgcc.a
                0x0000000000000020                _region_min_align = 0x20

.rel.plt        0x0000000000000000        0x0
 *(SORT_BY_ALIGNMENT(.rel.plt))
                [!provide]                        PROVIDE (__rel_iplt_start = .)
 *(SORT_BY_ALIGNMENT(.rel.iplt))
 .rel.iplt      0x0000000000000000        0x0 app/libapp.a(main.c.obj)
                [!provide]                        PROVIDE (__rel_iplt_end = .)

.rela.plt       0x0000000000000000        0x0
 *(SORT_BY_ALIGNMENT(.rela.plt))
                [!provide]                        PROVIDE (__rela_iplt_start = .)
 *(SORT_BY_ALIGNMENT(.rela.iplt))
                [!provide]                        PROVIDE (__rela_iplt_end = .)

.rel.dyn
 *(SORT_BY_ALIGNMENT(.rel.*))

.rela.dyn
 *(SORT_BY_ALIGNMENT(.rela.*))

/DISCARD/
 *(SORT_BY_ALIGNMENT(.plt))

/DISCARD/
 *(SORT_BY_ALIGNMENT(.iplt))
                0x0000000000000000                __rom_region_start = 0x0

rom_start       0x0000000000000000       0xdc
                0x0000000000000000                __rom_start_address = .
 FILL mask 0x00
                0x0000000000000000                . = (. + (0x0 - (. - __rom_start_address)))
                0x0000000000000000                . = ALIGN (0x4)
                0x0000000000000000                . = ALIGN (0x80)
                0x0000000000000000                . = ALIGN (0x100)
                0x0000000000000000                _vector_start = .
 *(SORT_BY_ALIGNMENT(.exc_vector_table))
 *(SORT_BY_ALIGNMENT(.exc_vector_table.*))
 .exc_vector_table._vector_table_section
                0x0000000000000000       0x40 zephyr/arch/arch/arm/core/cortex_m/libarch__arm__core__cortex_m.a(vector_table.S.obj)
                0x0000000000000000                _vector_table
 *(SORT_BY_ALIGNMENT(.vectors))
                0x00000000000000dc                _vector_end = .
                0x0000000000000040                . = ALIGN (0x4)
 *(SORT_BY_ALIGNMENT(.gnu.linkonce.irq_vector_table*))
 .gnu.linkonce.irq_vector_table
                0x0000000000000040       0x9c zephyr/arch/common/libisr_tables.a(isr_tables.c.obj)
                0x0000000000000040                _irq_vector_table
                0x00000000000000dc                _vector_end = .

text            0x00000000000000e0    0x22404
                0x00000000000000e0                __text_region_start = .
 *(SORT_BY_ALIGNMENT(.text))
 .text          0x00000000000000e0       0x30 /home/minhluu/zephyr-sdk-0.17.2/arm-zephyr-eabi/bin/../lib/gcc/arm-zephyr-eabi/12.2.0/thumb/v7e-m/nofp/libgcc.a(_aeabi_uldivmod.o)
                0x00000000000000e0                __aeabi_uldivmod
 .text          0x0000000000000110        0x4 /home/minhluu/zephyr-sdk-0.17.2/arm-zephyr-eabi/bin/../lib/gcc/arm-zephyr-eabi/12.2.0/thumb/v7e-m/nofp/libgcc.a(_dvmd_tls.o)
                0x0000000000000110                __aeabi_ldiv0
                0x0000000000000110                __aeabi_idiv0
 .text          0x0000000000000114       0x10 /home/minhluu/zephyr-sdk-0.17.2/arm-zephyr-eabi/bin/../lib/gcc/../../picolibc/arm-zephyr-eabi/lib/thumb/v7e-m/nofp/libc.a(strcpy.S.o)
                0x0000000000000114                strcpy
 .text          0x0000000000000124       0x10 /home/minhluu/zephyr-sdk-0.17.2/arm-zephyr-eabi/bin/../lib/gcc/../../picolibc/arm-zephyr-eabi/lib/thumb/v7e-m/nofp/libc.a(strlen.S.o)
                0x0000000000000124                strlen
 .text          0x0000000000000134      0x2a0 /home/minhluu/zephyr-sdk-0.17.2/arm-zephyr-eabi/bin/../lib/gcc/arm-zephyr-eabi/12.2.0/thumb/v7e-m/nofp/libgcc.a(_udivmoddi4.o)
                0x0000000000000134                __udivmoddi4
 *(SORT_BY_ALIGNMENT(.text.*))
 *fill*         0x00000000000003d4        0x4 
 .text.ull_drift_ticks_get
                0x00000000000003d8       0x90 zephyr/subsys/bluetooth/controller/libsubsys__bluetooth__controller.a(ull.c.obj)
                0x00000000000003d8                ull_drift_ticks_get
 .text.ll_adv_enable
                0x0000000000000468      0x338 zephyr/subsys/bluetooth/controller/libsubsys__bluetooth__controller.a(ull_adv.c.obj)
                0x0000000000000468                ll_adv_enable
 .text.ull_adv_time_update
                0x00000000000007a0       0xbc zephyr/subsys/bluetooth/controller/libsubsys__bluetooth__controller.a(ull_adv.c.obj)
                0x00000000000007a0                ull_adv_time_update
 *fill*         0x000000000000085c        0x4 
 .text.ll_scan_params_set
                0x0000000000000860       0x70 zephyr/subsys/bluetooth/controller/libsubsys__bluetooth__controller.a(ull_scan.c.obj)
                0x0000000000000860                ll_scan_params_set
 .text.ull_scan_params_set
                0x00000000000008d0       0x54 zephyr/subsys/bluetooth/controller/libsubsys__bluetooth__controller.a(ull_scan.c.obj)
                0x00000000000008d0                ull_scan_params_set
 *fill*         0x0000000000000924        0x4 
 .text.ull_scan_enable
                0x0000000000000928      0x174 zephyr/subsys/bluetooth/controller/libsubsys__bluetooth__controller.a(ull_scan.c.obj)
                0x0000000000000928                ull_scan_enable
 *fill*         0x0000000000000a9c        0x4 
 .text.ull_conn_update_ticker.constprop.0
                0x0000000000000aa0      0x148 zephyr/subsys/bluetooth/controller/libsubsys__bluetooth__controller.a(ull_conn.c.obj)
 .text.ull_conn_done
                0x0000000000000be8      0x408 zephyr/subsys/bluetooth/controller/libsubsys__bluetooth__controller.a(ull_conn.c.obj)
                0x0000000000000be8                ull_conn_done
 .text.ull_conn_update_parameters
                0x0000000000000ff0      0x2cc zephyr/subsys/bluetooth/controller/libsubsys__bluetooth__controller.a(ull_conn.c.obj)
                0x0000000000000ff0                ull_conn_update_parameters
 *fill*         0x00000000000012bc        0x4 
 .text.ull_periph_setup
                0x00000000000012c0      0x440 zephyr/subsys/bluetooth/controller/libsubsys__bluetooth__controller.a(ull_peripheral.c.obj)
                0x00000000000012c0                ull_periph_setup
 .text.ll_create_connection
                0x0000000000001700      0x364 zephyr/subsys/bluetooth/controller/libsubsys__bluetooth__controller.a(ull_central.c.obj)
                0x0000000000001700                ll_create_connection
 *fill*         0x0000000000001a64        0x4 
 .text.ull_central_setup
                0x0000000000001a68      0x24c zephyr/subsys/bluetooth/controller/libsubsys__bluetooth__controller.a(ull_central.c.obj)
                0x0000000000001a68                ull_central_setup
 *fill*         0x0000000000001cb4        0x4 
 .text.ull_hdr_get_cb
                0x0000000000001cb8       0x70 zephyr/subsys/bluetooth/controller/libsubsys__bluetooth__controller.a(ull_sched.c.obj)
 .text.ull_sched_after_cen_slot_get
                0x0000000000001d28      0x1d4 zephyr/subsys/bluetooth/controller/libsubsys__bluetooth__controller.a(ull_sched.c.obj)
                0x0000000000001d28                ull_sched_after_cen_slot_get
 *fill*         0x0000000000001efc        0x4 
 .text.ull_sched_mfy_after_cen_offset_get
                0x0000000000001f00      0x10c zephyr/subsys/bluetooth/controller/libsubsys__bluetooth__controller.a(ull_sched.c.obj)
                0x0000000000001f00                ull_sched_mfy_after_cen_offset_get
 *fill*         0x000000000000200c        0x4 
 .text.prepare_cb
                0x0000000000002010      0x14c zephyr/subsys/bluetooth/controller/ll_sw/nordic/libsubsys__bluetooth__controller__ll_sw__nordic.a(lll_adv.c.obj)
 *fill*         0x000000000000215c        0x4 
 .text.common_prepare_cb
                0x0000000000002160      0x278 zephyr/subsys/bluetooth/controller/ll_sw/nordic/libsubsys__bluetooth__controller__ll_sw__nordic.a(lll_scan.c.obj)
 .text.isr_window
                0x00000000000023d8       0x9c zephyr/subsys/bluetooth/controller/ll_sw/nordic/libsubsys__bluetooth__controller__ll_sw__nordic.a(lll_scan.c.obj)
 *fill*         0x0000000000002474        0x4 
 .text.isr_rx   0x0000000000002478      0x4d4 zephyr/subsys/bluetooth/controller/ll_sw/nordic/libsubsys__bluetooth__controller__ll_sw__nordic.a(lll_scan.c.obj)
 *fill*         0x000000000000294c        0x4 
 .text.prepare_cb
                0x0000000000002950      0x260 zephyr/subsys/bluetooth/controller/ll_sw/nordic/libsubsys__bluetooth__controller__ll_sw__nordic.a(lll_peripheral.c.obj)
 .text.prepare_cb
                0x0000000000002bb0      0x1c0 zephyr/subsys/bluetooth/controller/ll_sw/nordic/libsubsys__bluetooth__controller__ll_sw__nordic.a(lll_central.c.obj)
 .text.write_cb
                0x0000000000002d70      0x104 app/libapp.a(main.c.obj)
                0x0000000000002d70                write_cb
 .text.read_cb  0x0000000000002e74       0x1c app/libapp.a(main.c.obj)
 .text.z_log_msg_runtime_create.constprop.0
                0x0000000000002e90       0x24 app/libapp.a(main.c.obj)
 .text.device_found
                0x0000000000002eb4       0xf4 app/libapp.a(main.c.obj)
 .text.disconnected
                0x0000000000002fa8       0x30 app/libapp.a(main.c.obj)
 .text.connected
                0x0000000000002fd8       0x2c app/libapp.a(main.c.obj)
 .text.start_scan
                0x0000000000003004       0x5c app/libapp.a(main.c.obj)
                0x0000000000003004                start_scan
 .text.main     0x0000000000003060      0x1a0 app/libapp.a(main.c.obj)
                0x0000000000003060                main
 .text.led_strip_update_rgb.constprop.0
                0x0000000000003200       0x2c app/libapp.a(led_strip.c.obj)
 .text.led_strip_init
                0x000000000000322c       0x58 app/libapp.a(led_strip.c.obj)
                0x000000000000322c                led_strip_init
 .text.led_strip_control
                0x0000000000003284      0x13c app/libapp.a(led_strip.c.obj)
                0x0000000000003284                led_strip_control
 .text.motor_on
                0x00000000000033c0       0x70 app/libapp.a(motor.c.obj)
                0x00000000000033c0                motor_on
 .text.cbvprintf_package
                0x0000000000003430      0x3a4 zephyr/libzephyr.a(cbprintf_packaged.c.obj)
                0x0000000000003430                cbvprintf_package
 .text.__printk_hook_install
                0x00000000000037d4        0xc zephyr/libzephyr.a(printk.c.obj)
                0x00000000000037d4                __printk_hook_install
 .text.z_thread_entry
                0x00000000000037e0       0x34 zephyr/libzephyr.a(thread_entry.c.obj)
                0x00000000000037e0                z_thread_entry
 .text.process_event
                0x0000000000003814      0x21c zephyr/libzephyr.a(onoff.c.obj)
 .text.z_log_init.isra.0
                0x0000000000003a30       0xd4 zephyr/libzephyr.a(log_core.c.obj)
 .text.log_format_func_t_get
                0x0000000000003b04        0xc zephyr/libzephyr.a(log_core.c.obj)
                0x0000000000003b04                log_format_func_t_get
 .text.log_set_timestamp_func
                0x0000000000003b10       0x20 zephyr/libzephyr.a(log_core.c.obj)
                0x0000000000003b10                log_set_timestamp_func
 .text.log_core_init
                0x0000000000003b30       0x4c zephyr/libzephyr.a(log_core.c.obj)
                0x0000000000003b30                log_core_init
 .text.z_impl_log_panic
                0x0000000000003b7c       0x3c zephyr/libzephyr.a(log_core.c.obj)
                0x0000000000003b7c                z_impl_log_panic
 .text.z_log_dropped
                0x0000000000003bb8       0x30 zephyr/libzephyr.a(log_core.c.obj)
                0x0000000000003bb8                z_log_dropped
 .text.z_log_msg_commit
                0x0000000000003be8       0x38 zephyr/libzephyr.a(log_core.c.obj)
                0x0000000000003be8                z_log_msg_commit
 .text.log_source_name_get
                0x0000000000003c20       0x1c zephyr/libzephyr.a(log_mgmt.c.obj)
                0x0000000000003c20                log_source_name_get
 .text.z_log_msg_runtime_vcreate
                0x0000000000003c3c       0xac zephyr/libzephyr.a(log_msg.c.obj)
                0x0000000000003c3c                z_log_msg_runtime_vcreate
 .text.log_msg_get_source_id
                0x0000000000003ce8       0x18 zephyr/libzephyr.a(log_msg.c.obj)
                0x0000000000003ce8                log_msg_get_source_id
 .text.print_formatted
                0x0000000000003d00       0x24 zephyr/libzephyr.a(log_output.c.obj)
 .text.newline_print
                0x0000000000003d24       0x1c zephyr/libzephyr.a(log_output.c.obj)
 .text.log_output_process
                0x0000000000003d40      0x2e0 zephyr/libzephyr.a(log_output.c.obj)
                0x0000000000003d40                log_output_process
 .text.log_output_timestamp_freq_set
                0x0000000000004020       0x2c zephyr/libzephyr.a(log_output.c.obj)
                0x0000000000004020                log_output_timestamp_freq_set
 .text.char_out
                0x000000000000404c       0x24 zephyr/libzephyr.a(log_backend_uart.c.obj)
 .text.mem_attr_get_regions
                0x0000000000004070        0xc zephyr/libzephyr.a(mem_attr.c.obj)
                0x0000000000004070                mem_attr_get_regions
 .text.z_arm_fatal_error
                0x000000000000407c       0xc4 zephyr/arch/arch/arm/core/libarch__arm__core.a(fatal.c.obj)
                0x000000000000407c                z_arm_fatal_error
 .text.z_SysNmiOnReset
                0x0000000000004140        0x8 zephyr/arch/arch/arm/core/libarch__arm__core.a(nmi_on_reset.S.obj)
                0x0000000000004140                z_SysNmiOnReset
 .text.arch_tls_stack_setup
                0x0000000000004148       0x40 zephyr/arch/arch/arm/core/libarch__arm__core.a(tls.c.obj)
                0x0000000000004148                arch_tls_stack_setup
 .text._HandlerModeExit
                0x0000000000004188       0x20 zephyr/arch/arch/arm/core/cortex_m/libarch__arm__core__cortex_m.a(exc_exit.c.obj)
                0x0000000000004188                z_arm_exc_exit
                0x0000000000004188                z_arm_int_exit
 .text.bus_fault.constprop.0
                0x00000000000041a8      0x13c zephyr/arch/arch/arm/core/cortex_m/libarch__arm__core__cortex_m.a(fault.c.obj)
 .text.usage_fault.constprop.0
                0x00000000000042e4      0x108 zephyr/arch/arch/arm/core/cortex_m/libarch__arm__core__cortex_m.a(fault.c.obj)
 .text.mem_manage_fault
                0x00000000000043ec      0x164 zephyr/arch/arch/arm/core/cortex_m/libarch__arm__core__cortex_m.a(fault.c.obj)
 .text.z_arm_fault
                0x0000000000004550      0x20c zephyr/arch/arch/arm/core/cortex_m/libarch__arm__core__cortex_m.a(fault.c.obj)
                0x0000000000004550                z_arm_fault
 .text.z_arm_fault_init
                0x000000000000475c       0x18 zephyr/arch/arch/arm/core/cortex_m/libarch__arm__core__cortex_m.a(fault.c.obj)
                0x000000000000475c                z_arm_fault_init
 .text.__fault  0x0000000000004774       0x14 zephyr/arch/arch/arm/core/cortex_m/libarch__arm__core__cortex_m.a(fault_s.S.obj)
                0x0000000000004774                z_arm_bus_fault
                0x0000000000004774                z_arm_usage_fault
                0x0000000000004774                z_arm_mpu_fault
                0x0000000000004774                z_arm_exc_spurious
                0x0000000000004774                z_arm_debug_monitor
                0x0000000000004774                z_arm_hard_fault
 .text._reset_section
                0x0000000000004788       0x38 zephyr/arch/arch/arm/core/cortex_m/libarch__arm__core__cortex_m.a(reset.S.obj)
                0x0000000000004788                z_arm_reset
                0x0000000000004788                __start
 .text.z_impl_k_thread_abort
                0x00000000000047c0       0x2c zephyr/arch/arch/arm/core/cortex_m/libarch__arm__core__cortex_m.a(thread_abort.c.obj)
                0x00000000000047c0                z_impl_k_thread_abort
 .text.z_arm_pendsv
                0x00000000000047ec       0x60 zephyr/arch/arch/arm/core/cortex_m/libarch__arm__core__cortex_m.a(swap_helper.S.obj)
                0x00000000000047ec                z_arm_pendsv
 .text.z_arm_svc
                0x000000000000484c       0x24 zephyr/arch/arch/arm/core/cortex_m/libarch__arm__core__cortex_m.a(swap_helper.S.obj)
                0x000000000000484c                z_arm_svc
 .text.arm_irq_enable
                0x0000000000004870       0x1c zephyr/arch/arch/arm/core/cortex_m/libarch__arm__core__cortex_m.a(irq_manage.c.obj)
                0x0000000000004870                arm_irq_enable
 .text.arm_irq_disable
                0x000000000000488c       0x28 zephyr/arch/arch/arm/core/cortex_m/libarch__arm__core__cortex_m.a(irq_manage.c.obj)
                0x000000000000488c                arm_irq_disable
 .text.arm_irq_is_enabled
                0x00000000000048b4       0x1c zephyr/arch/arch/arm/core/cortex_m/libarch__arm__core__cortex_m.a(irq_manage.c.obj)
                0x00000000000048b4                arm_irq_is_enabled
 .text.arm_irq_priority_set
                0x00000000000048d0       0x30 zephyr/arch/arch/arm/core/cortex_m/libarch__arm__core__cortex_m.a(irq_manage.c.obj)
                0x00000000000048d0                arm_irq_priority_set
 .text.relocate_vector_table
                0x0000000000004900       0x1c zephyr/arch/arch/arm/core/cortex_m/libarch__arm__core__cortex_m.a(prep_c.c.obj)
                0x0000000000004900                relocate_vector_table
 .text.z_prep_c
                0x000000000000491c       0x38 zephyr/arch/arch/arm/core/cortex_m/libarch__arm__core__cortex_m.a(prep_c.c.obj)
                0x000000000000491c                z_prep_c
 .text.arch_new_thread
                0x0000000000004954       0x38 zephyr/arch/arch/arm/core/cortex_m/libarch__arm__core__cortex_m.a(thread.c.obj)
                0x0000000000004954                arch_new_thread
 .text.z_check_thread_stack_fail
                0x000000000000498c       0x2c zephyr/arch/arch/arm/core/cortex_m/libarch__arm__core__cortex_m.a(thread.c.obj)
                0x000000000000498c                z_check_thread_stack_fail
 .text.arch_switch_to_main_thread
                0x00000000000049b8       0x3c zephyr/arch/arch/arm/core/cortex_m/libarch__arm__core__cortex_m.a(thread.c.obj)
                0x00000000000049b8                arch_switch_to_main_thread
 .text.z_arm_cpu_idle_init
                0x00000000000049f4        0xc zephyr/arch/arch/arm/core/cortex_m/libarch__arm__core__cortex_m.a(cpu_idle.c.obj)
                0x00000000000049f4                z_arm_cpu_idle_init
 .text.z_arm_interrupt_init
                0x0000000000004a00       0x18 zephyr/arch/arch/arm/core/cortex_m/libarch__arm__core__cortex_m.a(irq_init.c.obj)
                0x0000000000004a00                z_arm_interrupt_init
 .text._isr_wrapper
                0x0000000000004a18       0x24 zephyr/arch/arch/arm/core/cortex_m/libarch__arm__core__cortex_m.a(isr_wrapper.c.obj)
                0x0000000000004a18                _isr_wrapper
 .text.z_arm_configure_static_mpu_regions
                0x0000000000004a3c       0x18 zephyr/arch/arch/arm/core/mpu/libarch__arm__core__mpu.a(arm_core_mpu.c.obj)
                0x0000000000004a3c                z_arm_configure_static_mpu_regions
 .text.z_arm_configure_dynamic_mpu_regions
                0x0000000000004a54       0x20 zephyr/arch/arch/arm/core/mpu/libarch__arm__core__mpu.a(arm_core_mpu.c.obj)
                0x0000000000004a54                z_arm_configure_dynamic_mpu_regions
 .text.region_allocate_and_init
                0x0000000000004a74       0x60 zephyr/arch/arch/arm/core/mpu/libarch__arm__core__mpu.a(arm_mpu.c.obj)
 .text.mpu_configure_regions
                0x0000000000004ad4       0x74 zephyr/arch/arch/arm/core/mpu/libarch__arm__core__mpu.a(arm_mpu.c.obj)
 .text.arm_core_mpu_enable
                0x0000000000004b48       0x18 zephyr/arch/arch/arm/core/mpu/libarch__arm__core__mpu.a(arm_mpu.c.obj)
                0x0000000000004b48                arm_core_mpu_enable
 .text.arm_core_mpu_disable
                0x0000000000004b60       0x14 zephyr/arch/arch/arm/core/mpu/libarch__arm__core__mpu.a(arm_mpu.c.obj)
                0x0000000000004b60                arm_core_mpu_disable
 .text.arm_core_mpu_configure_static_mpu_regions
                0x0000000000004b74       0x14 zephyr/arch/arch/arm/core/mpu/libarch__arm__core__mpu.a(arm_mpu.c.obj)
                0x0000000000004b74                arm_core_mpu_configure_static_mpu_regions
 .text.arm_core_mpu_configure_dynamic_mpu_regions
                0x0000000000004b88       0x38 zephyr/arch/arch/arm/core/mpu/libarch__arm__core__mpu.a(arm_mpu.c.obj)
                0x0000000000004b88                arm_core_mpu_configure_dynamic_mpu_regions
 .text.z_arm_mpu_init
                0x0000000000004bc0      0x17c zephyr/arch/arch/arm/core/mpu/libarch__arm__core__mpu.a(arm_mpu.c.obj)
                0x0000000000004bc0                z_arm_mpu_init
 .text.cbvprintf
                0x0000000000004d3c       0x38 zephyr/lib/libc/picolibc/liblib__libc__picolibc.a(cbprintf.c.obj)
                0x0000000000004d3c                cbvprintf
 .text.z_impl_zephyr_fputc
                0x0000000000004d74       0x10 zephyr/lib/libc/picolibc/liblib__libc__picolibc.a(stdio.c.obj)
                0x0000000000004d74                z_impl_zephyr_fputc
 .text.__stdout_hook_install
                0x0000000000004d84       0x18 zephyr/lib/libc/picolibc/liblib__libc__picolibc.a(stdio.c.obj)
                0x0000000000004d84                __stdout_hook_install
 .text.malloc_prepare
                0x0000000000004d9c       0x24 zephyr/lib/libc/common/liblib__libc__common.a(malloc.c.obj)
 .text.net_buf_destroy
                0x0000000000004dc0       0x38 zephyr/lib/net_buf/liblib__net_buf.a(buf.c.obj)
 .text.net_buf_pool_get
                0x0000000000004df8       0x10 zephyr/lib/net_buf/liblib__net_buf.a(buf.c.obj)
                0x0000000000004df8                net_buf_pool_get
 .text.net_buf_id
                0x0000000000004e08       0x20 zephyr/lib/net_buf/liblib__net_buf.a(buf.c.obj)
                0x0000000000004e08                net_buf_id
 .text.fixed_data_alloc
                0x0000000000004e28       0x24 zephyr/lib/net_buf/liblib__net_buf.a(buf.c.obj)
 .text.net_buf_alloc_len
                0x0000000000004e4c       0xfc zephyr/lib/net_buf/liblib__net_buf.a(buf.c.obj)
                0x0000000000004e4c                net_buf_alloc_len
 .text.net_buf_unref
                0x0000000000004f48       0x38 zephyr/lib/net_buf/liblib__net_buf.a(buf.c.obj)
                0x0000000000004f48                net_buf_unref
 .text.nordicsemi_nrf52_init
                0x0000000000004f80       0x18 zephyr/soc/soc/nrf52832/libsoc__nordic.a(soc.c.obj)
 .text.arch_busy_wait
                0x0000000000004f98       0x14 zephyr/soc/soc/nrf52832/libsoc__nordic.a(soc.c.obj)
                0x0000000000004f98                arch_busy_wait
 .text.bt_hex   0x0000000000004fac       0x44 zephyr/subsys/bluetooth/common/libsubsys__bluetooth__common.a(bt_str.c.obj)
                0x0000000000004fac                bt_hex
 .text.bt_addr_le_str
                0x0000000000004ff0       0x7c zephyr/subsys/bluetooth/common/libsubsys__bluetooth__common.a(bt_str.c.obj)
                0x0000000000004ff0                bt_addr_le_str
 .text.uuid_to_uuid128
                0x000000000000506c       0x78 zephyr/subsys/bluetooth/host/libsubsys__bluetooth__host.a(uuid.c.obj)
 .text.hci_rx_pool_destroy
                0x00000000000050e4       0x20 zephyr/subsys/bluetooth/host/libsubsys__bluetooth__host.a(buf.c.obj)
 .text.bt_buf_get_rx
                0x0000000000005104       0x30 zephyr/subsys/bluetooth/host/libsubsys__bluetooth__host.a(buf.c.obj)
                0x0000000000005104                bt_buf_get_rx
 .text.bt_buf_get_evt
                0x0000000000005134       0x3c zephyr/subsys/bluetooth/host/libsubsys__bluetooth__host.a(buf.c.obj)
                0x0000000000005134                bt_buf_get_evt
 .text.hci_disconn_complete_prio
                0x0000000000005170       0x4c zephyr/subsys/bluetooth/host/libsubsys__bluetooth__host.a(hci_core.c.obj)
 .text.find_pending_connect.part.0
                0x00000000000051bc       0x2c zephyr/subsys/bluetooth/host/libsubsys__bluetooth__host.a(hci_core.c.obj)
 .text.handle_event_common
                0x00000000000051e8       0x5c zephyr/subsys/bluetooth/host/libsubsys__bluetooth__host.a(hci_core.c.obj)
 .text.hci_vendor_event
                0x0000000000005244       0x54 zephyr/subsys/bluetooth/host/libsubsys__bluetooth__host.a(hci_core.c.obj)
 .text.hci_data_buf_overflow
                0x0000000000005298       0x2c zephyr/subsys/bluetooth/host/libsubsys__bluetooth__host.a(hci_core.c.obj)
 .text.rx_queue_put
                0x00000000000052c4       0x48 zephyr/subsys/bluetooth/host/libsubsys__bluetooth__host.a(hci_core.c.obj)
 .text.handle_event
                0x000000000000530c       0x40 zephyr/subsys/bluetooth/host/libsubsys__bluetooth__host.a(hci_core.c.obj)
 .text.rx_work_handler
                0x000000000000534c      0x16c zephyr/subsys/bluetooth/host/libsubsys__bluetooth__host.a(hci_core.c.obj)
 .text.hci_le_meta_event
                0x00000000000054b8       0x20 zephyr/subsys/bluetooth/host/libsubsys__bluetooth__host.a(hci_core.c.obj)
 .text.hci_hardware_error
                0x00000000000054d8       0x30 zephyr/subsys/bluetooth/host/libsubsys__bluetooth__host.a(hci_core.c.obj)
 .text.le_phy_update_complete
                0x0000000000005508       0x3c zephyr/subsys/bluetooth/host/libsubsys__bluetooth__host.a(hci_core.c.obj)
 .text.hci_disconn_complete
                0x0000000000005544       0x8c zephyr/subsys/bluetooth/host/libsubsys__bluetooth__host.a(hci_core.c.obj)
 .text.le_remote_feat_complete
                0x00000000000055d0       0x60 zephyr/subsys/bluetooth/host/libsubsys__bluetooth__host.a(hci_core.c.obj)
 .text.hci_cmd_done
                0x0000000000005630      0x154 zephyr/subsys/bluetooth/host/libsubsys__bluetooth__host.a(hci_core.c.obj)
 .text.hci_num_completed_packets
                0x0000000000005784       0xfc zephyr/subsys/bluetooth/host/libsubsys__bluetooth__host.a(hci_core.c.obj)
 .text.le_conn_update_complete
                0x0000000000005880      0x14c zephyr/subsys/bluetooth/host/libsubsys__bluetooth__host.a(hci_core.c.obj)
 .text.hci_reset_complete
                0x00000000000059cc       0x30 zephyr/subsys/bluetooth/host/libsubsys__bluetooth__host.a(hci_core.c.obj)
 .text.bt_hci_cmd_state_set_init
                0x00000000000059fc       0x24 zephyr/subsys/bluetooth/host/libsubsys__bluetooth__host.a(hci_core.c.obj)
                0x00000000000059fc                bt_hci_cmd_state_set_init
 .text.bt_hci_cmd_alloc
                0x0000000000005a20       0x50 zephyr/subsys/bluetooth/host/libsubsys__bluetooth__host.a(hci_core.c.obj)
                0x0000000000005a20                bt_hci_cmd_alloc
 .text.bt_hci_get_ver_str
                0x0000000000005a70       0x3c zephyr/subsys/bluetooth/host/libsubsys__bluetooth__host.a(hci_core.c.obj)
                0x0000000000005a70                bt_hci_get_ver_str
 .text.bt_send  0x0000000000005aac       0x14 zephyr/subsys/bluetooth/host/libsubsys__bluetooth__host.a(hci_core.c.obj)
                0x0000000000005aac                bt_send
 .text.hci_event_prio
                0x0000000000005ac0       0xb8 zephyr/subsys/bluetooth/host/libsubsys__bluetooth__host.a(hci_core.c.obj)
                0x0000000000005ac0                hci_event_prio
 .text.bt_hci_recv
                0x0000000000005b78       0x6c zephyr/subsys/bluetooth/host/libsubsys__bluetooth__host.a(hci_core.c.obj)
                0x0000000000005b78                bt_hci_recv
 .text.bt_finalize_init
                0x0000000000005be4      0x118 zephyr/subsys/bluetooth/host/libsubsys__bluetooth__host.a(hci_core.c.obj)
                0x0000000000005be4                bt_finalize_init
 .text.bt_get_name
                0x0000000000005cfc        0x8 zephyr/subsys/bluetooth/host/libsubsys__bluetooth__host.a(hci_core.c.obj)
                0x0000000000005cfc                bt_get_name
 .text.bt_tx_irq_raise
                0x0000000000005d04        0xc zephyr/subsys/bluetooth/host/libsubsys__bluetooth__host.a(hci_core.c.obj)
                0x0000000000005d04                bt_tx_irq_raise
 .text.bt_hci_cmd_send
                0x0000000000005d10       0xa8 zephyr/subsys/bluetooth/host/libsubsys__bluetooth__host.a(hci_core.c.obj)
                0x0000000000005d10                bt_hci_cmd_send
 .text.le_conn_param_neg_reply
                0x0000000000005db8       0x50 zephyr/subsys/bluetooth/host/libsubsys__bluetooth__host.a(hci_core.c.obj)
 .text.le_conn_param_req
                0x0000000000005e08       0xcc zephyr/subsys/bluetooth/host/libsubsys__bluetooth__host.a(hci_core.c.obj)
 .text.process_pending_cmd
                0x0000000000005ed4       0xec zephyr/subsys/bluetooth/host/libsubsys__bluetooth__host.a(hci_core.c.obj)
 .text.bt_hci_cmd_send_sync
                0x0000000000005fc0      0x1a4 zephyr/subsys/bluetooth/host/libsubsys__bluetooth__host.a(hci_core.c.obj)
                0x0000000000005fc0                bt_hci_cmd_send_sync
 .text.bt_init  0x0000000000006164      0x448 zephyr/subsys/bluetooth/host/libsubsys__bluetooth__host.a(hci_core.c.obj)
 .text.init_work
                0x00000000000065ac       0x18 zephyr/subsys/bluetooth/host/libsubsys__bluetooth__host.a(hci_core.c.obj)
 .text.bt_enable
                0x00000000000065c4       0xe4 zephyr/subsys/bluetooth/host/libsubsys__bluetooth__host.a(hci_core.c.obj)
                0x00000000000065c4                bt_enable
 .text.bt_le_create_conn_legacy
                0x00000000000066a8       0xa0 zephyr/subsys/bluetooth/host/libsubsys__bluetooth__host.a(hci_core.c.obj)
 .text.enh_conn_complete_error_handle
                0x0000000000006748      0x134 zephyr/subsys/bluetooth/host/libsubsys__bluetooth__host.a(hci_core.c.obj)
 .text.bt_le_create_conn_cancel
                0x000000000000687c       0x3c zephyr/subsys/bluetooth/host/libsubsys__bluetooth__host.a(hci_core.c.obj)
                0x000000000000687c                bt_le_create_conn_cancel
 .text.bt_hci_le_enh_conn_complete
                0x00000000000068b8      0x1d4 zephyr/subsys/bluetooth/host/libsubsys__bluetooth__host.a(hci_core.c.obj)
                0x00000000000068b8                bt_hci_le_enh_conn_complete
 .text.le_legacy_conn_complete
                0x0000000000006a8c       0x74 zephyr/subsys/bluetooth/host/libsubsys__bluetooth__host.a(hci_core.c.obj)
 .text.bt_disable
                0x0000000000006b00       0xf4 zephyr/subsys/bluetooth/host/libsubsys__bluetooth__host.a(hci_core.c.obj)
                0x0000000000006b00                bt_disable
 .text.hci_cmd_status
                0x0000000000006bf4       0x30 zephyr/subsys/bluetooth/host/libsubsys__bluetooth__host.a(hci_core.c.obj)
 .text.hci_cmd_complete
                0x0000000000006c24       0x68 zephyr/subsys/bluetooth/host/libsubsys__bluetooth__host.a(hci_core.c.obj)
 .text.bt_hci_evt_create
                0x0000000000006c8c       0x50 zephyr/subsys/bluetooth/host/libsubsys__bluetooth__host.a(hci_common.c.obj)
                0x0000000000006c8c                bt_hci_evt_create
 .text.id_find  0x0000000000006cdc       0x30 zephyr/subsys/bluetooth/host/libsubsys__bluetooth__host.a(id.c.obj)
 .text.set_random_address
                0x0000000000006d0c       0x84 zephyr/subsys/bluetooth/host/libsubsys__bluetooth__host.a(id.c.obj)
 .text.id_create.constprop.0
                0x0000000000006d90       0x74 zephyr/subsys/bluetooth/host/libsubsys__bluetooth__host.a(id.c.obj)
 .text.bt_id_adv_random_addr_check
                0x0000000000006e04       0x20 zephyr/subsys/bluetooth/host/libsubsys__bluetooth__host.a(id.c.obj)
                0x0000000000006e04                bt_id_adv_random_addr_check
 .text.bt_id_create
                0x0000000000006e24       0xa4 zephyr/subsys/bluetooth/host/libsubsys__bluetooth__host.a(id.c.obj)
                0x0000000000006e24                bt_id_create
 .text.bt_id_read_public_addr
                0x0000000000006ec8       0xa0 zephyr/subsys/bluetooth/host/libsubsys__bluetooth__host.a(id.c.obj)
                0x0000000000006ec8                bt_id_read_public_addr
 .text.bt_setup_public_id_addr
                0x0000000000006f68       0x20 zephyr/subsys/bluetooth/host/libsubsys__bluetooth__host.a(id.c.obj)
                0x0000000000006f68                bt_setup_public_id_addr
 .text.bt_setup_random_id_addr
                0x0000000000006f88       0xe0 zephyr/subsys/bluetooth/host/libsubsys__bluetooth__host.a(id.c.obj)
                0x0000000000006f88                bt_setup_random_id_addr
 .text.bt_id_set_create_conn_own_addr
                0x0000000000007068       0x2c zephyr/subsys/bluetooth/host/libsubsys__bluetooth__host.a(id.c.obj)
                0x0000000000007068                bt_id_set_create_conn_own_addr
 .text.bt_id_set_scan_own_addr
                0x0000000000007094       0x60 zephyr/subsys/bluetooth/host/libsubsys__bluetooth__host.a(id.c.obj)
                0x0000000000007094                bt_id_set_scan_own_addr
 .text.bt_id_set_adv_own_addr
                0x00000000000070f4      0x128 zephyr/subsys/bluetooth/host/libsubsys__bluetooth__host.a(id.c.obj)
                0x00000000000070f4                bt_id_set_adv_own_addr
 .text.bt_id_init
                0x000000000000721c       0x60 zephyr/subsys/bluetooth/host/libsubsys__bluetooth__host.a(id.c.obj)
                0x000000000000721c                bt_id_init
 .text.hci_set_ad
                0x000000000000727c       0xe4 zephyr/subsys/bluetooth/host/libsubsys__bluetooth__host.a(adv.c.obj)
 .text.valid_adv_param
                0x0000000000007360       0x84 zephyr/subsys/bluetooth/host/libsubsys__bluetooth__host.a(adv.c.obj)
 .text.adv_is_directed
                0x00000000000073e4       0x18 zephyr/subsys/bluetooth/host/libsubsys__bluetooth__host.a(adv.c.obj)
 .text.le_adv_start_add_conn
                0x00000000000073fc       0x60 zephyr/subsys/bluetooth/host/libsubsys__bluetooth__host.a(adv.c.obj)
 .text.bt_adv_reset_adv_pool
                0x000000000000745c       0x10 zephyr/subsys/bluetooth/host/libsubsys__bluetooth__host.a(adv.c.obj)
                0x000000000000745c                bt_adv_reset_adv_pool
 .text.bt_le_adv_lookup_legacy
                0x000000000000746c        0x8 zephyr/subsys/bluetooth/host/libsubsys__bluetooth__host.a(adv.c.obj)
                0x000000000000746c                bt_le_adv_lookup_legacy
 .text.bt_le_adv_start_legacy
                0x0000000000007474      0x284 zephyr/subsys/bluetooth/host/libsubsys__bluetooth__host.a(adv.c.obj)
                0x0000000000007474                bt_le_adv_start_legacy
 .text.bt_le_adv_start
                0x00000000000076f8       0x64 zephyr/subsys/bluetooth/host/libsubsys__bluetooth__host.a(adv.c.obj)
                0x00000000000076f8                bt_le_adv_start
 .text.bt_le_adv_stop
                0x000000000000775c       0x98 zephyr/subsys/bluetooth/host/libsubsys__bluetooth__host.a(adv.c.obj)
                0x000000000000775c                bt_le_adv_stop
 .text.adv_timeout
                0x00000000000077f4       0x2c zephyr/subsys/bluetooth/host/libsubsys__bluetooth__host.a(adv.c.obj)
 .text.bt_le_adv_resume
                0x0000000000007820      0x120 zephyr/subsys/bluetooth/host/libsubsys__bluetooth__host.a(adv.c.obj)
                0x0000000000007820                bt_le_adv_resume
 .text.cmd_le_set_scan_enable_legacy
                0x0000000000007940       0x4c zephyr/subsys/bluetooth/host/libsubsys__bluetooth__host.a(scan.c.obj)
 .text.scan_check_if_state_allowed
                0x000000000000798c       0x3c zephyr/subsys/bluetooth/host/libsubsys__bluetooth__host.a(scan.c.obj)
 .text.atomic_clear_bit.constprop.0
                0x00000000000079c8       0x30 zephyr/subsys/bluetooth/host/libsubsys__bluetooth__host.a(scan.c.obj)
 .text.scan_update
                0x00000000000079f8      0x194 zephyr/subsys/bluetooth/host/libsubsys__bluetooth__host.a(scan.c.obj)
 .text.bt_scan_reset
                0x0000000000007b8c       0x30 zephyr/subsys/bluetooth/host/libsubsys__bluetooth__host.a(scan.c.obj)
                0x0000000000007b8c                bt_scan_reset
 .text.bt_le_scan_set_enable
                0x0000000000007bbc       0x18 zephyr/subsys/bluetooth/host/libsubsys__bluetooth__host.a(scan.c.obj)
                0x0000000000007bbc                bt_le_scan_set_enable
 .text.bt_le_scan_user_add
                0x0000000000007bd4       0x54 zephyr/subsys/bluetooth/host/libsubsys__bluetooth__host.a(scan.c.obj)
                0x0000000000007bd4                bt_le_scan_user_add
 .text.bt_hci_le_adv_report
                0x0000000000007c28      0x230 zephyr/subsys/bluetooth/host/libsubsys__bluetooth__host.a(scan.c.obj)
                0x0000000000007c28                bt_hci_le_adv_report
 .text.bt_le_scan_start
                0x0000000000007e58       0xa0 zephyr/subsys/bluetooth/host/libsubsys__bluetooth__host.a(scan.c.obj)
                0x0000000000007e58                bt_le_scan_start
 .text.bt_le_scan_stop
                0x0000000000007ef8       0x10 zephyr/subsys/bluetooth/host/libsubsys__bluetooth__host.a(scan.c.obj)
                0x0000000000007ef8                bt_le_scan_stop
 .text.notify_connected
                0x0000000000007f08       0x40 zephyr/subsys/bluetooth/host/libsubsys__bluetooth__host.a(conn.c.obj)
 .text.frag_destroy
                0x0000000000007f48       0x20 zephyr/subsys/bluetooth/host/libsubsys__bluetooth__host.a(conn.c.obj)
                0x0000000000007f48                frag_destroy
 .text.conn_tx_destroy
                0x0000000000007f68       0x2c zephyr/subsys/bluetooth/host/libsubsys__bluetooth__host.a(conn.c.obj)
 .text.recycled_work_handler
                0x0000000000007f94       0x54 zephyr/subsys/bluetooth/host/libsubsys__bluetooth__host.a(conn.c.obj)
 .text.tx_notify_process
                0x0000000000007fe8       0x60 zephyr/subsys/bluetooth/host/libsubsys__bluetooth__host.a(conn.c.obj)
 .text.perform_auto_initiated_procedures
                0x0000000000008048       0xa4 zephyr/subsys/bluetooth/host/libsubsys__bluetooth__host.a(conn.c.obj)
 .text.bt_conn_get_pkts
                0x00000000000080ec       0x18 zephyr/subsys/bluetooth/host/libsubsys__bluetooth__host.a(conn.c.obj)
                0x00000000000080ec                bt_conn_get_pkts
 .text.bt_conn_tx_notify
                0x0000000000008104       0x48 zephyr/subsys/bluetooth/host/libsubsys__bluetooth__host.a(conn.c.obj)
                0x0000000000008104                bt_conn_tx_notify
 .text.bt_conn_new
                0x000000000000814c       0x64 zephyr/subsys/bluetooth/host/libsubsys__bluetooth__host.a(conn.c.obj)
                0x000000000000814c                bt_conn_new
 .text.bt_conn_recv
                0x00000000000081b0      0x134 zephyr/subsys/bluetooth/host/libsubsys__bluetooth__host.a(conn.c.obj)
                0x00000000000081b0                bt_conn_recv
 .text.bt_conn_data_ready
                0x00000000000082e4       0x54 zephyr/subsys/bluetooth/host/libsubsys__bluetooth__host.a(conn.c.obj)
                0x00000000000082e4                bt_conn_data_ready
 .text.get_conn_ready
                0x0000000000008338      0x104 zephyr/subsys/bluetooth/host/libsubsys__bluetooth__host.a(conn.c.obj)
                0x0000000000008338                get_conn_ready
 .text.bt_conn_unref
                0x000000000000843c       0x54 zephyr/subsys/bluetooth/host/libsubsys__bluetooth__host.a(conn.c.obj)
                0x000000000000843c                bt_conn_unref
 .text.bt_conn_set_state
                0x0000000000008490      0x210 zephyr/subsys/bluetooth/host/libsubsys__bluetooth__host.a(conn.c.obj)
                0x0000000000008490                bt_conn_set_state
 .text.bt_conn_lookup_handle
                0x00000000000086a0       0x4c zephyr/subsys/bluetooth/host/libsubsys__bluetooth__host.a(conn.c.obj)
                0x00000000000086a0                bt_conn_lookup_handle
 .text.bt_conn_foreach
                0x00000000000086ec       0x30 zephyr/subsys/bluetooth/host/libsubsys__bluetooth__host.a(conn.c.obj)
                0x00000000000086ec                bt_conn_foreach
 .text.bt_conn_cleanup_all
                0x000000000000871c       0x10 zephyr/subsys/bluetooth/host/libsubsys__bluetooth__host.a(conn.c.obj)
                0x000000000000871c                bt_conn_cleanup_all
 .text.auto_initiated_procedures
                0x000000000000872c       0x10 zephyr/subsys/bluetooth/host/libsubsys__bluetooth__host.a(conn.c.obj)
 .text.bt_conn_index
                0x000000000000873c       0x18 zephyr/subsys/bluetooth/host/libsubsys__bluetooth__host.a(conn.c.obj)
                0x000000000000873c                bt_conn_index
 .text.bt_conn_create_pdu_timeout
                0x0000000000008754       0x84 zephyr/subsys/bluetooth/host/libsubsys__bluetooth__host.a(conn.c.obj)
                0x0000000000008754                bt_conn_create_pdu_timeout
 .text.bt_conn_connected
                0x00000000000087d8       0x20 zephyr/subsys/bluetooth/host/libsubsys__bluetooth__host.a(conn.c.obj)
                0x00000000000087d8                bt_conn_connected
 .text.bt_conn_tx_processor
                0x00000000000087f8      0x258 zephyr/subsys/bluetooth/host/libsubsys__bluetooth__host.a(conn.c.obj)
                0x00000000000087f8                bt_conn_tx_processor
 .text.notify_le_param_updated
                0x0000000000008a50       0x94 zephyr/subsys/bluetooth/host/libsubsys__bluetooth__host.a(conn.c.obj)
                0x0000000000008a50                notify_le_param_updated
 .text.le_param_req
                0x0000000000008ae4       0x78 zephyr/subsys/bluetooth/host/libsubsys__bluetooth__host.a(conn.c.obj)
                0x0000000000008ae4                le_param_req
 .text.bt_conn_add_le
                0x0000000000008b5c       0x54 zephyr/subsys/bluetooth/host/libsubsys__bluetooth__host.a(conn.c.obj)
                0x0000000000008b5c                bt_conn_add_le
 .text.bt_conn_lookup_addr_le
                0x0000000000008bb0       0x34 zephyr/subsys/bluetooth/host/libsubsys__bluetooth__host.a(conn.c.obj)
                0x0000000000008bb0                bt_conn_lookup_addr_le
 .text.bt_conn_exists_le
                0x0000000000008be4       0x58 zephyr/subsys/bluetooth/host/libsubsys__bluetooth__host.a(conn.c.obj)
                0x0000000000008be4                bt_conn_exists_le
 .text.bt_conn_lookup_state_le
                0x0000000000008c3c       0x44 zephyr/subsys/bluetooth/host/libsubsys__bluetooth__host.a(conn.c.obj)
                0x0000000000008c3c                bt_conn_lookup_state_le
 .text.send_conn_le_param_update
                0x0000000000008c80       0x68 zephyr/subsys/bluetooth/host/libsubsys__bluetooth__host.a(conn.c.obj)
 .text.deferred_work
                0x0000000000008ce8      0x140 zephyr/subsys/bluetooth/host/libsubsys__bluetooth__host.a(conn.c.obj)
 .text.bt_conn_init
                0x0000000000008e28       0x6c zephyr/subsys/bluetooth/host/libsubsys__bluetooth__host.a(conn.c.obj)
                0x0000000000008e28                bt_conn_init
 .text.l2cap_accept
                0x0000000000008e94       0x40 zephyr/subsys/bluetooth/host/libsubsys__bluetooth__host.a(l2cap.c.obj)
 .text.bt_l2cap_connected
                0x0000000000008ed4       0xa8 zephyr/subsys/bluetooth/host/libsubsys__bluetooth__host.a(l2cap.c.obj)
                0x0000000000008ed4                bt_l2cap_connected
 .text.bt_l2cap_create_pdu_timeout
                0x0000000000008f7c       0x34 zephyr/subsys/bluetooth/host/libsubsys__bluetooth__host.a(l2cap.c.obj)
                0x0000000000008f7c                bt_l2cap_create_pdu_timeout
 .text.l2cap_create_le_sig_pdu
                0x0000000000008fb0       0x50 zephyr/subsys/bluetooth/host/libsubsys__bluetooth__host.a(l2cap.c.obj)
 .text.bt_l2cap_send_pdu
                0x0000000000009000       0x60 zephyr/subsys/bluetooth/host/libsubsys__bluetooth__host.a(l2cap.c.obj)
                0x0000000000009000                bt_l2cap_send_pdu
 .text.l2cap_data_pull
                0x0000000000009060       0xf8 zephyr/subsys/bluetooth/host/libsubsys__bluetooth__host.a(l2cap.c.obj)
                0x0000000000009060                l2cap_data_pull
 .text.l2cap_recv
                0x0000000000009158      0x18c zephyr/subsys/bluetooth/host/libsubsys__bluetooth__host.a(l2cap.c.obj)
 .text.bt_l2cap_recv
                0x00000000000092e4       0x70 zephyr/subsys/bluetooth/host/libsubsys__bluetooth__host.a(l2cap.c.obj)
                0x00000000000092e4                bt_l2cap_recv
 .text.bt_l2cap_update_conn_param
                0x0000000000009354       0x50 zephyr/subsys/bluetooth/host/libsubsys__bluetooth__host.a(l2cap.c.obj)
                0x0000000000009354                bt_l2cap_update_conn_param
 .text.att_op_get_type
                0x00000000000093a4       0x74 zephyr/subsys/bluetooth/host/libsubsys__bluetooth__host.a(att.c.obj)
 .text.bt_att_released
                0x0000000000009418        0xc zephyr/subsys/bluetooth/host/libsubsys__bluetooth__host.a(att.c.obj)
 .text.bt_att_chan_create_pdu
                0x0000000000009424       0xd4 zephyr/subsys/bluetooth/host/libsubsys__bluetooth__host.a(att.c.obj)
 .text.find_type_cb
                0x00000000000094f8      0x174 zephyr/subsys/bluetooth/host/libsubsys__bluetooth__host.a(att.c.obj)
 .text.bt_att_connected
                0x000000000000966c       0x40 zephyr/subsys/bluetooth/host/libsubsys__bluetooth__host.a(att.c.obj)
 .text.bt_addr_le_to_str.constprop.0.isra.0
                0x00000000000096ac       0x78 zephyr/subsys/bluetooth/host/libsubsys__bluetooth__host.a(att.c.obj)
 .text.read_group_cb
                0x0000000000009724       0xb8 zephyr/subsys/bluetooth/host/libsubsys__bluetooth__host.a(att.c.obj)
 .text.bt_att_accept
                0x00000000000097dc      0x100 zephyr/subsys/bluetooth/host/libsubsys__bluetooth__host.a(att.c.obj)
 .text.read_type_cb
                0x00000000000098dc       0xac zephyr/subsys/bluetooth/host/libsubsys__bluetooth__host.a(att.c.obj)
 .text.chan_send
                0x0000000000009988      0x108 zephyr/subsys/bluetooth/host/libsubsys__bluetooth__host.a(att.c.obj)
 .text.att_tx_destroy
                0x0000000000009a90      0x130 zephyr/subsys/bluetooth/host/libsubsys__bluetooth__host.a(att.c.obj)
 .text.bt_att_recv
                0x0000000000009bc0       0xec zephyr/subsys/bluetooth/host/libsubsys__bluetooth__host.a(att.c.obj)
 .text.att_write_rsp.constprop.0
                0x0000000000009cac       0xc0 zephyr/subsys/bluetooth/host/libsubsys__bluetooth__host.a(att.c.obj)
 .text.att_get  0x0000000000009d6c       0x70 zephyr/subsys/bluetooth/host/libsubsys__bluetooth__host.a(att.c.obj)
 .text.bt_att_create_pdu
                0x0000000000009ddc       0x74 zephyr/subsys/bluetooth/host/libsubsys__bluetooth__host.a(att.c.obj)
                0x0000000000009ddc                bt_att_create_pdu
 .text.bt_att_create_rsp_pdu
                0x0000000000009e50       0x6c zephyr/subsys/bluetooth/host/libsubsys__bluetooth__host.a(att.c.obj)
                0x0000000000009e50                bt_att_create_rsp_pdu
 .text.att_read_group_req
                0x0000000000009ebc       0xf0 zephyr/subsys/bluetooth/host/libsubsys__bluetooth__host.a(att.c.obj)
 .text.att_read_mult_vl_req
                0x0000000000009fac       0x9c zephyr/subsys/bluetooth/host/libsubsys__bluetooth__host.a(att.c.obj)
 .text.att_read_mult_req
                0x000000000000a048       0x9c zephyr/subsys/bluetooth/host/libsubsys__bluetooth__host.a(att.c.obj)
 .text.att_read_rsp
                0x000000000000a0e4       0x90 zephyr/subsys/bluetooth/host/libsubsys__bluetooth__host.a(att.c.obj)
 .text.att_read_type_req
                0x000000000000a174      0x114 zephyr/subsys/bluetooth/host/libsubsys__bluetooth__host.a(att.c.obj)
 .text.att_find_type_req
                0x000000000000a288       0xc0 zephyr/subsys/bluetooth/host/libsubsys__bluetooth__host.a(att.c.obj)
 .text.att_find_info_req
                0x000000000000a348       0x6c zephyr/subsys/bluetooth/host/libsubsys__bluetooth__host.a(att.c.obj)
 .text.bt_att_req_alloc
                0x000000000000a3b4       0x5c zephyr/subsys/bluetooth/host/libsubsys__bluetooth__host.a(att.c.obj)
                0x000000000000a3b4                bt_att_req_alloc
 .text.bt_att_req_free
                0x000000000000a410       0x20 zephyr/subsys/bluetooth/host/libsubsys__bluetooth__host.a(att.c.obj)
                0x000000000000a410                bt_att_req_free
 .text.att_handle_rsp
                0x000000000000a430       0x8c zephyr/subsys/bluetooth/host/libsubsys__bluetooth__host.a(att.c.obj)
 .text.bt_att_disconnected
                0x000000000000a4bc       0xc8 zephyr/subsys/bluetooth/host/libsubsys__bluetooth__host.a(att.c.obj)
 .text.att_disconnect
                0x000000000000a584       0x4c zephyr/subsys/bluetooth/host/libsubsys__bluetooth__host.a(att.c.obj)
 .text.att_timeout
                0x000000000000a5d0       0x40 zephyr/subsys/bluetooth/host/libsubsys__bluetooth__host.a(att.c.obj)
 .text.bt_att_set_tx_meta_data
                0x000000000000a610       0x24 zephyr/subsys/bluetooth/host/libsubsys__bluetooth__host.a(att.c.obj)
                0x000000000000a610                bt_att_set_tx_meta_data
 .text.find_sc_cfg
                0x000000000000a634       0x24 zephyr/subsys/bluetooth/host/libsubsys__bluetooth__host.a(gatt.c.obj)
 .text.bt_gatt_attr_read.part.0
                0x000000000000a658       0x2c zephyr/subsys/bluetooth/host/libsubsys__bluetooth__host.a(gatt.c.obj)
 .text.read_ppcp
                0x000000000000a684       0x28 zephyr/subsys/bluetooth/host/libsubsys__bluetooth__host.a(gatt.c.obj)
 .text.sc_save  0x000000000000a6ac       0x6c zephyr/subsys/bluetooth/host/libsubsys__bluetooth__host.a(gatt.c.obj)
 .text.sc_indicate_rsp
                0x000000000000a718       0x38 zephyr/subsys/bluetooth/host/libsubsys__bluetooth__host.a(gatt.c.obj)
 .text.disconnected_cb
                0x000000000000a750       0xb4 zephyr/subsys/bluetooth/host/libsubsys__bluetooth__host.a(gatt.c.obj)
 .text.find_ccc_cfg
                0x000000000000a804       0x2c zephyr/subsys/bluetooth/host/libsubsys__bluetooth__host.a(gatt.c.obj)
 .text.bt_gatt_attr_write_ccc
                0x000000000000a830       0xdc zephyr/subsys/bluetooth/host/libsubsys__bluetooth__host.a(gatt.c.obj)
                0x000000000000a830                bt_gatt_attr_write_ccc
 .text.bt_gatt_init
                0x000000000000a90c       0x80 zephyr/subsys/bluetooth/host/libsubsys__bluetooth__host.a(gatt.c.obj)
                0x000000000000a90c                bt_gatt_init
 .text.bt_gatt_attr_get_handle
                0x000000000000a98c       0x60 zephyr/subsys/bluetooth/host/libsubsys__bluetooth__host.a(gatt.c.obj)
                0x000000000000a98c                bt_gatt_attr_get_handle
 .text.bt_gatt_foreach_attr_type
                0x000000000000a9ec       0xb4 zephyr/subsys/bluetooth/host/libsubsys__bluetooth__host.a(gatt.c.obj)
                0x000000000000a9ec                bt_gatt_foreach_attr_type
 .text.bt_gatt_attr_next
                0x000000000000aaa0       0x24 zephyr/subsys/bluetooth/host/libsubsys__bluetooth__host.a(gatt.c.obj)
                0x000000000000aaa0                bt_gatt_attr_next
 .text.bt_gatt_is_subscribed
                0x000000000000aac4      0x188 zephyr/subsys/bluetooth/host/libsubsys__bluetooth__host.a(gatt.c.obj)
                0x000000000000aac4                bt_gatt_is_subscribed
 .text.gatt_indicate
                0x000000000000ac4c       0xec zephyr/subsys/bluetooth/host/libsubsys__bluetooth__host.a(gatt.c.obj)
 .text.bt_gatt_indicate
                0x000000000000ad38       0xf4 zephyr/subsys/bluetooth/host/libsubsys__bluetooth__host.a(gatt.c.obj)
                0x000000000000ad38                bt_gatt_indicate
 .text.sc_process
                0x000000000000ae2c       0x78 zephyr/subsys/bluetooth/host/libsubsys__bluetooth__host.a(gatt.c.obj)
 .text.update_ccc
                0x000000000000aea4       0xf8 zephyr/subsys/bluetooth/host/libsubsys__bluetooth__host.a(gatt.c.obj)
 .text.gatt_notify
                0x000000000000af9c       0xb8 zephyr/subsys/bluetooth/host/libsubsys__bluetooth__host.a(gatt.c.obj)
 .text.notify_cb
                0x000000000000b054      0x124 zephyr/subsys/bluetooth/host/libsubsys__bluetooth__host.a(gatt.c.obj)
 .text.bt_gatt_connected
                0x000000000000b178       0x20 zephyr/subsys/bluetooth/host/libsubsys__bluetooth__host.a(gatt.c.obj)
                0x000000000000b178                bt_gatt_connected
 .text.bt_gatt_att_max_mtu_changed
                0x000000000000b198       0x28 zephyr/subsys/bluetooth/host/libsubsys__bluetooth__host.a(gatt.c.obj)
                0x000000000000b198                bt_gatt_att_max_mtu_changed
 .text.bt_gatt_disconnected
                0x000000000000b1c0       0x14 zephyr/subsys/bluetooth/host/libsubsys__bluetooth__host.a(gatt.c.obj)
                0x000000000000b1c0                bt_gatt_disconnected
 .text.z_log_msg_runtime_create.constprop.0
                0x000000000000b1d4       0x24 zephyr/subsys/bluetooth/host/libsubsys__bluetooth__host.a(smp_null.c.obj)
 .text.bt_smp_accept
                0x000000000000b1f8       0x40 zephyr/subsys/bluetooth/host/libsubsys__bluetooth__host.a(smp_null.c.obj)
 .text.mem_init
                0x000000000000b238       0x48 zephyr/subsys/bluetooth/controller/libsubsys__bluetooth__controller.a(mem.c.obj)
                0x000000000000b238                mem_init
 .text.mem_acquire
                0x000000000000b280       0x2c zephyr/subsys/bluetooth/controller/libsubsys__bluetooth__controller.a(mem.c.obj)
                0x000000000000b280                mem_acquire
 .text.mem_release
                0x000000000000b2ac       0x28 zephyr/subsys/bluetooth/controller/libsubsys__bluetooth__controller.a(mem.c.obj)
                0x000000000000b2ac                mem_release
 .text.mem_get  0x000000000000b2d4        0x8 zephyr/subsys/bluetooth/controller/libsubsys__bluetooth__controller.a(mem.c.obj)
                0x000000000000b2d4                mem_get
 .text.mem_index_get
                0x000000000000b2dc        0xc zephyr/subsys/bluetooth/controller/libsubsys__bluetooth__controller.a(mem.c.obj)
                0x000000000000b2dc                mem_index_get
 .text.mem_rcopy
                0x000000000000b2e8       0x1c zephyr/subsys/bluetooth/controller/libsubsys__bluetooth__controller.a(mem.c.obj)
                0x000000000000b2e8                mem_rcopy
 .text.mem_nz   0x000000000000b304       0x18 zephyr/subsys/bluetooth/controller/libsubsys__bluetooth__controller.a(mem.c.obj)
                0x000000000000b304                mem_nz
 .text.memq_init
                0x000000000000b31c        0x8 zephyr/subsys/bluetooth/controller/libsubsys__bluetooth__controller.a(memq.c.obj)
                0x000000000000b31c                memq_init
 .text.memq_deinit
                0x000000000000b324       0x14 zephyr/subsys/bluetooth/controller/libsubsys__bluetooth__controller.a(memq.c.obj)
                0x000000000000b324                memq_deinit
 .text.memq_enqueue
                0x000000000000b338       0x14 zephyr/subsys/bluetooth/controller/libsubsys__bluetooth__controller.a(memq.c.obj)
                0x000000000000b338                memq_enqueue
 .text.memq_peek
                0x000000000000b34c       0x10 zephyr/subsys/bluetooth/controller/libsubsys__bluetooth__controller.a(memq.c.obj)
                0x000000000000b34c                memq_peek
 .text.memq_dequeue
                0x000000000000b35c       0x20 zephyr/subsys/bluetooth/controller/libsubsys__bluetooth__controller.a(memq.c.obj)
                0x000000000000b35c                memq_dequeue
 .text.mayfly_init
                0x000000000000b37c       0x40 zephyr/subsys/bluetooth/controller/libsubsys__bluetooth__controller.a(mayfly.c.obj)
                0x000000000000b37c                mayfly_init
 .text.mayfly_enable
                0x000000000000b3bc       0x68 zephyr/subsys/bluetooth/controller/libsubsys__bluetooth__controller.a(mayfly.c.obj)
                0x000000000000b3bc                mayfly_enable
 .text.mayfly_enqueue
                0x000000000000b424       0xbc zephyr/subsys/bluetooth/controller/libsubsys__bluetooth__controller.a(mayfly.c.obj)
                0x000000000000b424                mayfly_enqueue
 .text.mayfly_run
                0x000000000000b4e0      0x174 zephyr/subsys/bluetooth/controller/libsubsys__bluetooth__controller.a(mayfly.c.obj)
                0x000000000000b4e0                mayfly_run
 .text.util_ones_count_get
                0x000000000000b654       0x28 zephyr/subsys/bluetooth/controller/libsubsys__bluetooth__controller.a(util.c.obj)
                0x000000000000b654                util_ones_count_get
 .text.util_aa_le32
                0x000000000000b67c      0x14c zephyr/subsys/bluetooth/controller/libsubsys__bluetooth__controller.a(util.c.obj)
                0x000000000000b67c                util_aa_le32
 .text.ticker_dequeue
                0x000000000000b7c8       0x74 zephyr/subsys/bluetooth/controller/libsubsys__bluetooth__controller.a(ticker.c.obj)
 .text.ticks_to_expire_prep
                0x000000000000b83c       0x48 zephyr/subsys/bluetooth/controller/libsubsys__bluetooth__controller.a(ticker.c.obj)
 .text.start_us.constprop.0
                0x000000000000b884       0xac zephyr/subsys/bluetooth/controller/libsubsys__bluetooth__controller.a(ticker.c.obj)
 .text.ticker_job_list_insert
                0x000000000000b930      0x214 zephyr/subsys/bluetooth/controller/libsubsys__bluetooth__controller.a(ticker.c.obj)
 .text.ticker_worker
                0x000000000000bb44      0x388 zephyr/subsys/bluetooth/controller/libsubsys__bluetooth__controller.a(ticker.c.obj)
                0x000000000000bb44                ticker_worker
 .text.ticker_job
                0x000000000000becc      0xb7c zephyr/subsys/bluetooth/controller/libsubsys__bluetooth__controller.a(ticker.c.obj)
                0x000000000000becc                ticker_job
 .text.ticker_init
                0x000000000000ca48       0x64 zephyr/subsys/bluetooth/controller/libsubsys__bluetooth__controller.a(ticker.c.obj)
                0x000000000000ca48                ticker_init
 .text.ticker_deinit
                0x000000000000caac       0x20 zephyr/subsys/bluetooth/controller/libsubsys__bluetooth__controller.a(ticker.c.obj)
                0x000000000000caac                ticker_deinit
 .text.ticker_trigger
                0x000000000000cacc       0x30 zephyr/subsys/bluetooth/controller/libsubsys__bluetooth__controller.a(ticker.c.obj)
                0x000000000000cacc                ticker_trigger
 .text.ticker_start
                0x000000000000cafc       0x38 zephyr/subsys/bluetooth/controller/libsubsys__bluetooth__controller.a(ticker.c.obj)
                0x000000000000cafc                ticker_start
 .text.ticker_start_us
                0x000000000000cb34       0x30 zephyr/subsys/bluetooth/controller/libsubsys__bluetooth__controller.a(ticker.c.obj)
                0x000000000000cb34                ticker_start_us
 .text.ticker_start_ext
                0x000000000000cb64       0x10 zephyr/subsys/bluetooth/controller/libsubsys__bluetooth__controller.a(ticker.c.obj)
                0x000000000000cb64                ticker_start_ext
 .text.ticker_update_ext
                0x000000000000cb74       0xb0 zephyr/subsys/bluetooth/controller/libsubsys__bluetooth__controller.a(ticker.c.obj)
                0x000000000000cb74                ticker_update_ext
 .text.ticker_update
                0x000000000000cc24       0x30 zephyr/subsys/bluetooth/controller/libsubsys__bluetooth__controller.a(ticker.c.obj)
                0x000000000000cc24                ticker_update
 .text.ticker_stop
                0x000000000000cc54       0x84 zephyr/subsys/bluetooth/controller/libsubsys__bluetooth__controller.a(ticker.c.obj)
                0x000000000000cc54                ticker_stop
 .text.ticker_stop_abs
                0x000000000000ccd8       0x88 zephyr/subsys/bluetooth/controller/libsubsys__bluetooth__controller.a(ticker.c.obj)
                0x000000000000ccd8                ticker_stop_abs
 .text.ticker_next_slot_get_ext
                0x000000000000cd60       0x98 zephyr/subsys/bluetooth/controller/libsubsys__bluetooth__controller.a(ticker.c.obj)
                0x000000000000cd60                ticker_next_slot_get_ext
 .text.ticker_job_sched
                0x000000000000cdf8       0x30 zephyr/subsys/bluetooth/controller/libsubsys__bluetooth__controller.a(ticker.c.obj)
                0x000000000000cdf8                ticker_job_sched
 .text.ticker_ticks_now_get
                0x000000000000ce28        0x4 zephyr/subsys/bluetooth/controller/libsubsys__bluetooth__controller.a(ticker.c.obj)
                0x000000000000ce28                ticker_ticks_now_get
 .text.ticker_ticks_diff_get
                0x000000000000ce2c        0x8 zephyr/subsys/bluetooth/controller/libsubsys__bluetooth__controller.a(ticker.c.obj)
                0x000000000000ce2c                ticker_ticks_diff_get
 .text.ll_feat_get
                0x000000000000ce34        0xc zephyr/subsys/bluetooth/controller/libsubsys__bluetooth__controller.a(ll_feat.c.obj)
                0x000000000000ce34                ll_feat_get
 .text.ll_tx_pwr_lvl_get
                0x000000000000ce40       0x20 zephyr/subsys/bluetooth/controller/libsubsys__bluetooth__controller.a(ll_tx_pwr.c.obj)
                0x000000000000ce40                ll_tx_pwr_lvl_get
 .text.ll_tx_pwr_get
                0x000000000000ce60        0x8 zephyr/subsys/bluetooth/controller/libsubsys__bluetooth__controller.a(ll_tx_pwr.c.obj)
                0x000000000000ce60                ll_tx_pwr_get
 .text.ll_addr_set
                0x000000000000ce68       0x44 zephyr/subsys/bluetooth/controller/libsubsys__bluetooth__controller.a(ll_addr.c.obj)
                0x000000000000ce68                ll_addr_set
 .text.ll_addr_get
                0x000000000000ceac       0x20 zephyr/subsys/bluetooth/controller/libsubsys__bluetooth__controller.a(ll_addr.c.obj)
                0x000000000000ceac                ll_addr_get
 .text.ll_addr_read
                0x000000000000cecc       0x28 zephyr/subsys/bluetooth/controller/libsubsys__bluetooth__controller.a(ll_addr.c.obj)
                0x000000000000cecc                ll_addr_read
 .text.perform_lll_reset
                0x000000000000cef4       0xd0 zephyr/subsys/bluetooth/controller/libsubsys__bluetooth__controller.a(ull.c.obj)
 .text.ull_ticker_status_give
                0x000000000000cfc4        0xc zephyr/subsys/bluetooth/controller/libsubsys__bluetooth__controller.a(ull.c.obj)
                0x000000000000cfc4                ull_ticker_status_give
 .text.disabled_cb
                0x000000000000cfd0        0x4 zephyr/subsys/bluetooth/controller/libsubsys__bluetooth__controller.a(ull.c.obj)
 .text.tx_cmplt_get
                0x000000000000cfd4       0xb4 zephyr/subsys/bluetooth/controller/libsubsys__bluetooth__controller.a(ull.c.obj)
 .text.rx_replenish
                0x000000000000d088       0xf8 zephyr/subsys/bluetooth/controller/libsubsys__bluetooth__controller.a(ull.c.obj)
 .text.init_reset
                0x000000000000d180      0x138 zephyr/subsys/bluetooth/controller/libsubsys__bluetooth__controller.a(ull.c.obj)
 .text.rx_demux
                0x000000000000d2b8      0x2bc zephyr/subsys/bluetooth/controller/libsubsys__bluetooth__controller.a(ull.c.obj)
 .text.ll_init  0x000000000000d574       0xec zephyr/subsys/bluetooth/controller/libsubsys__bluetooth__controller.a(ull.c.obj)
                0x000000000000d574                ll_init
 .text.ll_reset
                0x000000000000d660      0x16c zephyr/subsys/bluetooth/controller/libsubsys__bluetooth__controller.a(ull.c.obj)
                0x000000000000d660                ll_reset
 .text.ll_deinit
                0x000000000000d7cc       0x18 zephyr/subsys/bluetooth/controller/libsubsys__bluetooth__controller.a(ull.c.obj)
                0x000000000000d7cc                ll_deinit
 .text.ll_rx_get
                0x000000000000d7e4       0xfc zephyr/subsys/bluetooth/controller/libsubsys__bluetooth__controller.a(ull.c.obj)
                0x000000000000d7e4                ll_rx_get
 .text.ll_rx_dequeue
                0x000000000000d8e0      0x184 zephyr/subsys/bluetooth/controller/libsubsys__bluetooth__controller.a(ull.c.obj)
                0x000000000000d8e0                ll_rx_dequeue
 .text.ll_rx_mem_release
                0x000000000000da64      0x1c4 zephyr/subsys/bluetooth/controller/libsubsys__bluetooth__controller.a(ull.c.obj)
                0x000000000000da64                ll_rx_mem_release
 .text.ll_rx_link_alloc
                0x000000000000dc28        0xc zephyr/subsys/bluetooth/controller/libsubsys__bluetooth__controller.a(ull.c.obj)
                0x000000000000dc28                ll_rx_link_alloc
 .text.ll_rx_link_release
                0x000000000000dc34        0xc zephyr/subsys/bluetooth/controller/libsubsys__bluetooth__controller.a(ull.c.obj)
                0x000000000000dc34                ll_rx_link_release
 .text.ll_rx_alloc
                0x000000000000dc40        0xc zephyr/subsys/bluetooth/controller/libsubsys__bluetooth__controller.a(ull.c.obj)
                0x000000000000dc40                ll_rx_alloc
 .text.ll_rx_release
                0x000000000000dc4c        0xc zephyr/subsys/bluetooth/controller/libsubsys__bluetooth__controller.a(ull.c.obj)
                0x000000000000dc4c                ll_rx_release
 .text.ll_rx_put
                0x000000000000dc58       0x18 zephyr/subsys/bluetooth/controller/libsubsys__bluetooth__controller.a(ull.c.obj)
                0x000000000000dc58                ll_rx_put
 .text.ll_rx_put_sched
                0x000000000000dc70       0x28 zephyr/subsys/bluetooth/controller/libsubsys__bluetooth__controller.a(ull.c.obj)
                0x000000000000dc70                ll_rx_put_sched
 .text.ll_pdu_rx_alloc_peek
                0x000000000000dc98       0x34 zephyr/subsys/bluetooth/controller/libsubsys__bluetooth__controller.a(ull.c.obj)
                0x000000000000dc98                ll_pdu_rx_alloc_peek
 .text.ll_pdu_rx_alloc
                0x000000000000dccc       0x24 zephyr/subsys/bluetooth/controller/libsubsys__bluetooth__controller.a(ull.c.obj)
                0x000000000000dccc                ll_pdu_rx_alloc
 .text.ll_tx_ack_put
                0x000000000000dcf0       0x60 zephyr/subsys/bluetooth/controller/libsubsys__bluetooth__controller.a(ull.c.obj)
                0x000000000000dcf0                ll_tx_ack_put
 .text.ull_ticker_status_take
                0x000000000000dd50       0x24 zephyr/subsys/bluetooth/controller/libsubsys__bluetooth__controller.a(ull.c.obj)
                0x000000000000dd50                ull_ticker_status_take
 .text.ull_disable_mark
                0x000000000000dd74       0x18 zephyr/subsys/bluetooth/controller/libsubsys__bluetooth__controller.a(ull.c.obj)
                0x000000000000dd74                ull_disable_mark
 .text.ull_disable_unmark
                0x000000000000dd8c       0x18 zephyr/subsys/bluetooth/controller/libsubsys__bluetooth__controller.a(ull.c.obj)
                0x000000000000dd8c                ull_disable_unmark
 .text.ull_disable_mark_get
                0x000000000000dda4        0xc zephyr/subsys/bluetooth/controller/libsubsys__bluetooth__controller.a(ull.c.obj)
                0x000000000000dda4                ull_disable_mark_get
 .text.ull_update_mark
                0x000000000000ddb0       0x18 zephyr/subsys/bluetooth/controller/libsubsys__bluetooth__controller.a(ull.c.obj)
                0x000000000000ddb0                ull_update_mark
 .text.ull_update_unmark
                0x000000000000ddc8       0x18 zephyr/subsys/bluetooth/controller/libsubsys__bluetooth__controller.a(ull.c.obj)
                0x000000000000ddc8                ull_update_unmark
 .text.ull_update_mark_get
                0x000000000000dde0        0xc zephyr/subsys/bluetooth/controller/libsubsys__bluetooth__controller.a(ull.c.obj)
                0x000000000000dde0                ull_update_mark_get
 .text.ull_disable
                0x000000000000ddec       0x7c zephyr/subsys/bluetooth/controller/libsubsys__bluetooth__controller.a(ull.c.obj)
                0x000000000000ddec                ull_disable
 .text.ull_ticker_stop_with_mark
                0x000000000000de68       0xa4 zephyr/subsys/bluetooth/controller/libsubsys__bluetooth__controller.a(ull.c.obj)
                0x000000000000de68                ull_ticker_stop_with_mark
 .text.ull_pdu_rx_alloc_peek
                0x000000000000df0c       0x34 zephyr/subsys/bluetooth/controller/libsubsys__bluetooth__controller.a(ull.c.obj)
                0x000000000000df0c                ull_pdu_rx_alloc_peek
 .text.ull_pdu_rx_alloc
                0x000000000000df40       0x24 zephyr/subsys/bluetooth/controller/libsubsys__bluetooth__controller.a(ull.c.obj)
                0x000000000000df40                ull_pdu_rx_alloc
 .text.ull_rx_put
                0x000000000000df64       0x20 zephyr/subsys/bluetooth/controller/libsubsys__bluetooth__controller.a(ull.c.obj)
                0x000000000000df64                ull_rx_put
 .text.ull_rx_sched
                0x000000000000df84       0x10 zephyr/subsys/bluetooth/controller/libsubsys__bluetooth__controller.a(ull.c.obj)
                0x000000000000df84                ull_rx_sched
 .text.ull_rx_put_sched
                0x000000000000df94       0x30 zephyr/subsys/bluetooth/controller/libsubsys__bluetooth__controller.a(ull.c.obj)
                0x000000000000df94                ull_rx_put_sched
 .text.ull_prepare_enqueue
                0x000000000000dfc4       0x74 zephyr/subsys/bluetooth/controller/libsubsys__bluetooth__controller.a(ull.c.obj)
                0x000000000000dfc4                ull_prepare_enqueue
 .text.ull_prepare_dequeue_get
                0x000000000000e038       0x1c zephyr/subsys/bluetooth/controller/libsubsys__bluetooth__controller.a(ull.c.obj)
                0x000000000000e038                ull_prepare_dequeue_get
 .text.ull_prepare_dequeue_iter
                0x000000000000e054       0x34 zephyr/subsys/bluetooth/controller/libsubsys__bluetooth__controller.a(ull.c.obj)
                0x000000000000e054                ull_prepare_dequeue_iter
 .text.ull_prepare_dequeue
                0x000000000000e088      0x130 zephyr/subsys/bluetooth/controller/libsubsys__bluetooth__controller.a(ull.c.obj)
                0x000000000000e088                ull_prepare_dequeue
 .text.ull_event_done_extra_get
                0x000000000000e1b8       0x1c zephyr/subsys/bluetooth/controller/libsubsys__bluetooth__controller.a(ull.c.obj)
                0x000000000000e1b8                ull_event_done_extra_get
 .text.ull_event_done
                0x000000000000e1d4       0x5c zephyr/subsys/bluetooth/controller/libsubsys__bluetooth__controller.a(ull.c.obj)
                0x000000000000e1d4                ull_event_done
 .text.lll_prepare
                0x000000000000e230       0x14 zephyr/subsys/bluetooth/controller/libsubsys__bluetooth__controller.a(lll_common.c.obj)
                0x000000000000e230                lll_prepare
 .text.lll_resume
                0x000000000000e244       0x50 zephyr/subsys/bluetooth/controller/libsubsys__bluetooth__controller.a(lll_common.c.obj)
                0x000000000000e244                lll_resume
 .text.bt_recv_prio
                0x000000000000e294       0x20 zephyr/subsys/bluetooth/controller/libsubsys__bluetooth__controller.a(hci_driver.c.obj)
 .text.hci_driver_close
                0x000000000000e2b4       0x50 zephyr/subsys/bluetooth/controller/libsubsys__bluetooth__controller.a(hci_driver.c.obj)
 .text.recv_thread
                0x000000000000e304      0x130 zephyr/subsys/bluetooth/controller/libsubsys__bluetooth__controller.a(hci_driver.c.obj)
 .text.prio_recv_thread
                0x000000000000e434      0x130 zephyr/subsys/bluetooth/controller/libsubsys__bluetooth__controller.a(hci_driver.c.obj)
 .text.z_log_msg_runtime_create.constprop.0
                0x000000000000e564       0x20 zephyr/subsys/bluetooth/controller/libsubsys__bluetooth__controller.a(hci_driver.c.obj)
 .text.hci_driver_open
                0x000000000000e584       0xe0 zephyr/subsys/bluetooth/controller/libsubsys__bluetooth__controller.a(hci_driver.c.obj)
 .text.hci_driver_send
                0x000000000000e664       0xb8 zephyr/subsys/bluetooth/controller/libsubsys__bluetooth__controller.a(hci_driver.c.obj)
 .text.hci_recv_fifo_reset
                0x000000000000e71c       0x20 zephyr/subsys/bluetooth/controller/libsubsys__bluetooth__controller.a(hci_driver.c.obj)
                0x000000000000e71c                hci_recv_fifo_reset
 .text.dup_found.constprop.0
                0x000000000000e73c       0xb0 zephyr/subsys/bluetooth/controller/libsubsys__bluetooth__controller.a(hci.c.obj)
 .text.z_log_msg_runtime_create.constprop.0
                0x000000000000e7ec       0x20 zephyr/subsys/bluetooth/controller/libsubsys__bluetooth__controller.a(hci.c.obj)
 .text.le_remote_feat_complete
                0x000000000000e80c       0x78 zephyr/subsys/bluetooth/controller/libsubsys__bluetooth__controller.a(hci.c.obj)
 .text.hci_vendor_cmd_handle_common
                0x000000000000e884      0x1a0 zephyr/subsys/bluetooth/controller/libsubsys__bluetooth__controller.a(hci.c.obj)
                0x000000000000e884                hci_vendor_cmd_handle_common
 .text.hci_cmd_handle
                0x000000000000ea24      0x7f4 zephyr/subsys/bluetooth/controller/libsubsys__bluetooth__controller.a(hci.c.obj)
                0x000000000000ea24                hci_cmd_handle
 .text.hci_acl_handle
                0x000000000000f218      0x11c zephyr/subsys/bluetooth/controller/libsubsys__bluetooth__controller.a(hci.c.obj)
                0x000000000000f218                hci_acl_handle
 .text.hci_disconn_complete_encode
                0x000000000000f334       0x40 zephyr/subsys/bluetooth/controller/libsubsys__bluetooth__controller.a(hci.c.obj)
                0x000000000000f334                hci_disconn_complete_encode
 .text.hci_disconn_complete_process
                0x000000000000f374       0x10 zephyr/subsys/bluetooth/controller/libsubsys__bluetooth__controller.a(hci.c.obj)
                0x000000000000f374                hci_disconn_complete_process
 .text.hci_acl_encode
                0x000000000000f384       0x78 zephyr/subsys/bluetooth/controller/libsubsys__bluetooth__controller.a(hci.c.obj)
                0x000000000000f384                hci_acl_encode
 .text.hci_evt_encode
                0x000000000000f3fc      0x6cc zephyr/subsys/bluetooth/controller/libsubsys__bluetooth__controller.a(hci.c.obj)
                0x000000000000f3fc                hci_evt_encode
 .text.hci_num_cmplt_encode
                0x000000000000fac8       0x30 zephyr/subsys/bluetooth/controller/libsubsys__bluetooth__controller.a(hci.c.obj)
                0x000000000000fac8                hci_num_cmplt_encode
 .text.hci_get_class
                0x000000000000faf8       0x2c zephyr/subsys/bluetooth/controller/libsubsys__bluetooth__controller.a(hci.c.obj)
                0x000000000000faf8                hci_get_class
 .text.hci_init
                0x000000000000fb24       0x4c zephyr/subsys/bluetooth/controller/libsubsys__bluetooth__controller.a(hci.c.obj)
                0x000000000000fb24                hci_init
 .text.ticker_stop_cb
                0x000000000000fb70       0x90 zephyr/subsys/bluetooth/controller/libsubsys__bluetooth__controller.a(ull_adv.c.obj)
 .text.disabled_cb
                0x000000000000fc00       0x94 zephyr/subsys/bluetooth/controller/libsubsys__bluetooth__controller.a(ull_adv.c.obj)
 .text.ticker_stop_op_cb
                0x000000000000fc94       0x48 zephyr/subsys/bluetooth/controller/libsubsys__bluetooth__controller.a(ull_adv.c.obj)
 .text.adv_disable
                0x000000000000fcdc       0x8c zephyr/subsys/bluetooth/controller/libsubsys__bluetooth__controller.a(ull_adv.c.obj)
 .text.ticker_update_op_cb
                0x000000000000fd68       0x64 zephyr/subsys/bluetooth/controller/libsubsys__bluetooth__controller.a(ull_adv.c.obj)
 .text.init_set.constprop.0
                0x000000000000fdcc       0x40 zephyr/subsys/bluetooth/controller/libsubsys__bluetooth__controller.a(ull_adv.c.obj)
 .text.conn_release.constprop.0
                0x000000000000fe0c       0x88 zephyr/subsys/bluetooth/controller/libsubsys__bluetooth__controller.a(ull_adv.c.obj)
 .text.disable.constprop.0
                0x000000000000fe94      0x158 zephyr/subsys/bluetooth/controller/libsubsys__bluetooth__controller.a(ull_adv.c.obj)
 .text.adv_time_get.constprop.0.isra.0
                0x000000000000ffec       0x7c zephyr/subsys/bluetooth/controller/libsubsys__bluetooth__controller.a(ull_adv.c.obj)
 .text.ticker_cb
                0x0000000000010068      0x148 zephyr/subsys/bluetooth/controller/libsubsys__bluetooth__controller.a(ull_adv.c.obj)
 .text.ll_adv_params_set
                0x00000000000101b0      0x1d4 zephyr/subsys/bluetooth/controller/libsubsys__bluetooth__controller.a(ull_adv.c.obj)
                0x00000000000101b0                ll_adv_params_set
 .text.ull_adv_init
                0x0000000000010384       0x20 zephyr/subsys/bluetooth/controller/libsubsys__bluetooth__controller.a(ull_adv.c.obj)
                0x0000000000010384                ull_adv_init
 .text.ull_adv_reset
                0x00000000000103a4        0xc zephyr/subsys/bluetooth/controller/libsubsys__bluetooth__controller.a(ull_adv.c.obj)
                0x00000000000103a4                ull_adv_reset
 .text.ull_adv_reset_finalize
                0x00000000000103b0       0x2c zephyr/subsys/bluetooth/controller/libsubsys__bluetooth__controller.a(ull_adv.c.obj)
                0x00000000000103b0                ull_adv_reset_finalize
 .text.ull_adv_handle_get
                0x00000000000103dc       0x18 zephyr/subsys/bluetooth/controller/libsubsys__bluetooth__controller.a(ull_adv.c.obj)
                0x00000000000103dc                ull_adv_handle_get
 .text.ull_adv_lll_handle_get
                0x00000000000103f4       0x1c zephyr/subsys/bluetooth/controller/libsubsys__bluetooth__controller.a(ull_adv.c.obj)
                0x00000000000103f4                ull_adv_lll_handle_get
 .text.ull_adv_is_enabled
                0x0000000000010410       0x18 zephyr/subsys/bluetooth/controller/libsubsys__bluetooth__controller.a(ull_adv.c.obj)
                0x0000000000010410                ull_adv_is_enabled
 .text.ull_adv_data_set
                0x0000000000010428       0xc4 zephyr/subsys/bluetooth/controller/libsubsys__bluetooth__controller.a(ull_adv.c.obj)
                0x0000000000010428                ull_adv_data_set
 .text.ll_adv_data_set
                0x00000000000104ec       0x10 zephyr/subsys/bluetooth/controller/libsubsys__bluetooth__controller.a(ull_adv.c.obj)
                0x00000000000104ec                ll_adv_data_set
 .text.ull_scan_rsp_set
                0x00000000000104fc       0xcc zephyr/subsys/bluetooth/controller/libsubsys__bluetooth__controller.a(ull_adv.c.obj)
                0x00000000000104fc                ull_scan_rsp_set
 .text.ll_adv_scan_rsp_set
                0x00000000000105c8       0x10 zephyr/subsys/bluetooth/controller/libsubsys__bluetooth__controller.a(ull_adv.c.obj)
                0x00000000000105c8                ll_adv_scan_rsp_set
 .text.ticker_cb
                0x00000000000105d8       0x98 zephyr/subsys/bluetooth/controller/libsubsys__bluetooth__controller.a(ull_scan.c.obj)
 .text.ull_scan_init
                0x0000000000010670        0x4 zephyr/subsys/bluetooth/controller/libsubsys__bluetooth__controller.a(ull_scan.c.obj)
                0x0000000000010670                ull_scan_init
 .text.ull_scan_disable
                0x0000000000010674       0x5c zephyr/subsys/bluetooth/controller/libsubsys__bluetooth__controller.a(ull_scan.c.obj)
                0x0000000000010674                ull_scan_disable
 .text.ll_scan_enable
                0x00000000000106d0       0x58 zephyr/subsys/bluetooth/controller/libsubsys__bluetooth__controller.a(ull_scan.c.obj)
                0x00000000000106d0                ll_scan_enable
 .text.ull_scan_reset
                0x0000000000010728       0x38 zephyr/subsys/bluetooth/controller/libsubsys__bluetooth__controller.a(ull_scan.c.obj)
                0x0000000000010728                ull_scan_reset
 .text.ull_scan_handle_get
                0x0000000000010760       0x18 zephyr/subsys/bluetooth/controller/libsubsys__bluetooth__controller.a(ull_scan.c.obj)
                0x0000000000010760                ull_scan_handle_get
 .text.ull_scan_lll_handle_get
                0x0000000000010778       0x1c zephyr/subsys/bluetooth/controller/libsubsys__bluetooth__controller.a(ull_scan.c.obj)
                0x0000000000010778                ull_scan_lll_handle_get
 .text.ull_scan_is_enabled_get
                0x0000000000010794       0x1c zephyr/subsys/bluetooth/controller/libsubsys__bluetooth__controller.a(ull_scan.c.obj)
                0x0000000000010794                ull_scan_is_enabled_get
 .text.ull_scan_is_disabled_get
                0x00000000000107b0       0x18 zephyr/subsys/bluetooth/controller/libsubsys__bluetooth__controller.a(ull_scan.c.obj)
                0x00000000000107b0                ull_scan_is_disabled_get
 .text.ull_scan_is_enabled
                0x00000000000107c8       0x34 zephyr/subsys/bluetooth/controller/libsubsys__bluetooth__controller.a(ull_scan.c.obj)
                0x00000000000107c8                ull_scan_is_enabled
 .text.tx_lll_flush
                0x00000000000107fc       0xe8 zephyr/subsys/bluetooth/controller/libsubsys__bluetooth__controller.a(ull_conn.c.obj)
 .text.ticker_stop_op_cb
                0x00000000000108e4       0x6c zephyr/subsys/bluetooth/controller/libsubsys__bluetooth__controller.a(ull_conn.c.obj)
 .text.disabled_cb
                0x0000000000010950       0x44 zephyr/subsys/bluetooth/controller/libsubsys__bluetooth__controller.a(ull_conn.c.obj)
 .text.conn_disable
                0x0000000000010994       0x8c zephyr/subsys/bluetooth/controller/libsubsys__bluetooth__controller.a(ull_conn.c.obj)
 .text.conn_setup_adv_scan_disabled_cb
                0x0000000000010a20       0x18 zephyr/subsys/bluetooth/controller/libsubsys__bluetooth__controller.a(ull_conn.c.obj)
 .text.ticker_update_conn_op_cb
                0x0000000000010a38       0x44 zephyr/subsys/bluetooth/controller/libsubsys__bluetooth__controller.a(ull_conn.c.obj)
 .text.ticker_start_conn_op_cb
                0x0000000000010a7c       0x60 zephyr/subsys/bluetooth/controller/libsubsys__bluetooth__controller.a(ull_conn.c.obj)
 .text.ticker_stop_conn_op_cb
                0x0000000000010adc       0x60 zephyr/subsys/bluetooth/controller/libsubsys__bluetooth__controller.a(ull_conn.c.obj)
 .text.init_reset
                0x0000000000010b3c       0x70 zephyr/subsys/bluetooth/controller/libsubsys__bluetooth__controller.a(ull_conn.c.obj)
 .text.ll_conn_acquire
                0x0000000000010bac        0xc zephyr/subsys/bluetooth/controller/libsubsys__bluetooth__controller.a(ull_conn.c.obj)
                0x0000000000010bac                ll_conn_acquire
 .text.ll_conn_release
                0x0000000000010bb8        0xc zephyr/subsys/bluetooth/controller/libsubsys__bluetooth__controller.a(ull_conn.c.obj)
                0x0000000000010bb8                ll_conn_release
 .text.ll_conn_handle_get
                0x0000000000010bc4       0x10 zephyr/subsys/bluetooth/controller/libsubsys__bluetooth__controller.a(ull_conn.c.obj)
                0x0000000000010bc4                ll_conn_handle_get
 .text.ll_conn_get
                0x0000000000010bd4       0x18 zephyr/subsys/bluetooth/controller/libsubsys__bluetooth__controller.a(ull_conn.c.obj)
                0x0000000000010bd4                ll_conn_get
 .text.ll_connected_get
                0x0000000000010bec       0x24 zephyr/subsys/bluetooth/controller/libsubsys__bluetooth__controller.a(ull_conn.c.obj)
                0x0000000000010bec                ll_connected_get
 .text.ll_tx_mem_acquire
                0x0000000000010c10        0xc zephyr/subsys/bluetooth/controller/libsubsys__bluetooth__controller.a(ull_conn.c.obj)
                0x0000000000010c10                ll_tx_mem_acquire
 .text.ll_tx_mem_release
                0x0000000000010c1c        0xc zephyr/subsys/bluetooth/controller/libsubsys__bluetooth__controller.a(ull_conn.c.obj)
                0x0000000000010c1c                ll_tx_mem_release
 .text.ll_tx_mem_enqueue
                0x0000000000010c28       0x94 zephyr/subsys/bluetooth/controller/libsubsys__bluetooth__controller.a(ull_conn.c.obj)
                0x0000000000010c28                ll_tx_mem_enqueue
 .text.ll_conn_update
                0x0000000000010cbc       0x88 zephyr/subsys/bluetooth/controller/libsubsys__bluetooth__controller.a(ull_conn.c.obj)
                0x0000000000010cbc                ll_conn_update
 .text.ll_chm_get
                0x0000000000010d44       0x48 zephyr/subsys/bluetooth/controller/libsubsys__bluetooth__controller.a(ull_conn.c.obj)
                0x0000000000010d44                ll_chm_get
 .text.ll_terminate_ind_send
                0x0000000000010d8c       0x70 zephyr/subsys/bluetooth/controller/libsubsys__bluetooth__controller.a(ull_conn.c.obj)
                0x0000000000010d8c                ll_terminate_ind_send
 .text.ll_feature_req_send
                0x0000000000010dfc       0x44 zephyr/subsys/bluetooth/controller/libsubsys__bluetooth__controller.a(ull_conn.c.obj)
                0x0000000000010dfc                ll_feature_req_send
 .text.ll_version_ind_send
                0x0000000000010e40       0x44 zephyr/subsys/bluetooth/controller/libsubsys__bluetooth__controller.a(ull_conn.c.obj)
                0x0000000000010e40                ll_version_ind_send
 .text.ll_phy_get
                0x0000000000010e84       0x40 zephyr/subsys/bluetooth/controller/libsubsys__bluetooth__controller.a(ull_conn.c.obj)
                0x0000000000010e84                ll_phy_get
 .text.ll_phy_default_set
                0x0000000000010ec4       0x14 zephyr/subsys/bluetooth/controller/libsubsys__bluetooth__controller.a(ull_conn.c.obj)
                0x0000000000010ec4                ll_phy_default_set
 .text.ll_phy_req_send
                0x0000000000010ed8       0x68 zephyr/subsys/bluetooth/controller/libsubsys__bluetooth__controller.a(ull_conn.c.obj)
                0x0000000000010ed8                ll_phy_req_send
 .text.ll_apto_get
                0x0000000000010f40       0x6c zephyr/subsys/bluetooth/controller/libsubsys__bluetooth__controller.a(ull_conn.c.obj)
                0x0000000000010f40                ll_apto_get
 .text.ll_apto_set
                0x0000000000010fac       0x64 zephyr/subsys/bluetooth/controller/libsubsys__bluetooth__controller.a(ull_conn.c.obj)
                0x0000000000010fac                ll_apto_set
 .text.ull_conn_init
                0x0000000000011010        0x4 zephyr/subsys/bluetooth/controller/libsubsys__bluetooth__controller.a(ull_conn.c.obj)
                0x0000000000011010                ull_conn_init
 .text.ull_conn_reset
                0x0000000000011014       0xac zephyr/subsys/bluetooth/controller/libsubsys__bluetooth__controller.a(ull_conn.c.obj)
                0x0000000000011014                ull_conn_reset
 .text.ull_conn_default_phy_tx_get
                0x00000000000110c0        0xc zephyr/subsys/bluetooth/controller/libsubsys__bluetooth__controller.a(ull_conn.c.obj)
                0x00000000000110c0                ull_conn_default_phy_tx_get
 .text.ull_conn_default_phy_rx_get
                0x00000000000110cc        0xc zephyr/subsys/bluetooth/controller/libsubsys__bluetooth__controller.a(ull_conn.c.obj)
                0x00000000000110cc                ull_conn_default_phy_rx_get
 .text.ull_conn_setup
                0x00000000000110d8       0x54 zephyr/subsys/bluetooth/controller/libsubsys__bluetooth__controller.a(ull_conn.c.obj)
                0x00000000000110d8                ull_conn_setup
 .text.ull_conn_rx
                0x000000000001112c       0x78 zephyr/subsys/bluetooth/controller/libsubsys__bluetooth__controller.a(ull_conn.c.obj)
                0x000000000001112c                ull_conn_rx
 .text.ull_conn_llcp
                0x00000000000111a4       0x68 zephyr/subsys/bluetooth/controller/libsubsys__bluetooth__controller.a(ull_conn.c.obj)
                0x00000000000111a4                ull_conn_llcp
 .text.ull_conn_tx_demux
                0x000000000001120c       0x7c zephyr/subsys/bluetooth/controller/libsubsys__bluetooth__controller.a(ull_conn.c.obj)
                0x000000000001120c                ull_conn_tx_demux
 .text.conn_cleanup
                0x0000000000011288      0x128 zephyr/subsys/bluetooth/controller/libsubsys__bluetooth__controller.a(ull_conn.c.obj)
 .text.ull_conn_tx_lll_enqueue
                0x00000000000113b0       0x90 zephyr/subsys/bluetooth/controller/libsubsys__bluetooth__controller.a(ull_conn.c.obj)
                0x00000000000113b0                ull_conn_tx_lll_enqueue
 .text.tx_demux
                0x0000000000011440       0x18 zephyr/subsys/bluetooth/controller/libsubsys__bluetooth__controller.a(ull_conn.c.obj)
 .text.ull_conn_link_tx_release
                0x0000000000011458        0xc zephyr/subsys/bluetooth/controller/libsubsys__bluetooth__controller.a(ull_conn.c.obj)
                0x0000000000011458                ull_conn_link_tx_release
 .text.ull_conn_ack_last_idx_get
                0x0000000000011464        0xc zephyr/subsys/bluetooth/controller/libsubsys__bluetooth__controller.a(ull_conn.c.obj)
                0x0000000000011464                ull_conn_ack_last_idx_get
 .text.ull_conn_ack_peek
                0x0000000000011470       0x30 zephyr/subsys/bluetooth/controller/libsubsys__bluetooth__controller.a(ull_conn.c.obj)
                0x0000000000011470                ull_conn_ack_peek
 .text.ull_conn_ack_by_last_peek
                0x00000000000114a0       0x24 zephyr/subsys/bluetooth/controller/libsubsys__bluetooth__controller.a(ull_conn.c.obj)
                0x00000000000114a0                ull_conn_ack_by_last_peek
 .text.ull_conn_ack_dequeue
                0x00000000000114c4       0x2c zephyr/subsys/bluetooth/controller/libsubsys__bluetooth__controller.a(ull_conn.c.obj)
                0x00000000000114c4                ull_conn_ack_dequeue
 .text.ull_conn_lll_ack_enqueue
                0x00000000000114f0       0x60 zephyr/subsys/bluetooth/controller/libsubsys__bluetooth__controller.a(ull_conn.c.obj)
                0x00000000000114f0                ull_conn_lll_ack_enqueue
 .text.ull_conn_tx_ack
                0x0000000000011550      0x110 zephyr/subsys/bluetooth/controller/libsubsys__bluetooth__controller.a(ull_conn.c.obj)
                0x0000000000011550                ull_conn_tx_ack
 .text.ull_conn_lll_max_tx_octets_get
                0x0000000000011660        0x4 zephyr/subsys/bluetooth/controller/libsubsys__bluetooth__controller.a(ull_conn.c.obj)
                0x0000000000011660                ull_conn_lll_max_tx_octets_get
 .text.ull_pdu_data_init
                0x0000000000011664        0x4 zephyr/subsys/bluetooth/controller/libsubsys__bluetooth__controller.a(ull_conn.c.obj)
                0x0000000000011664                ull_pdu_data_init
 .text.ull_conn_pause_rx_data
                0x0000000000011668       0x10 zephyr/subsys/bluetooth/controller/libsubsys__bluetooth__controller.a(ull_conn.c.obj)
                0x0000000000011668                ull_conn_pause_rx_data
 .text.ull_conn_resume_rx_data