Archive member included to satisfy reference by file (symbol)

app/libapp.a(main.c.obj)      (--whole-archive)
app/libapp.a(led_strip.c.obj)
                              (--whole-archive)
zephyr/libzephyr.a(heap.c.obj)
                              (--whole-archive)
zephyr/libzephyr.a(cbprintf_packaged.c.obj)
                              (--whole-archive)
zephyr/libzephyr.a(clock.c.obj)
                              (--whole-archive)
zephyr/libzephyr.a(printk.c.obj)
                              (--whole-archive)
zephyr/libzephyr.a(sem.c.obj)
                              (--whole-archive)
zephyr/libzephyr.a(thread_entry.c.obj)
                              (--whole-archive)
zephyr/libzephyr.a(cbprintf_complete.c.obj)
                              (--whole-archive)
zephyr/libzephyr.a(assert.c.obj)
                              (--whole-archive)
zephyr/libzephyr.a(dec.c.obj)
                              (--whole-archive)
zephyr/libzephyr.a(hex.c.obj)
                              (--whole-archive)
zephyr/libzephyr.a(rb.c.obj)  (--whole-archive)
zephyr/libzephyr.a(timeutil.c.obj)
                              (--whole-archive)
zephyr/libzephyr.a(bitarray.c.obj)
                              (--whole-archive)
zephyr/libzephyr.a(onoff.c.obj)
                              (--whole-archive)
zephyr/libzephyr.a(notify.c.obj)
                              (--whole-archive)
zephyr/libzephyr.a(ring_buffer.c.obj)
                              (--whole-archive)
zephyr/libzephyr.a(last_section_id.c.obj)
                              (--whole-archive)
zephyr/libzephyr.a(configs.c.obj)
                              (--whole-archive)
zephyr/libzephyr.a(log_core.c.obj)
                              (--whole-archive)
zephyr/libzephyr.a(log_mgmt.c.obj)
                              (--whole-archive)
zephyr/libzephyr.a(log_cache.c.obj)
                              (--whole-archive)
zephyr/libzephyr.a(log_msg.c.obj)
                              (--whole-archive)
zephyr/libzephyr.a(log_output.c.obj)
                              (--whole-archive)
zephyr/libzephyr.a(log_backend_uart.c.obj)
                              (--whole-archive)
zephyr/libzephyr.a(mem_attr.c.obj)
                              (--whole-archive)
zephyr/libzephyr.a(tracing_none.c.obj)
                              (--whole-archive)
zephyr/arch/common/libarch__common.a(sw_isr_common.c.obj)
                              (--whole-archive)
zephyr/arch/arch/arm/core/libarch__arm__core.a(fatal.c.obj)
                              (--whole-archive)
zephyr/arch/arch/arm/core/libarch__arm__core.a(nmi.c.obj)
                              (--whole-archive)
zephyr/arch/arch/arm/core/libarch__arm__core.a(nmi_on_reset.S.obj)
                              (--whole-archive)
zephyr/arch/arch/arm/core/libarch__arm__core.a(tls.c.obj)
                              (--whole-archive)
zephyr/arch/arch/arm/core/cortex_m/libarch__arm__core__cortex_m.a(exc_exit.c.obj)
                              (--whole-archive)
zephyr/arch/arch/arm/core/cortex_m/libarch__arm__core__cortex_m.a(fault.c.obj)
                              (--whole-archive)
zephyr/arch/arch/arm/core/cortex_m/libarch__arm__core__cortex_m.a(fault_s.S.obj)
                              (--whole-archive)
zephyr/arch/arch/arm/core/cortex_m/libarch__arm__core__cortex_m.a(fpu.c.obj)
                              (--whole-archive)
zephyr/arch/arch/arm/core/cortex_m/libarch__arm__core__cortex_m.a(reset.S.obj)
                              (--whole-archive)
zephyr/arch/arch/arm/core/cortex_m/libarch__arm__core__cortex_m.a(scb.c.obj)
                              (--whole-archive)
zephyr/arch/arch/arm/core/cortex_m/libarch__arm__core__cortex_m.a(thread_abort.c.obj)
                              (--whole-archive)
zephyr/arch/arch/arm/core/cortex_m/libarch__arm__core__cortex_m.a(vector_table.S.obj)
                              (--whole-archive)
zephyr/arch/arch/arm/core/cortex_m/libarch__arm__core__cortex_m.a(swap_helper.S.obj)
                              (--whole-archive)
zephyr/arch/arch/arm/core/cortex_m/libarch__arm__core__cortex_m.a(irq_manage.c.obj)
                              (--whole-archive)
zephyr/arch/arch/arm/core/cortex_m/libarch__arm__core__cortex_m.a(prep_c.c.obj)
                              (--whole-archive)
zephyr/arch/arch/arm/core/cortex_m/libarch__arm__core__cortex_m.a(thread.c.obj)
                              (--whole-archive)
zephyr/arch/arch/arm/core/cortex_m/libarch__arm__core__cortex_m.a(cpu_idle.c.obj)
                              (--whole-archive)
zephyr/arch/arch/arm/core/cortex_m/libarch__arm__core__cortex_m.a(irq_init.c.obj)
                              (--whole-archive)
zephyr/arch/arch/arm/core/cortex_m/libarch__arm__core__cortex_m.a(isr_wrapper.c.obj)
                              (--whole-archive)
zephyr/arch/arch/arm/core/cortex_m/libarch__arm__core__cortex_m.a(__aeabi_read_tp.S.obj)
                              (--whole-archive)
[...]
Memory Configuration

Name             Origin             Length             Attributes
FLASH            0x0000000000000000 0x0000000000080000 xr
RAM              0x0000000020000000 0x0000000000010000 xw
IDT_LIST         0x00000000ffff7fff 0x0000000000008000 xw
*default*        0x0000000000000000 0xffffffffffffffff

Linker script and memory map

                0x000000000001ebcc                vfprintf = __l_vfprintf
                0x0000000000000000                vfscanf = __l_vfscanf
LOAD zephyr/CMakeFiles/zephyr_final.dir/misc/empty_file.c.obj
LOAD zephyr/CMakeFiles/zephyr_final.dir/isr_tables.c.obj
LOAD zephyr/CMakeFiles/offsets.dir/./arch/arm/core/offsets/offsets.c.obj
LOAD app/libapp.a
LOAD zephyr/libzephyr.a
LOAD zephyr/arch/common/libarch__common.a
LOAD zephyr/arch/arch/arm/core/libarch__arm__core.a
LOAD zephyr/arch/arch/arm/core/cortex_m/libarch__arm__core__cortex_m.a
LOAD zephyr/arch/arch/arm/core/mpu/libarch__arm__core__mpu.a
LOAD zephyr/lib/libc/picolibc/liblib__libc__picolibc.a
LOAD zephyr/lib/libc/common/liblib__libc__common.a
LOAD zephyr/lib/net_buf/liblib__net_buf.a
LOAD zephyr/soc/soc/nrf52832/libsoc__nordic.a
LOAD zephyr/subsys/random/libsubsys__random.a
LOAD zephyr/subsys/bluetooth/common/libsubsys__bluetooth__common.a
LOAD zephyr/subsys/bluetooth/host/libsubsys__bluetooth__host.a
LOAD zephyr/subsys/bluetooth/controller/libsubsys__bluetooth__controller.a
LOAD zephyr/subsys/bluetooth/controller/ll_sw/nordic/libsubsys__bluetooth__controller__ll_sw__nordic.a
LOAD zephyr/drivers/clock_control/libdrivers__clock_control.a
LOAD zephyr/drivers/console/libdrivers__console.a
LOAD zephyr/drivers/entropy/libdrivers__entropy.a
LOAD zephyr/drivers/gpio/libdrivers__gpio.a
LOAD zephyr/drivers/led_strip/libdrivers__led_strip.a
LOAD zephyr/drivers/pinctrl/libdrivers__pinctrl.a
LOAD zephyr/drivers/serial/libdrivers__serial.a
LOAD zephyr/drivers/spi/libdrivers__spi.a
LOAD zephyr/drivers/timer/libdrivers__timer.a
LOAD modules/hal_nordic/nrfx/libmodules__hal_nordic__nrfx.a
LOAD zephyr/kernel/libkernel.a
LOAD zephyr/arch/common/libisr_tables.a
LOAD /home/minhluu/zephyr-sdk-0.17.2/arm-zephyr-eabi/bin/../lib/gcc/../../picolibc/arm-zephyr-eabi/lib/thumb/v7e-m/nofp/libc.a
LOAD /home/minhluu/zephyr-sdk-0.17.2/arm-zephyr-eabi/bin/../lib/gcc/arm-zephyr-eabi/12.2.0/thumb/v7e-m/nofp/libgcc.a
                0x0000000000000020                _region_min_align = 0x20

.rel.plt        0x0000000000000000        0x0
 *(SORT_BY_ALIGNMENT(.rel.plt))
                [!provide]                        PROVIDE (__rel_iplt_start = .)
 *(SORT_BY_ALIGNMENT(.rel.iplt))
 .rel.iplt      0x0000000000000000        0x0 zephyr/CMakeFiles/zephyr_final.dir/isr_tables.c.obj
                [!provide]                        PROVIDE (__rel_iplt_end = .)

.rela.plt       0x0000000000000000        0x0
 *(SORT_BY_ALIGNMENT(.rela.plt))
                [!provide]                        PROVIDE (__rela_iplt_start = .)
 *(SORT_BY_ALIGNMENT(.rela.iplt))
                [!provide]                        PROVIDE (__rela_iplt_end = .)

.rel.dyn
 *(SORT_BY_ALIGNMENT(.rel.*))

.rela.dyn
 *(SORT_BY_ALIGNMENT(.rela.*))

/DISCARD/
 *(SORT_BY_ALIGNMENT(.plt))

/DISCARD/
 *(SORT_BY_ALIGNMENT(.iplt))
                0x0000000000000000                __rom_region_start = 0x0

rom_start       0x0000000000000000       0xdc
                0x0000000000000000                __rom_start_address = .
 FILL mask 0x00
                0x0000000000000000                . = (. + (0x0 - (. - __rom_start_address)))
                0x0000000000000000                . = ALIGN (0x4)
                0x0000000000000000                . = ALIGN (0x80)
                0x0000000000000000                . = ALIGN (0x100)
                0x0000000000000000                _vector_start = .
 *(SORT_BY_ALIGNMENT(.exc_vector_table))
 *(SORT_BY_ALIGNMENT(.exc_vector_table.*))
 .exc_vector_table._vector_table_section
                0x0000000000000000       0x40 zephyr/arch/arch/arm/core/cortex_m/libarch__arm__core__cortex_m.a(vector_table.S.obj)
                0x0000000000000000                _vector_table
 *(SORT_BY_ALIGNMENT(.vectors))
                0x00000000000000dc                _vector_end = .
                0x0000000000000040                . = ALIGN (0x4)
 *(SORT_BY_ALIGNMENT(.gnu.linkonce.irq_vector_table*))
 .gnu.linkonce.irq_vector_table
                0x0000000000000040       0x9c zephyr/CMakeFiles/zephyr_final.dir/isr_tables.c.obj
                0x0000000000000040                _irq_vector_table
                0x00000000000000dc                _vector_end = .

text            0x00000000000000e0    0x222c8
                0x00000000000000e0                __text_region_start = .
 *(SORT_BY_ALIGNMENT(.text))
 .text          0x00000000000000e0       0x30 /home/minhluu/zephyr-sdk-0.17.2/arm-zephyr-eabi/bin/../lib/gcc/arm-zephyr-eabi/12.2.0/thumb/v7e-m/nofp/libgcc.a(_aeabi_uldivmod.o)
                0x00000000000000e0                __aeabi_uldivmod
 .text          0x0000000000000110        0x4 /home/minhluu/zephyr-sdk-0.17.2/arm-zephyr-eabi/bin/../lib/gcc/arm-zephyr-eabi/12.2.0/thumb/v7e-m/nofp/libgcc.a(_dvmd_tls.o)
                0x0000000000000110                __aeabi_ldiv0
                0x0000000000000110                __aeabi_idiv0
 .text          0x0000000000000114       0x10 /home/minhluu/zephyr-sdk-0.17.2/arm-zephyr-eabi/bin/../lib/gcc/../../picolibc/arm-zephyr-eabi/lib/thumb/v7e-m/nofp/libc.a(strcpy.S.o)
                0x0000000000000114                strcpy
 .text          0x0000000000000124       0x10 /home/minhluu/zephyr-sdk-0.17.2/arm-zephyr-eabi/bin/../lib/gcc/../../picolibc/arm-zephyr-eabi/lib/thumb/v7e-m/nofp/libc.a(strlen.S.o)
                0x0000000000000124                strlen
 .text          0x0000000000000134      0x2a0 /home/minhluu/zephyr-sdk-0.17.2/arm-zephyr-eabi/bin/../lib/gcc/arm-zephyr-eabi/12.2.0/thumb/v7e-m/nofp/libgcc.a(_udivmoddi4.o)
                0x0000000000000134                __udivmoddi4
 *(SORT_BY_ALIGNMENT(.text.*))
 *fill*         0x00000000000003d4        0x4 
 .text.ull_drift_ticks_get
                0x00000000000003d8       0x90 zephyr/subsys/bluetooth/controller/libsubsys__bluetooth__controller.a(ull.c.obj)
                0x00000000000003d8                ull_drift_ticks_get
 .text.ll_adv_enable
                0x0000000000000468      0x338 zephyr/subsys/bluetooth/controller/libsubsys__bluetooth__controller.a(ull_adv.c.obj)
                0x0000000000000468                ll_adv_enable
 .text.ull_adv_time_update
                0x00000000000007a0       0xbc zephyr/subsys/bluetooth/controller/libsubsys__bluetooth__controller.a(ull_adv.c.obj)
                0x00000000000007a0                ull_adv_time_update
 *fill*         0x000000000000085c        0x4 
 .text.ll_scan_params_set
                0x0000000000000860       0x70 zephyr/subsys/bluetooth/controller/libsubsys__bluetooth__controller.a(ull_scan.c.obj)
                0x0000000000000860                ll_scan_params_set
 .text.ull_scan_params_set
                0x00000000000008d0       0x54 zephyr/subsys/bluetooth/controller/libsubsys__bluetooth__controller.a(ull_scan.c.obj)
                0x00000000000008d0                ull_scan_params_set
 *fill*         0x0000000000000924        0x4 
 .text.ull_scan_enable
                0x0000000000000928      0x174 zephyr/subsys/bluetooth/controller/libsubsys__bluetooth__controller.a(ull_scan.c.obj)
                0x0000000000000928                ull_scan_enable
 *fill*         0x0000000000000a9c        0x4 
 .text.ull_conn_update_ticker.constprop.0
                0x0000000000000aa0      0x148 zephyr/subsys/bluetooth/controller/libsubsys__bluetooth__controller.a(ull_conn.c.obj)
 .text.ull_conn_done
                0x0000000000000be8      0x408 zephyr/subsys/bluetooth/controller/libsubsys__bluetooth__controller.a(ull_conn.c.obj)
                0x0000000000000be8                ull_conn_done
 .text.ull_conn_update_parameters
                0x0000000000000ff0      0x2cc zephyr/subsys/bluetooth/controller/libsubsys__bluetooth__controller.a(ull_conn.c.obj)
                0x0000000000000ff0                ull_conn_update_parameters
 *fill*         0x00000000000012bc        0x4 
 .text.ull_periph_setup
                0x00000000000012c0      0x440 zephyr/subsys/bluetooth/controller/libsubsys__bluetooth__controller.a(ull_peripheral.c.obj)
                0x00000000000012c0                ull_periph_setup
 .text.ll_create_connection
                0x0000000000001700      0x364 zephyr/subsys/bluetooth/controller/libsubsys__bluetooth__controller.a(ull_central.c.obj)
                0x0000000000001700                ll_create_connection
 *fill*         0x0000000000001a64        0x4 
 .text.ull_central_setup
                0x0000000000001a68      0x24c zephyr/subsys/bluetooth/controller/libsubsys__bluetooth__controller.a(ull_central.c.obj)
                0x0000000000001a68                ull_central_setup
 *fill*         0x0000000000001cb4        0x4 
 .text.ull_hdr_get_cb
                0x0000000000001cb8       0x70 zephyr/subsys/bluetooth/controller/libsubsys__bluetooth__controller.a(ull_sched.c.obj)
 .text.ull_sched_after_cen_slot_get
                0x0000000000001d28      0x1d4 zephyr/subsys/bluetooth/controller/libsubsys__bluetooth__controller.a(ull_sched.c.obj)
                0x0000000000001d28                ull_sched_after_cen_slot_get
 *fill*         0x0000000000001efc        0x4 
 .text.ull_sched_mfy_after_cen_offset_get
                0x0000000000001f00      0x10c zephyr/subsys/bluetooth/controller/libsubsys__bluetooth__controller.a(ull_sched.c.obj)
                0x0000000000001f00                ull_sched_mfy_after_cen_offset_get
 *fill*         0x000000000000200c        0x4 
 .text.prepare_cb
                0x0000000000002010      0x14c zephyr/subsys/bluetooth/controller/ll_sw/nordic/libsubsys__bluetooth__controller__ll_sw__nordic.a(lll_adv.c.obj)
 *fill*         0x000000000000215c        0x4 
 .text.common_prepare_cb
                0x0000000000002160      0x278 zephyr/subsys/bluetooth/controller/ll_sw/nordic/libsubsys__bluetooth__controller__ll_sw__nordic.a(lll_scan.c.obj)
 .text.isr_window
                0x00000000000023d8       0x9c zephyr/subsys/bluetooth/controller/ll_sw/nordic/libsubsys__bluetooth__controller__ll_sw__nordic.a(lll_scan.c.obj)
 *fill*         0x0000000000002474        0x4 
 .text.isr_rx   0x0000000000002478      0x4d4 zephyr/subsys/bluetooth/controller/ll_sw/nordic/libsubsys__bluetooth__controller__ll_sw__nordic.a(lll_scan.c.obj)
 *fill*         0x000000000000294c        0x4 
 .text.prepare_cb
                0x0000000000002950      0x260 zephyr/subsys/bluetooth/controller/ll_sw/nordic/libsubsys__bluetooth__controller__ll_sw__nordic.a(lll_peripheral.c.obj)
 .text.prepare_cb
                0x0000000000002bb0      0x1c0 zephyr/subsys/bluetooth/controller/ll_sw/nordic/libsubsys__bluetooth__controller__ll_sw__nordic.a(lll_central.c.obj)
 .text.write_cb
                0x0000000000002d70       0x9c app/libapp.a(main.c.obj)
                0x0000000000002d70                write_cb
 .text.read_cb  0x0000000000002e0c       0x1c app/libapp.a(main.c.obj)
 .text.device_found
                0x0000000000002e28       0xf4 app/libapp.a(main.c.obj)
 .text.disconnected
                0x0000000000002f1c       0x30 app/libapp.a(main.c.obj)
 .text.connected
                0x0000000000002f4c       0x2c app/libapp.a(main.c.obj)
 .text.start_scan
                0x0000000000002f78       0x5c app/libapp.a(main.c.obj)
                0x0000000000002f78                start_scan
 .text.main     0x0000000000002fd4       0xe4 app/libapp.a(main.c.obj)
                0x0000000000002fd4                main
 .text.led_strip_update_rgb.constprop.0
                0x00000000000030b8       0x2c app/libapp.a(led_strip.c.obj)
 .text.led_strip_init
                0x00000000000030e4       0x58 app/libapp.a(led_strip.c.obj)
                0x00000000000030e4                led_strip_init
 .text.led_strip_default
                0x000000000000313c       0x84 app/libapp.a(led_strip.c.obj)
                0x000000000000313c                led_strip_default
 .text.led_strip_control
                0x00000000000031c0      0x15c app/libapp.a(led_strip.c.obj)
                0x00000000000031c0                led_strip_control
 .text.cbvprintf_package
                0x000000000000331c      0x3a4 zephyr/libzephyr.a(cbprintf_packaged.c.obj)
                0x000000000000331c                cbvprintf_package
 .text.__printk_hook_install
                0x00000000000036c0        0xc zephyr/libzephyr.a(printk.c.obj)
                0x00000000000036c0                __printk_hook_install
 .text.z_thread_entry
                0x00000000000036cc       0x34 zephyr/libzephyr.a(thread_entry.c.obj)
                0x00000000000036cc                z_thread_entry
 .text.process_event
                0x0000000000003700      0x21c zephyr/libzephyr.a(onoff.c.obj)
 .text.z_log_init.isra.0
                0x000000000000391c       0xd4 zephyr/libzephyr.a(log_core.c.obj)
 .text.log_format_func_t_get
                0x00000000000039f0        0xc zephyr/libzephyr.a(log_core.c.obj)
                0x00000000000039f0                log_format_func_t_get
 .text.log_set_timestamp_func
                0x00000000000039fc       0x20 zephyr/libzephyr.a(log_core.c.obj)
                0x00000000000039fc                log_set_timestamp_func
 .text.log_core_init
                0x0000000000003a1c       0x4c zephyr/libzephyr.a(log_core.c.obj)
                0x0000000000003a1c                log_core_init
 .text.z_impl_log_panic
                0x0000000000003a68       0x3c zephyr/libzephyr.a(log_core.c.obj)
                0x0000000000003a68                z_impl_log_panic
 .text.z_log_dropped
                0x0000000000003aa4       0x30 zephyr/libzephyr.a(log_core.c.obj)
                0x0000000000003aa4                z_log_dropped
 .text.z_log_msg_commit
                0x0000000000003ad4       0x38 zephyr/libzephyr.a(log_core.c.obj)
                0x0000000000003ad4                z_log_msg_commit
 .text.log_source_name_get
                0x0000000000003b0c       0x1c zephyr/libzephyr.a(log_mgmt.c.obj)
                0x0000000000003b0c                log_source_name_get
 .text.z_log_msg_runtime_vcreate
                0x0000000000003b28       0xac zephyr/libzephyr.a(log_msg.c.obj)
                0x0000000000003b28                z_log_msg_runtime_vcreate
 .text.log_msg_get_source_id
                0x0000000000003bd4       0x18 zephyr/libzephyr.a(log_msg.c.obj)
                0x0000000000003bd4                log_msg_get_source_id
 .text.print_formatted
                0x0000000000003bec       0x24 zephyr/libzephyr.a(log_output.c.obj)
 .text.newline_print
                0x0000000000003c10       0x1c zephyr/libzephyr.a(log_output.c.obj)
 .text.log_output_process
                0x0000000000003c2c      0x2e0 zephyr/libzephyr.a(log_output.c.obj)
                0x0000000000003c2c                log_output_process
 .text.log_output_timestamp_freq_set
                0x0000000000003f0c       0x2c zephyr/libzephyr.a(log_output.c.obj)
                0x0000000000003f0c                log_output_timestamp_freq_set
 .text.char_out
                0x0000000000003f38       0x24 zephyr/libzephyr.a(log_backend_uart.c.obj)
 .text.mem_attr_get_regions
                0x0000000000003f5c        0xc zephyr/libzephyr.a(mem_attr.c.obj)
                0x0000000000003f5c                mem_attr_get_regions
 .text.z_arm_fatal_error
                0x0000000000003f68       0xc4 zephyr/arch/arch/arm/core/libarch__arm__core.a(fatal.c.obj)
                0x0000000000003f68                z_arm_fatal_error
 .text.z_SysNmiOnReset
                0x000000000000402c        0x8 zephyr/arch/arch/arm/core/libarch__arm__core.a(nmi_on_reset.S.obj)
                0x000000000000402c                z_SysNmiOnReset
 .text.arch_tls_stack_setup
                0x0000000000004034       0x40 zephyr/arch/arch/arm/core/libarch__arm__core.a(tls.c.obj)
                0x0000000000004034                arch_tls_stack_setup
 .text._HandlerModeExit
                0x0000000000004074       0x20 zephyr/arch/arch/arm/core/cortex_m/libarch__arm__core__cortex_m.a(exc_exit.c.obj)
                0x0000000000004074                z_arm_exc_exit
                0x0000000000004074                z_arm_int_exit
 .text.bus_fault.constprop.0
                0x0000000000004094      0x13c zephyr/arch/arch/arm/core/cortex_m/libarch__arm__core__cortex_m.a(fault.c.obj)
 .text.usage_fault.constprop.0
                0x00000000000041d0      0x108 zephyr/arch/arch/arm/core/cortex_m/libarch__arm__core__cortex_m.a(fault.c.obj)
 .text.mem_manage_fault
                0x00000000000042d8      0x164 zephyr/arch/arch/arm/core/cortex_m/libarch__arm__core__cortex_m.a(fault.c.obj)
 .text.z_arm_fault
                0x000000000000443c      0x20c zephyr/arch/arch/arm/core/cortex_m/libarch__arm__core__cortex_m.a(fault.c.obj)
                0x000000000000443c                z_arm_fault
 .text.z_arm_fault_init
                0x0000000000004648       0x18 zephyr/arch/arch/arm/core/cortex_m/libarch__arm__core__cortex_m.a(fault.c.obj)
                0x0000000000004648                z_arm_fault_init
 .text.__fault  0x0000000000004660       0x14 zephyr/arch/arch/arm/core/cortex_m/libarch__arm__core__cortex_m.a(fault_s.S.obj)
                0x0000000000004660                z_arm_bus_fault
                0x0000000000004660                z_arm_usage_fault
                0x0000000000004660                z_arm_mpu_fault
                0x0000000000004660                z_arm_exc_spurious
                0x0000000000004660                z_arm_debug_monitor
                0x0000000000004660                z_arm_hard_fault
 .text._reset_section
                0x0000000000004674       0x38 zephyr/arch/arch/arm/core/cortex_m/libarch__arm__core__cortex_m.a(reset.S.obj)
                0x0000000000004674                z_arm_reset
                0x0000000000004674                __start
 .text.z_impl_k_thread_abort
                0x00000000000046ac       0x2c zephyr/arch/arch/arm/core/cortex_m/libarch__arm__core__cortex_m.a(thread_abort.c.obj)
                0x00000000000046ac                z_impl_k_thread_abort
 .text.z_arm_pendsv
                0x00000000000046d8       0x60 zephyr/arch/arch/arm/core/cortex_m/libarch__arm__core__cortex_m.a(swap_helper.S.obj)
                0x00000000000046d8                z_arm_pendsv
 .text.z_arm_svc
                0x0000000000004738       0x24 zephyr/arch/arch/arm/core/cortex_m/libarch__arm__core__cortex_m.a(swap_helper.S.obj)
                0x0000000000004738                z_arm_svc
 .text.arm_irq_enable
                0x000000000000475c       0x1c zephyr/arch/arch/arm/core/cortex_m/libarch__arm__core__cortex_m.a(irq_manage.c.obj)
                0x000000000000475c                arm_irq_enable
 .text.arm_irq_disable
                0x0000000000004778       0x28 zephyr/arch/arch/arm/core/cortex_m/libarch__arm__core__cortex_m.a(irq_manage.c.obj)
                0x0000000000004778                arm_irq_disable
 .text.arm_irq_is_enabled
                0x00000000000047a0       0x1c zephyr/arch/arch/arm/core/cortex_m/libarch__arm__core__cortex_m.a(irq_manage.c.obj)
                0x00000000000047a0                arm_irq_is_enabled
 .text.arm_irq_priority_set
                0x00000000000047bc       0x30 zephyr/arch/arch/arm/core/cortex_m/libarch__arm__core__cortex_m.a(irq_manage.c.obj)
                0x00000000000047bc                arm_irq_priority_set
 .text.relocate_vector_table
                0x00000000000047ec       0x1c zephyr/arch/arch/arm/core/cortex_m/libarch__arm__core__cortex_m.a(prep_c.c.obj)
                0x00000000000047ec                relocate_vector_table
 .text.z_prep_c
                0x0000000000004808       0x38 zephyr/arch/arch/arm/core/cortex_m/libarch__arm__core__cortex_m.a(prep_c.c.obj)
                0x0000000000004808                z_prep_c
 .text.arch_new_thread
                0x0000000000004840       0x38 zephyr/arch/arch/arm/core/cortex_m/libarch__arm__core__cortex_m.a(thread.c.obj)
                0x0000000000004840                arch_new_thread
 .text.z_check_thread_stack_fail
                0x0000000000004878       0x2c zephyr/arch/arch/arm/core/cortex_m/libarch__arm__core__cortex_m.a(thread.c.obj)
                0x0000000000004878                z_check_thread_stack_fail
 .text.arch_switch_to_main_thread
                0x00000000000048a4       0x3c zephyr/arch/arch/arm/core/cortex_m/libarch__arm__core__cortex_m.a(thread.c.obj)
                0x00000000000048a4                arch_switch_to_main_thread
 .text.z_arm_cpu_idle_init
                0x00000000000048e0        0xc zephyr/arch/arch/arm/core/cortex_m/libarch__arm__core__cortex_m.a(cpu_idle.c.obj)
                0x00000000000048e0                z_arm_cpu_idle_init
 .text.z_arm_interrupt_init
                0x00000000000048ec       0x18 zephyr/arch/arch/arm/core/cortex_m/libarch__arm__core__cortex_m.a(irq_init.c.obj)
                0x00000000000048ec                z_arm_interrupt_init
 .text._isr_wrapper
                0x0000000000004904       0x24 zephyr/arch/arch/arm/core/cortex_m/libarch__arm__core__cortex_m.a(isr_wrapper.c.obj)
                0x0000000000004904                _isr_wrapper
 .text.z_arm_configure_static_mpu_regions
                0x0000000000004928       0x18 zephyr/arch/arch/arm/core/mpu/libarch__arm__core__mpu.a(arm_core_mpu.c.obj)
                0x0000000000004928                z_arm_configure_static_mpu_regions
 .text.z_arm_configure_dynamic_mpu_regions
                0x0000000000004940       0x20 zephyr/arch/arch/arm/core/mpu/libarch__arm__core__mpu.a(arm_core_mpu.c.obj)
                0x0000000000004940                z_arm_configure_dynamic_mpu_regions
 .text.region_allocate_and_init
                0x0000000000004960       0x60 zephyr/arch/arch/arm/core/mpu/libarch__arm__core__mpu.a(arm_mpu.c.obj)
 .text.mpu_configure_regions
                0x00000000000049c0       0x74 zephyr/arch/arch/arm/core/mpu/libarch__arm__core__mpu.a(arm_mpu.c.obj)
 .text.arm_core_mpu_enable
                0x0000000000004a34       0x18 zephyr/arch/arch/arm/core/mpu/libarch__arm__core__mpu.a(arm_mpu.c.obj)
                0x0000000000004a34                arm_core_mpu_enable
 .text.arm_core_mpu_disable
                0x0000000000004a4c       0x14 zephyr/arch/arch/arm/core/mpu/libarch__arm__core__mpu.a(arm_mpu.c.obj)
                0x0000000000004a4c                arm_core_mpu_disable
 .text.arm_core_mpu_configure_static_mpu_regions
                0x0000000000004a60       0x14 zephyr/arch/arch/arm/core/mpu/libarch__arm__core__mpu.a(arm_mpu.c.obj)
                0x0000000000004a60                arm_core_mpu_configure_static_mpu_regions
 .text.arm_core_mpu_configure_dynamic_mpu_regions
                0x0000000000004a74       0x38 zephyr/arch/arch/arm/core/mpu/libarch__arm__core__mpu.a(arm_mpu.c.obj)
                0x0000000000004a74                arm_core_mpu_configure_dynamic_mpu_regions
 .text.z_arm_mpu_init
                0x0000000000004aac      0x17c zephyr/arch/arch/arm/core/mpu/libarch__arm__core__mpu.a(arm_mpu.c.obj)
                0x0000000000004aac                z_arm_mpu_init
 .text.cbvprintf
                0x0000000000004c28       0x38 zephyr/lib/libc/picolibc/liblib__libc__picolibc.a(cbprintf.c.obj)
                0x0000000000004c28                cbvprintf
 .text.z_impl_zephyr_fputc
                0x0000000000004c60       0x10 zephyr/lib/libc/picolibc/liblib__libc__picolibc.a(stdio.c.obj)
                0x0000000000004c60                z_impl_zephyr_fputc
 .text.__stdout_hook_install
                0x0000000000004c70       0x18 zephyr/lib/libc/picolibc/liblib__libc__picolibc.a(stdio.c.obj)
                0x0000000000004c70                __stdout_hook_install
 .text.malloc_prepare
                0x0000000000004c88       0x24 zephyr/lib/libc/common/liblib__libc__common.a(malloc.c.obj)
 .text.net_buf_destroy
                0x0000000000004cac       0x38 zephyr/lib/net_buf/liblib__net_buf.a(buf.c.obj)
 .text.net_buf_pool_get
                0x0000000000004ce4       0x10 zephyr/lib/net_buf/liblib__net_buf.a(buf.c.obj)
                0x0000000000004ce4                net_buf_pool_get
 .text.net_buf_id
                0x0000000000004cf4       0x20 zephyr/lib/net_buf/liblib__net_buf.a(buf.c.obj)
                0x0000000000004cf4                net_buf_id
 .text.fixed_data_alloc
                0x0000000000004d14       0x24 zephyr/lib/net_buf/liblib__net_buf.a(buf.c.obj)
 .text.net_buf_alloc_len
                0x0000000000004d38       0xfc zephyr/lib/net_buf/liblib__net_buf.a(buf.c.obj)
                0x0000000000004d38                net_buf_alloc_len
 .text.net_buf_unref
                0x0000000000004e34       0x38 zephyr/lib/net_buf/liblib__net_buf.a(buf.c.obj)
                0x0000000000004e34                net_buf_unref
 .text.nordicsemi_nrf52_init
                0x0000000000004e6c       0x18 zephyr/soc/soc/nrf52832/libsoc__nordic.a(soc.c.obj)
 .text.arch_busy_wait
                0x0000000000004e84       0x14 zephyr/soc/soc/nrf52832/libsoc__nordic.a(soc.c.obj)
                0x0000000000004e84                arch_busy_wait
 .text.bt_hex   0x0000000000004e98       0x44 zephyr/subsys/bluetooth/common/libsubsys__bluetooth__common.a(bt_str.c.obj)
                0x0000000000004e98                bt_hex
 .text.bt_addr_le_str
                0x0000000000004edc       0x7c zephyr/subsys/bluetooth/common/libsubsys__bluetooth__common.a(bt_str.c.obj)
                0x0000000000004edc                bt_addr_le_str
 .text.uuid_to_uuid128
                0x0000000000004f58       0x78 zephyr/subsys/bluetooth/host/libsubsys__bluetooth__host.a(uuid.c.obj)
 .text.hci_rx_pool_destroy
                0x0000000000004fd0       0x20 zephyr/subsys/bluetooth/host/libsubsys__bluetooth__host.a(buf.c.obj)
 .text.bt_buf_get_rx
                0x0000000000004ff0       0x30 zephyr/subsys/bluetooth/host/libsubsys__bluetooth__host.a(buf.c.obj)
                0x0000000000004ff0                bt_buf_get_rx
 .text.bt_buf_get_evt
                0x0000000000005020       0x3c zephyr/subsys/bluetooth/host/libsubsys__bluetooth__host.a(buf.c.obj)
                0x0000000000005020                bt_buf_get_evt
 .text.hci_disconn_complete_prio
                0x000000000000505c       0x4c zephyr/subsys/bluetooth/host/libsubsys__bluetooth__host.a(hci_core.c.obj)
 .text.find_pending_connect.part.0
                0x00000000000050a8       0x2c zephyr/subsys/bluetooth/host/libsubsys__bluetooth__host.a(hci_core.c.obj)
 .text.handle_event_common
                0x00000000000050d4       0x5c zephyr/subsys/bluetooth/host/libsubsys__bluetooth__host.a(hci_core.c.obj)
 .text.hci_vendor_event
                0x0000000000005130       0x54 zephyr/subsys/bluetooth/host/libsubsys__bluetooth__host.a(hci_core.c.obj)
 .text.hci_data_buf_overflow
                0x0000000000005184       0x2c zephyr/subsys/bluetooth/host/libsubsys__bluetooth__host.a(hci_core.c.obj)
 .text.rx_queue_put
                0x00000000000051b0       0x48 zephyr/subsys/bluetooth/host/libsubsys__bluetooth__host.a(hci_core.c.obj)
 .text.handle_event
                0x00000000000051f8       0x40 zephyr/subsys/bluetooth/host/libsubsys__bluetooth__host.a(hci_core.c.obj)
 .text.rx_work_handler
                0x0000000000005238      0x16c zephyr/subsys/bluetooth/host/libsubsys__bluetooth__host.a(hci_core.c.obj)
 .text.hci_le_meta_event
                0x00000000000053a4       0x20 zephyr/subsys/bluetooth/host/libsubsys__bluetooth__host.a(hci_core.c.obj)
 .text.hci_hardware_error
                0x00000000000053c4       0x30 zephyr/subsys/bluetooth/host/libsubsys__bluetooth__host.a(hci_core.c.obj)
 .text.le_phy_update_complete
                0x00000000000053f4       0x3c zephyr/subsys/bluetooth/host/libsubsys__bluetooth__host.a(hci_core.c.obj)
 .text.hci_disconn_complete
                0x0000000000005430       0x8c zephyr/subsys/bluetooth/host/libsubsys__bluetooth__host.a(hci_core.c.obj)
 .text.le_remote_feat_complete
                0x00000000000054bc       0x60 zephyr/subsys/bluetooth/host/libsubsys__bluetooth__host.a(hci_core.c.obj)
 .text.hci_cmd_done
                0x000000000000551c      0x154 zephyr/subsys/bluetooth/host/libsubsys__bluetooth__host.a(hci_core.c.obj)
 .text.hci_num_completed_packets
                0x0000000000005670       0xfc zephyr/subsys/bluetooth/host/libsubsys__bluetooth__host.a(hci_core.c.obj)
 .text.le_conn_update_complete
                0x000000000000576c      0x14c zephyr/subsys/bluetooth/host/libsubsys__bluetooth__host.a(hci_core.c.obj)
 .text.hci_reset_complete
                0x00000000000058b8       0x30 zephyr/subsys/bluetooth/host/libsubsys__bluetooth__host.a(hci_core.c.obj)
 .text.bt_hci_cmd_state_set_init
                0x00000000000058e8       0x24 zephyr/subsys/bluetooth/host/libsubsys__bluetooth__host.a(hci_core.c.obj)
                0x00000000000058e8                bt_hci_cmd_state_set_init
 .text.bt_hci_cmd_alloc
                0x000000000000590c       0x50 zephyr/subsys/bluetooth/host/libsubsys__bluetooth__host.a(hci_core.c.obj)
                0x000000000000590c                bt_hci_cmd_alloc
 .text.bt_hci_get_ver_str
                0x000000000000595c       0x3c zephyr/subsys/bluetooth/host/libsubsys__bluetooth__host.a(hci_core.c.obj)
                0x000000000000595c                bt_hci_get_ver_str
 .text.bt_send  0x0000000000005998       0x14 zephyr/subsys/bluetooth/host/libsubsys__bluetooth__host.a(hci_core.c.obj)
                0x0000000000005998                bt_send
 .text.hci_event_prio
                0x00000000000059ac       0xb8 zephyr/subsys/bluetooth/host/libsubsys__bluetooth__host.a(hci_core.c.obj)
                0x00000000000059ac                hci_event_prio
 .text.bt_hci_recv
                0x0000000000005a64       0x6c zephyr/subsys/bluetooth/host/libsubsys__bluetooth__host.a(hci_core.c.obj)
                0x0000000000005a64                bt_hci_recv
 .text.bt_finalize_init
                0x0000000000005ad0      0x118 zephyr/subsys/bluetooth/host/libsubsys__bluetooth__host.a(hci_core.c.obj)
                0x0000000000005ad0                bt_finalize_init
 .text.bt_get_name
                0x0000000000005be8        0x8 zephyr/subsys/bluetooth/host/libsubsys__bluetooth__host.a(hci_core.c.obj)
                0x0000000000005be8                bt_get_name
 .text.bt_tx_irq_raise
                0x0000000000005bf0        0xc zephyr/subsys/bluetooth/host/libsubsys__bluetooth__host.a(hci_core.c.obj)
                0x0000000000005bf0                bt_tx_irq_raise
 .text.bt_hci_cmd_send
                0x0000000000005bfc       0xa8 zephyr/subsys/bluetooth/host/libsubsys__bluetooth__host.a(hci_core.c.obj)
                0x0000000000005bfc                bt_hci_cmd_send
 .text.le_conn_param_neg_reply
                0x0000000000005ca4       0x50 zephyr/subsys/bluetooth/host/libsubsys__bluetooth__host.a(hci_core.c.obj)
 .text.le_conn_param_req
                0x0000000000005cf4       0xcc zephyr/subsys/bluetooth/host/libsubsys__bluetooth__host.a(hci_core.c.obj)
 .text.process_pending_cmd
                0x0000000000005dc0       0xec zephyr/subsys/bluetooth/host/libsubsys__bluetooth__host.a(hci_core.c.obj)
 .text.bt_hci_cmd_send_sync
                0x0000000000005eac      0x1a4 zephyr/subsys/bluetooth/host/libsubsys__bluetooth__host.a(hci_core.c.obj)
                0x0000000000005eac                bt_hci_cmd_send_sync
 .text.bt_init  0x0000000000006050      0x448 zephyr/subsys/bluetooth/host/libsubsys__bluetooth__host.a(hci_core.c.obj)
 .text.init_work
                0x0000000000006498       0x18 zephyr/subsys/bluetooth/host/libsubsys__bluetooth__host.a(hci_core.c.obj)
 .text.bt_enable
                0x00000000000064b0       0xe4 zephyr/subsys/bluetooth/host/libsubsys__bluetooth__host.a(hci_core.c.obj)
                0x00000000000064b0                bt_enable
 .text.bt_le_create_conn_legacy
                0x0000000000006594       0xa0 zephyr/subsys/bluetooth/host/libsubsys__bluetooth__host.a(hci_core.c.obj)
 .text.enh_conn_complete_error_handle
                0x0000000000006634      0x134 zephyr/subsys/bluetooth/host/libsubsys__bluetooth__host.a(hci_core.c.obj)
 .text.bt_le_create_conn_cancel
                0x0000000000006768       0x3c zephyr/subsys/bluetooth/host/libsubsys__bluetooth__host.a(hci_core.c.obj)
                0x0000000000006768                bt_le_create_conn_cancel
 .text.bt_hci_le_enh_conn_complete
                0x00000000000067a4      0x1d4 zephyr/subsys/bluetooth/host/libsubsys__bluetooth__host.a(hci_core.c.obj)
                0x00000000000067a4                bt_hci_le_enh_conn_complete
 .text.le_legacy_conn_complete
                0x0000000000006978       0x74 zephyr/subsys/bluetooth/host/libsubsys__bluetooth__host.a(hci_core.c.obj)
 .text.bt_disable
                0x00000000000069ec       0xf4 zephyr/subsys/bluetooth/host/libsubsys__bluetooth__host.a(hci_core.c.obj)
                0x00000000000069ec                bt_disable
 .text.hci_cmd_status
                0x0000000000006ae0       0x30 zephyr/subsys/bluetooth/host/libsubsys__bluetooth__host.a(hci_core.c.obj)
 .text.hci_cmd_complete
                0x0000000000006b10       0x68 zephyr/subsys/bluetooth/host/libsubsys__bluetooth__host.a(hci_core.c.obj)
 .text.bt_hci_evt_create
                0x0000000000006b78       0x50 zephyr/subsys/bluetooth/host/libsubsys__bluetooth__host.a(hci_common.c.obj)
                0x0000000000006b78                bt_hci_evt_create
 .text.id_find  0x0000000000006bc8       0x30 zephyr/subsys/bluetooth/host/libsubsys__bluetooth__host.a(id.c.obj)
 .text.set_random_address
                0x0000000000006bf8       0x84 zephyr/subsys/bluetooth/host/libsubsys__bluetooth__host.a(id.c.obj)
 .text.id_create.constprop.0
                0x0000000000006c7c       0x74 zephyr/subsys/bluetooth/host/libsubsys__bluetooth__host.a(id.c.obj)
 .text.bt_id_adv_random_addr_check
                0x0000000000006cf0       0x20 zephyr/subsys/bluetooth/host/libsubsys__bluetooth__host.a(id.c.obj)
                0x0000000000006cf0                bt_id_adv_random_addr_check
 .text.bt_id_create
                0x0000000000006d10       0xa4 zephyr/subsys/bluetooth/host/libsubsys__bluetooth__host.a(id.c.obj)
                0x0000000000006d10                bt_id_create
 .text.bt_id_read_public_addr
                0x0000000000006db4       0xa0 zephyr/subsys/bluetooth/host/libsubsys__bluetooth__host.a(id.c.obj)
                0x0000000000006db4                bt_id_read_public_addr
 .text.bt_setup_public_id_addr
                0x0000000000006e54       0x20 zephyr/subsys/bluetooth/host/libsubsys__bluetooth__host.a(id.c.obj)
                0x0000000000006e54                bt_setup_public_id_addr
 .text.bt_setup_random_id_addr
                0x0000000000006e74       0xe0 zephyr/subsys/bluetooth/host/libsubsys__bluetooth__host.a(id.c.obj)
                0x0000000000006e74                bt_setup_random_id_addr
 .text.bt_id_set_create_conn_own_addr
                0x0000000000006f54       0x2c zephyr/subsys/bluetooth/host/libsubsys__bluetooth__host.a(id.c.obj)
                0x0000000000006f54                bt_id_set_create_conn_own_addr
 .text.bt_id_set_scan_own_addr
                0x0000000000006f80       0x60 zephyr/subsys/bluetooth/host/libsubsys__bluetooth__host.a(id.c.obj)
                0x0000000000006f80                bt_id_set_scan_own_addr
 .text.bt_id_set_adv_own_addr
                0x0000000000006fe0      0x128 zephyr/subsys/bluetooth/host/libsubsys__bluetooth__host.a(id.c.obj)
                0x0000000000006fe0                bt_id_set_adv_own_addr
 .text.bt_id_init
                0x0000000000007108       0x60 zephyr/subsys/bluetooth/host/libsubsys__bluetooth__host.a(id.c.obj)
                0x0000000000007108                bt_id_init
 .text.hci_set_ad
                0x0000000000007168       0xe4 zephyr/subsys/bluetooth/host/libsubsys__bluetooth__host.a(adv.c.obj)
 .text.valid_adv_param
                0x000000000000724c       0x84 zephyr/subsys/bluetooth/host/libsubsys__bluetooth__host.a(adv.c.obj)
 .text.adv_is_directed
                0x00000000000072d0       0x18 zephyr/subsys/bluetooth/host/libsubsys__bluetooth__host.a(adv.c.obj)
 .text.le_adv_start_add_conn
                0x00000000000072e8       0x60 zephyr/subsys/bluetooth/host/libsubsys__bluetooth__host.a(adv.c.obj)
 .text.bt_adv_reset_adv_pool
                0x0000000000007348       0x10 zephyr/subsys/bluetooth/host/libsubsys__bluetooth__host.a(adv.c.obj)
                0x0000000000007348                bt_adv_reset_adv_pool
 .text.bt_le_adv_lookup_legacy
                0x0000000000007358        0x8 zephyr/subsys/bluetooth/host/libsubsys__bluetooth__host.a(adv.c.obj)
                0x0000000000007358                bt_le_adv_lookup_legacy
 .text.bt_le_adv_start_legacy
                0x0000000000007360      0x284 zephyr/subsys/bluetooth/host/libsubsys__bluetooth__host.a(adv.c.obj)
                0x0000000000007360                bt_le_adv_start_legacy
 .text.bt_le_adv_start
                0x00000000000075e4       0x64 zephyr/subsys/bluetooth/host/libsubsys__bluetooth__host.a(adv.c.obj)
                0x00000000000075e4                bt_le_adv_start
 .text.bt_le_adv_stop
                0x0000000000007648       0x98 zephyr/subsys/bluetooth/host/libsubsys__bluetooth__host.a(adv.c.obj)
                0x0000000000007648                bt_le_adv_stop
 .text.adv_timeout
                0x00000000000076e0       0x2c zephyr/subsys/bluetooth/host/libsubsys__bluetooth__host.a(adv.c.obj)
 .text.bt_le_adv_resume
                0x000000000000770c      0x120 zephyr/subsys/bluetooth/host/libsubsys__bluetooth__host.a(adv.c.obj)
                0x000000000000770c                bt_le_adv_resume
 .text.cmd_le_set_scan_enable_legacy
                0x000000000000782c       0x4c zephyr/subsys/bluetooth/host/libsubsys__bluetooth__host.a(scan.c.obj)
 .text.scan_check_if_state_allowed
                0x0000000000007878       0x3c zephyr/subsys/bluetooth/host/libsubsys__bluetooth__host.a(scan.c.obj)
 .text.atomic_clear_bit.constprop.0
                0x00000000000078b4       0x30 zephyr/subsys/bluetooth/host/libsubsys__bluetooth__host.a(scan.c.obj)
 .text.scan_update
                0x00000000000078e4      0x194 zephyr/subsys/bluetooth/host/libsubsys__bluetooth__host.a(scan.c.obj)
 .text.bt_scan_reset
                0x0000000000007a78       0x30 zephyr/subsys/bluetooth/host/libsubsys__bluetooth__host.a(scan.c.obj)
                0x0000000000007a78                bt_scan_reset
 .text.bt_le_scan_set_enable
                0x0000000000007aa8       0x18 zephyr/subsys/bluetooth/host/libsubsys__bluetooth__host.a(scan.c.obj)
                0x0000000000007aa8                bt_le_scan_set_enable
 .text.bt_le_scan_user_add
                0x0000000000007ac0       0x54 zephyr/subsys/bluetooth/host/libsubsys__bluetooth__host.a(scan.c.obj)
                0x0000000000007ac0                bt_le_scan_user_add
 .text.bt_hci_le_adv_report
                0x0000000000007b14      0x230 zephyr/subsys/bluetooth/host/libsubsys__bluetooth__host.a(scan.c.obj)
                0x0000000000007b14                bt_hci_le_adv_report
 .text.bt_le_scan_start
                0x0000000000007d44       0xa0 zephyr/subsys/bluetooth/host/libsubsys__bluetooth__host.a(scan.c.obj)
                0x0000000000007d44                bt_le_scan_start
 .text.bt_le_scan_stop
                0x0000000000007de4       0x10 zephyr/subsys/bluetooth/host/libsubsys__bluetooth__host.a(scan.c.obj)
                0x0000000000007de4                bt_le_scan_stop
 .text.notify_connected
                0x0000000000007df4       0x40 zephyr/subsys/bluetooth/host/libsubsys__bluetooth__host.a(conn.c.obj)
 .text.frag_destroy
                0x0000000000007e34       0x20 zephyr/subsys/bluetooth/host/libsubsys__bluetooth__host.a(conn.c.obj)
                0x0000000000007e34                frag_destroy
 .text.conn_tx_destroy
                0x0000000000007e54       0x2c zephyr/subsys/bluetooth/host/libsubsys__bluetooth__host.a(conn.c.obj)
 .text.recycled_work_handler
                0x0000000000007e80       0x54 zephyr/subsys/bluetooth/host/libsubsys__bluetooth__host.a(conn.c.obj)
 .text.tx_notify_process
                0x0000000000007ed4       0x60 zephyr/subsys/bluetooth/host/libsubsys__bluetooth__host.a(conn.c.obj)
 .text.perform_auto_initiated_procedures
                0x0000000000007f34       0xa4 zephyr/subsys/bluetooth/host/libsubsys__bluetooth__host.a(conn.c.obj)
 .text.bt_conn_get_pkts
                0x0000000000007fd8       0x18 zephyr/subsys/bluetooth/host/libsubsys__bluetooth__host.a(conn.c.obj)
                0x0000000000007fd8                bt_conn_get_pkts
 .text.bt_conn_tx_notify
                0x0000000000007ff0       0x48 zephyr/subsys/bluetooth/host/libsubsys__bluetooth__host.a(conn.c.obj)
                0x0000000000007ff0                bt_conn_tx_notify
 .text.bt_conn_new
                0x0000000000008038       0x64 zephyr/subsys/bluetooth/host/libsubsys__bluetooth__host.a(conn.c.obj)
                0x0000000000008038                bt_conn_new
 .text.bt_conn_recv
                0x000000000000809c      0x134 zephyr/subsys/bluetooth/host/libsubsys__bluetooth__host.a(conn.c.obj)
                0x000000000000809c                bt_conn_recv
 .text.bt_conn_data_ready
                0x00000000000081d0       0x54 zephyr/subsys/bluetooth/host/libsubsys__bluetooth__host.a(conn.c.obj)
                0x00000000000081d0                bt_conn_data_ready
 .text.get_conn_ready
                0x0000000000008224      0x104 zephyr/subsys/bluetooth/host/libsubsys__bluetooth__host.a(conn.c.obj)
                0x0000000000008224                get_conn_ready
 .text.bt_conn_unref
                0x0000000000008328       0x54 zephyr/subsys/bluetooth/host/libsubsys__bluetooth__host.a(conn.c.obj)
                0x0000000000008328                bt_conn_unref
 .text.bt_conn_set_state
                0x000000000000837c      0x210 zephyr/subsys/bluetooth/host/libsubsys__bluetooth__host.a(conn.c.obj)
                0x000000000000837c                bt_conn_set_state
 .text.bt_conn_lookup_handle
                0x000000000000858c       0x4c zephyr/subsys/bluetooth/host/libsubsys__bluetooth__host.a(conn.c.obj)
                0x000000000000858c                bt_conn_lookup_handle
 .text.bt_conn_foreach
                0x00000000000085d8       0x30 zephyr/subsys/bluetooth/host/libsubsys__bluetooth__host.a(conn.c.obj)
                0x00000000000085d8                bt_conn_foreach
 .text.bt_conn_cleanup_all
                0x0000000000008608       0x10 zephyr/subsys/bluetooth/host/libsubsys__bluetooth__host.a(conn.c.obj)
                0x0000000000008608                bt_conn_cleanup_all
 .text.auto_initiated_procedures
                0x0000000000008618       0x10 zephyr/subsys/bluetooth/host/libsubsys__bluetooth__host.a(conn.c.obj)
 .text.bt_conn_index
                0x0000000000008628       0x18 zephyr/subsys/bluetooth/host/libsubsys__bluetooth__host.a(conn.c.obj)
                0x0000000000008628                bt_conn_index
 .text.bt_conn_create_pdu_timeout
                0x0000000000008640       0x84 zephyr/subsys/bluetooth/host/libsubsys__bluetooth__host.a(conn.c.obj)
                0x0000000000008640                bt_conn_create_pdu_timeout
 .text.bt_conn_connected
                0x00000000000086c4       0x20 zephyr/subsys/bluetooth/host/libsubsys__bluetooth__host.a(conn.c.obj)
                0x00000000000086c4                bt_conn_connected
 .text.bt_conn_tx_processor
                0x00000000000086e4      0x258 zephyr/subsys/bluetooth/host/libsubsys__bluetooth__host.a(conn.c.obj)
                0x00000000000086e4                bt_conn_tx_processor
 .text.notify_le_param_updated
                0x000000000000893c       0x94 zephyr/subsys/bluetooth/host/libsubsys__bluetooth__host.a(conn.c.obj)
                0x000000000000893c                notify_le_param_updated
 .text.le_param_req
                0x00000000000089d0       0x78 zephyr/subsys/bluetooth/host/libsubsys__bluetooth__host.a(conn.c.obj)
                0x00000000000089d0                le_param_req
 .text.bt_conn_add_le
                0x0000000000008a48       0x54 zephyr/subsys/bluetooth/host/libsubsys__bluetooth__host.a(conn.c.obj)
                0x0000000000008a48                bt_conn_add_le
 .text.bt_conn_lookup_addr_le
                0x0000000000008a9c       0x34 zephyr/subsys/bluetooth/host/libsubsys__bluetooth__host.a(conn.c.obj)
                0x0000000000008a9c                bt_conn_lookup_addr_le
 .text.bt_conn_exists_le
                0x0000000000008ad0       0x58 zephyr/subsys/bluetooth/host/libsubsys__bluetooth__host.a(conn.c.obj)
                0x0000000000008ad0                bt_conn_exists_le
 .text.bt_conn_lookup_state_le
                0x0000000000008b28       0x44 zephyr/subsys/bluetooth/host/libsubsys__bluetooth__host.a(conn.c.obj)
                0x0000000000008b28                bt_conn_lookup_state_le
 .text.send_conn_le_param_update
                0x0000000000008b6c       0x68 zephyr/subsys/bluetooth/host/libsubsys__bluetooth__host.a(conn.c.obj)
 .text.deferred_work
                0x0000000000008bd4      0x140 zephyr/subsys/bluetooth/host/libsubsys__bluetooth__host.a(conn.c.obj)
 .text.bt_conn_init
                0x0000000000008d14       0x6c zephyr/subsys/bluetooth/host/libsubsys__bluetooth__host.a(conn.c.obj)
                0x0000000000008d14                bt_conn_init
 .text.l2cap_accept
                0x0000000000008d80       0x40 zephyr/subsys/bluetooth/host/libsubsys__bluetooth__host.a(l2cap.c.obj)
 .text.bt_l2cap_connected
                0x0000000000008dc0       0xa8 zephyr/subsys/bluetooth/host/libsubsys__bluetooth__host.a(l2cap.c.obj)
                0x0000000000008dc0                bt_l2cap_connected
 .text.bt_l2cap_create_pdu_timeout
                0x0000000000008e68       0x34 zephyr/subsys/bluetooth/host/libsubsys__bluetooth__host.a(l2cap.c.obj)
                0x0000000000008e68                bt_l2cap_create_pdu_timeout
 .text.l2cap_create_le_sig_pdu
                0x0000000000008e9c       0x50 zephyr/subsys/bluetooth/host/libsubsys__bluetooth__host.a(l2cap.c.obj)
 .text.bt_l2cap_send_pdu
                0x0000000000008eec       0x60 zephyr/subsys/bluetooth/host/libsubsys__bluetooth__host.a(l2cap.c.obj)
                0x0000000000008eec                bt_l2cap_send_pdu
 .text.l2cap_data_pull
                0x0000000000008f4c       0xf8 zephyr/subsys/bluetooth/host/libsubsys__bluetooth__host.a(l2cap.c.obj)
                0x0000000000008f4c                l2cap_data_pull
 .text.l2cap_recv
                0x0000000000009044      0x18c zephyr/subsys/bluetooth/host/libsubsys__bluetooth__host.a(l2cap.c.obj)
 .text.bt_l2cap_recv
                0x00000000000091d0       0x70 zephyr/subsys/bluetooth/host/libsubsys__bluetooth__host.a(l2cap.c.obj)
                0x00000000000091d0                bt_l2cap_recv
 .text.bt_l2cap_update_conn_param
                0x0000000000009240       0x50 zephyr/subsys/bluetooth/host/libsubsys__bluetooth__host.a(l2cap.c.obj)
                0x0000000000009240                bt_l2cap_update_conn_param
 .text.att_op_get_type
                0x0000000000009290       0x74 zephyr/subsys/bluetooth/host/libsubsys__bluetooth__host.a(att.c.obj)
 .text.bt_att_released
                0x0000000000009304        0xc zephyr/subsys/bluetooth/host/libsubsys__bluetooth__host.a(att.c.obj)
 .text.bt_att_chan_create_pdu
                0x0000000000009310       0xd4 zephyr/subsys/bluetooth/host/libsubsys__bluetooth__host.a(att.c.obj)
 .text.find_type_cb
                0x00000000000093e4      0x174 zephyr/subsys/bluetooth/host/libsubsys__bluetooth__host.a(att.c.obj)
 .text.bt_att_connected
                0x0000000000009558       0x40 zephyr/subsys/bluetooth/host/libsubsys__bluetooth__host.a(att.c.obj)
 .text.bt_addr_le_to_str.constprop.0.isra.0
                0x0000000000009598       0x78 zephyr/subsys/bluetooth/host/libsubsys__bluetooth__host.a(att.c.obj)
 .text.read_group_cb
                0x0000000000009610       0xb8 zephyr/subsys/bluetooth/host/libsubsys__bluetooth__host.a(att.c.obj)
 .text.bt_att_accept
                0x00000000000096c8      0x100 zephyr/subsys/bluetooth/host/libsubsys__bluetooth__host.a(att.c.obj)
 .text.read_type_cb
                0x00000000000097c8       0xac zephyr/subsys/bluetooth/host/libsubsys__bluetooth__host.a(att.c.obj)
 .text.chan_send
                0x0000000000009874      0x108 zephyr/subsys/bluetooth/host/libsubsys__bluetooth__host.a(att.c.obj)
 .text.att_tx_destroy
                0x000000000000997c      0x130 zephyr/subsys/bluetooth/host/libsubsys__bluetooth__host.a(att.c.obj)
 .text.bt_att_recv
                0x0000000000009aac       0xec zephyr/subsys/bluetooth/host/libsubsys__bluetooth__host.a(att.c.obj)
 .text.att_write_rsp.constprop.0
                0x0000000000009b98       0xc0 zephyr/subsys/bluetooth/host/libsubsys__bluetooth__host.a(att.c.obj)
 .text.att_get  0x0000000000009c58       0x70 zephyr/subsys/bluetooth/host/libsubsys__bluetooth__host.a(att.c.obj)
 .text.bt_att_create_pdu
                0x0000000000009cc8       0x74 zephyr/subsys/bluetooth/host/libsubsys__bluetooth__host.a(att.c.obj)
                0x0000000000009cc8                bt_att_create_pdu
 .text.bt_att_create_rsp_pdu
                0x0000000000009d3c       0x6c zephyr/subsys/bluetooth/host/libsubsys__bluetooth__host.a(att.c.obj)
                0x0000000000009d3c                bt_att_create_rsp_pdu
 .text.att_read_group_req
                0x0000000000009da8       0xf0 zephyr/subsys/bluetooth/host/libsubsys__bluetooth__host.a(att.c.obj)
 .text.att_read_mult_vl_req
                0x0000000000009e98       0x9c zephyr/subsys/bluetooth/host/libsubsys__bluetooth__host.a(att.c.obj)
 .text.att_read_mult_req
                0x0000000000009f34       0x9c zephyr/subsys/bluetooth/host/libsubsys__bluetooth__host.a(att.c.obj)
 .text.att_read_rsp
                0x0000000000009fd0       0x90 zephyr/subsys/bluetooth/host/libsubsys__bluetooth__host.a(att.c.obj)
 .text.att_read_type_req
                0x000000000000a060      0x114 zephyr/subsys/bluetooth/host/libsubsys__bluetooth__host.a(att.c.obj)
 .text.att_find_type_req
                0x000000000000a174       0xc0 zephyr/subsys/bluetooth/host/libsubsys__bluetooth__host.a(att.c.obj)
 .text.att_find_info_req
                0x000000000000a234       0x6c zephyr/subsys/bluetooth/host/libsubsys__bluetooth__host.a(att.c.obj)
 .text.bt_att_req_alloc
                0x000000000000a2a0       0x5c zephyr/subsys/bluetooth/host/libsubsys__bluetooth__host.a(att.c.obj)
                0x000000000000a2a0                bt_att_req_alloc
 .text.bt_att_req_free
                0x000000000000a2fc       0x20 zephyr/subsys/bluetooth/host/libsubsys__bluetooth__host.a(att.c.obj)
                0x000000000000a2fc                bt_att_req_free
 .text.att_handle_rsp
                0x000000000000a31c       0x8c zephyr/subsys/bluetooth/host/libsubsys__bluetooth__host.a(att.c.obj)
 .text.bt_att_disconnected
                0x000000000000a3a8       0xc8 zephyr/subsys/bluetooth/host/libsubsys__bluetooth__host.a(att.c.obj)
 .text.att_disconnect
                0x000000000000a470       0x4c zephyr/subsys/bluetooth/host/libsubsys__bluetooth__host.a(att.c.obj)
 .text.att_timeout
                0x000000000000a4bc       0x40 zephyr/subsys/bluetooth/host/libsubsys__bluetooth__host.a(att.c.obj)
 .text.bt_att_set_tx_meta_data
                0x000000000000a4fc       0x24 zephyr/subsys/bluetooth/host/libsubsys__bluetooth__host.a(att.c.obj)
                0x000000000000a4fc                bt_att_set_tx_meta_data
 .text.find_sc_cfg
                0x000000000000a520       0x24 zephyr/subsys/bluetooth/host/libsubsys__bluetooth__host.a(gatt.c.obj)
 .text.bt_gatt_attr_read.part.0
                0x000000000000a544       0x2c zephyr/subsys/bluetooth/host/libsubsys__bluetooth__host.a(gatt.c.obj)
 .text.read_ppcp
                0x000000000000a570       0x28 zephyr/subsys/bluetooth/host/libsubsys__bluetooth__host.a(gatt.c.obj)
 .text.sc_save  0x000000000000a598       0x6c zephyr/subsys/bluetooth/host/libsubsys__bluetooth__host.a(gatt.c.obj)
 .text.sc_indicate_rsp
                0x000000000000a604       0x38 zephyr/subsys/bluetooth/host/libsubsys__bluetooth__host.a(gatt.c.obj)
 .text.disconnected_cb
                0x000000000000a63c       0xb4 zephyr/subsys/bluetooth/host/libsubsys__bluetooth__host.a(gatt.c.obj)
 .text.find_ccc_cfg
                0x000000000000a6f0       0x2c zephyr/subsys/bluetooth/host/libsubsys__bluetooth__host.a(gatt.c.obj)
 .text.bt_gatt_attr_write_ccc
                0x000000000000a71c       0xdc zephyr/subsys/bluetooth/host/libsubsys__bluetooth__host.a(gatt.c.obj)
                0x000000000000a71c                bt_gatt_attr_write_ccc
 .text.bt_gatt_init
                0x000000000000a7f8       0x80 zephyr/subsys/bluetooth/host/libsubsys__bluetooth__host.a(gatt.c.obj)
                0x000000000000a7f8                bt_gatt_init
 .text.bt_gatt_attr_get_handle
                0x000000000000a878       0x60 zephyr/subsys/bluetooth/host/libsubsys__bluetooth__host.a(gatt.c.obj)
                0x000000000000a878                bt_gatt_attr_get_handle
 .text.bt_gatt_foreach_attr_type
                0x000000000000a8d8       0xb4 zephyr/subsys/bluetooth/host/libsubsys__bluetooth__host.a(gatt.c.obj)
                0x000000000000a8d8                bt_gatt_foreach_attr_type
 .text.bt_gatt_attr_next
                0x000000000000a98c       0x24 zephyr/subsys/bluetooth/host/libsubsys__bluetooth__host.a(gatt.c.obj)
                0x000000000000a98c                bt_gatt_attr_next
 .text.bt_gatt_is_subscribed
                0x000000000000a9b0      0x188 zephyr/subsys/bluetooth/host/libsubsys__bluetooth__host.a(gatt.c.obj)
                0x000000000000a9b0                bt_gatt_is_subscribed
 .text.gatt_indicate
                0x000000000000ab38       0xec zephyr/subsys/bluetooth/host/libsubsys__bluetooth__host.a(gatt.c.obj)
 .text.bt_gatt_indicate
                0x000000000000ac24       0xf4 zephyr/subsys/bluetooth/host/libsubsys__bluetooth__host.a(gatt.c.obj)
                0x000000000000ac24                bt_gatt_indicate
 .text.sc_process
                0x000000000000ad18       0x78 zephyr/subsys/bluetooth/host/libsubsys__bluetooth__host.a(gatt.c.obj)
 .text.update_ccc
                0x000000000000ad90       0xf8 zephyr/subsys/bluetooth/host/libsubsys__bluetooth__host.a(gatt.c.obj)
 .text.gatt_notify
                0x000000000000ae88       0xb8 zephyr/subsys/bluetooth/host/libsubsys__bluetooth__host.a(gatt.c.obj)
 .text.notify_cb
                0x000000000000af40      0x124 zephyr/subsys/bluetooth/host/libsubsys__bluetooth__host.a(gatt.c.obj)
 .text.bt_gatt_connected
                0x000000000000b064       0x20 zephyr/subsys/bluetooth/host/libsubsys__bluetooth__host.a(gatt.c.obj)
                0x000000000000b064                bt_gatt_connected
 .text.bt_gatt_att_max_mtu_changed
                0x000000000000b084       0x28 zephyr/subsys/bluetooth/host/libsubsys__bluetooth__host.a(gatt.c.obj)
                0x000000000000b084                bt_gatt_att_max_mtu_changed
 .text.bt_gatt_disconnected
                0x000000000000b0ac       0x14 zephyr/subsys/bluetooth/host/libsubsys__bluetooth__host.a(gatt.c.obj)
                0x000000000000b0ac                bt_gatt_disconnected
 .text.z_log_msg_runtime_create.constprop.0
                0x000000000000b0c0       0x24 zephyr/subsys/bluetooth/host/libsubsys__bluetooth__host.a(smp_null.c.obj)
 .text.bt_smp_accept
                0x000000000000b0e4       0x40 zephyr/subsys/bluetooth/host/libsubsys__bluetooth__host.a(smp_null.c.obj)
 .text.mem_init
                0x000000000000b124       0x48 zephyr/subsys/bluetooth/controller/libsubsys__bluetooth__controller.a(mem.c.obj)
                0x000000000000b124                mem_init
 .text.mem_acquire
                0x000000000000b16c       0x2c zephyr/subsys/bluetooth/controller/libsubsys__bluetooth__controller.a(mem.c.obj)
                0x000000000000b16c                mem_acquire
 .text.mem_release
                0x000000000000b198       0x28 zephyr/subsys/bluetooth/controller/libsubsys__bluetooth__controller.a(mem.c.obj)
                0x000000000000b198                mem_release
 .text.mem_get  0x000000000000b1c0        0x8 zephyr/subsys/bluetooth/controller/libsubsys__bluetooth__controller.a(mem.c.obj)
                0x000000000000b1c0                mem_get
 .text.mem_index_get
                0x000000000000b1c8        0xc zephyr/subsys/bluetooth/controller/libsubsys__bluetooth__controller.a(mem.c.obj)
                0x000000000000b1c8                mem_index_get
 .text.mem_rcopy
                0x000000000000b1d4       0x1c zephyr/subsys/bluetooth/controller/libsubsys__bluetooth__controller.a(mem.c.obj)
                0x000000000000b1d4                mem_rcopy
 .text.mem_nz   0x000000000000b1f0       0x18 zephyr/subsys/bluetooth/controller/libsubsys__bluetooth__controller.a(mem.c.obj)
                0x000000000000b1f0                mem_nz
 .text.memq_init
                0x000000000000b208        0x8 zephyr/subsys/bluetooth/controller/libsubsys__bluetooth__controller.a(memq.c.obj)
                0x000000000000b208                memq_init
 .text.memq_deinit
                0x000000000000b210       0x14 zephyr/subsys/bluetooth/controller/libsubsys__bluetooth__controller.a(memq.c.obj)
                0x000000000000b210                memq_deinit
 .text.memq_enqueue
                0x000000000000b224       0x14 zephyr/subsys/bluetooth/controller/libsubsys__bluetooth__controller.a(memq.c.obj)
                0x000000000000b224                memq_enqueue
 .text.memq_peek
                0x000000000000b238       0x10 zephyr/subsys/bluetooth/controller/libsubsys__bluetooth__controller.a(memq.c.obj)
                0x000000000000b238                memq_peek
 .text.memq_dequeue
                0x000000000000b248       0x20 zephyr/subsys/bluetooth/controller/libsubsys__bluetooth__controller.a(memq.c.obj)
                0x000000000000b248                memq_dequeue
 .text.mayfly_init
                0x000000000000b268       0x40 zephyr/subsys/bluetooth/controller/libsubsys__bluetooth__controller.a(mayfly.c.obj)
                0x000000000000b268                mayfly_init
 .text.mayfly_enable
                0x000000000000b2a8       0x68 zephyr/subsys/bluetooth/controller/libsubsys__bluetooth__controller.a(mayfly.c.obj)
                0x000000000000b2a8                mayfly_enable
 .text.mayfly_enqueue
                0x000000000000b310       0xbc zephyr/subsys/bluetooth/controller/libsubsys__bluetooth__controller.a(mayfly.c.obj)
                0x000000000000b310                mayfly_enqueue
 .text.mayfly_run
                0x000000000000b3cc      0x174 zephyr/subsys/bluetooth/controller/libsubsys__bluetooth__controller.a(mayfly.c.obj)
                0x000000000000b3cc                mayfly_run
 .text.util_ones_count_get
                0x000000000000b540       0x28 zephyr/subsys/bluetooth/controller/libsubsys__bluetooth__controller.a(util.c.obj)
                0x000000000000b540                util_ones_count_get
 .text.util_aa_le32
                0x000000000000b568      0x14c zephyr/subsys/bluetooth/controller/libsubsys__bluetooth__controller.a(util.c.obj)
                0x000000000000b568                util_aa_le32
 .text.ticker_dequeue
                0x000000000000b6b4       0x74 zephyr/subsys/bluetooth/controller/libsubsys__bluetooth__controller.a(ticker.c.obj)
 .text.ticks_to_expire_prep
                0x000000000000b728       0x48 zephyr/subsys/bluetooth/controller/libsubsys__bluetooth__controller.a(ticker.c.obj)
 .text.start_us.constprop.0
                0x000000000000b770       0xac zephyr/subsys/bluetooth/controller/libsubsys__bluetooth__controller.a(ticker.c.obj)
 .text.ticker_job_list_insert
                0x000000000000b81c      0x214 zephyr/subsys/bluetooth/controller/libsubsys__bluetooth__controller.a(ticker.c.obj)
 .text.ticker_worker
                0x000000000000ba30      0x388 zephyr/subsys/bluetooth/controller/libsubsys__bluetooth__controller.a(ticker.c.obj)
                0x000000000000ba30                ticker_worker
 .text.ticker_job
                0x000000000000bdb8      0xb7c zephyr/subsys/bluetooth/controller/libsubsys__bluetooth__controller.a(ticker.c.obj)
                0x000000000000bdb8                ticker_job
 .text.ticker_init
                0x000000000000c934       0x64 zephyr/subsys/bluetooth/controller/libsubsys__bluetooth__controller.a(ticker.c.obj)
                0x000000000000c934                ticker_init
 .text.ticker_deinit
                0x000000000000c998       0x20 zephyr/subsys/bluetooth/controller/libsubsys__bluetooth__controller.a(ticker.c.obj)
                0x000000000000c998                ticker_deinit
 .text.ticker_trigger
                0x000000000000c9b8       0x30 zephyr/subsys/bluetooth/controller/libsubsys__bluetooth__controller.a(ticker.c.obj)
                0x000000000000c9b8                ticker_trigger
 .text.ticker_start
                0x000000000000c9e8       0x38 zephyr/subsys/bluetooth/controller/libsubsys__bluetooth__controller.a(ticker.c.obj)
                0x000000000000c9e8                ticker_start
 .text.ticker_start_us
                0x000000000000ca20       0x30 zephyr/subsys/bluetooth/controller/libsubsys__bluetooth__controller.a(ticker.c.obj)
                0x000000000000ca20                ticker_start_us
 .text.ticker_start_ext
                0x000000000000ca50       0x10 zephyr/subsys/bluetooth/controller/libsubsys__bluetooth__controller.a(ticker.c.obj)
                0x000000000000ca50                ticker_start_ext
 .text.ticker_update_ext
                0x000000000000ca60       0xb0 zephyr/subsys/bluetooth/controller/libsubsys__bluetooth__controller.a(ticker.c.obj)
                0x000000000000ca60                ticker_update_ext
 .text.ticker_update
                0x000000000000cb10       0x30 zephyr/subsys/bluetooth/controller/libsubsys__bluetooth__controller.a(ticker.c.obj)
                0x000000000000cb10                ticker_update
 .text.ticker_stop
                0x000000000000cb40       0x84 zephyr/subsys/bluetooth/controller/libsubsys__bluetooth__controller.a(ticker.c.obj)
                0x000000000000cb40                ticker_stop
 .text.ticker_stop_abs
                0x000000000000cbc4       0x88 zephyr/subsys/bluetooth/controller/libsubsys__bluetooth__controller.a(ticker.c.obj)
                0x000000000000cbc4                ticker_stop_abs
 .text.ticker_next_slot_get_ext
                0x000000000000cc4c       0x98 zephyr/subsys/bluetooth/controller/libsubsys__bluetooth__controller.a(ticker.c.obj)
                0x000000000000cc4c                ticker_next_slot_get_ext
 .text.ticker_job_sched
                0x000000000000cce4       0x30 zephyr/subsys/bluetooth/controller/libsubsys__bluetooth__controller.a(ticker.c.obj)
                0x000000000000cce4                ticker_job_sched
 .text.ticker_ticks_now_get
                0x000000000000cd14        0x4 zephyr/subsys/bluetooth/controller/libsubsys__bluetooth__controller.a(ticker.c.obj)
                0x000000000000cd14                ticker_ticks_now_get
 .text.ticker_ticks_diff_get
                0x000000000000cd18        0x8 zephyr/subsys/bluetooth/controller/libsubsys__bluetooth__controller.a(ticker.c.obj)
                0x000000000000cd18                ticker_ticks_diff_get
 .text.ll_feat_get
                0x000000000000cd20        0xc zephyr/subsys/bluetooth/controller/libsubsys__bluetooth__controller.a(ll_feat.c.obj)
                0x000000000000cd20                ll_feat_get
 .text.ll_tx_pwr_lvl_get
                0x000000000000cd2c       0x20 zephyr/subsys/bluetooth/controller/libsubsys__bluetooth__controller.a(ll_tx_pwr.c.obj)
                0x000000000000cd2c                ll_tx_pwr_lvl_get
 .text.ll_tx_pwr_get
                0x000000000000cd4c        0x8 zephyr/subsys/bluetooth/controller/libsubsys__bluetooth__controller.a(ll_tx_pwr.c.obj)
                0x000000000000cd4c                ll_tx_pwr_get
 .text.ll_addr_set
                0x000000000000cd54       0x44 zephyr/subsys/bluetooth/controller/libsubsys__bluetooth__controller.a(ll_addr.c.obj)
                0x000000000000cd54                ll_addr_set
 .text.ll_addr_get
                0x000000000000cd98       0x20 zephyr/subsys/bluetooth/controller/libsubsys__bluetooth__controller.a(ll_addr.c.obj)
                0x000000000000cd98                ll_addr_get
 .text.ll_addr_read
                0x000000000000cdb8       0x28 zephyr/subsys/bluetooth/controller/libsubsys__bluetooth__controller.a(ll_addr.c.obj)
                0x000000000000cdb8                ll_addr_read
 .text.perform_lll_reset
                0x000000000000cde0       0xd0 zephyr/subsys/bluetooth/controller/libsubsys__bluetooth__controller.a(ull.c.obj)
 .text.ull_ticker_status_give
                0x000000000000ceb0        0xc zephyr/subsys/bluetooth/controller/libsubsys__bluetooth__controller.a(ull.c.obj)
                0x000000000000ceb0                ull_ticker_status_give
 .text.disabled_cb
                0x000000000000cebc        0x4 zephyr/subsys/bluetooth/controller/libsubsys__bluetooth__controller.a(ull.c.obj)
 .text.tx_cmplt_get
                0x000000000000cec0       0xb4 zephyr/subsys/bluetooth/controller/libsubsys__bluetooth__controller.a(ull.c.obj)
 .text.rx_replenish
                0x000000000000cf74       0xf8 zephyr/subsys/bluetooth/controller/libsubsys__bluetooth__controller.a(ull.c.obj)
 .text.init_reset
                0x000000000000d06c      0x138 zephyr/subsys/bluetooth/controller/libsubsys__bluetooth__controller.a(ull.c.obj)
 .text.rx_demux
                0x000000000000d1a4      0x2bc zephyr/subsys/bluetooth/controller/libsubsys__bluetooth__controller.a(ull.c.obj)
 .text.ll_init  0x000000000000d460       0xec zephyr/subsys/bluetooth/controller/libsubsys__bluetooth__controller.a(ull.c.obj)
                0x000000000000d460                ll_init
 .text.ll_reset
                0x000000000000d54c      0x16c zephyr/subsys/bluetooth/controller/libsubsys__bluetooth__controller.a(ull.c.obj)
                0x000000000000d54c                ll_reset
 .text.ll_deinit
                0x000000000000d6b8       0x18 zephyr/subsys/bluetooth/controller/libsubsys__bluetooth__controller.a(ull.c.obj)
                0x000000000000d6b8                ll_deinit
 .text.ll_rx_get
                0x000000000000d6d0       0xfc zephyr/subsys/bluetooth/controller/libsubsys__bluetooth__controller.a(ull.c.obj)
                0x000000000000d6d0                ll_rx_get
 .text.ll_rx_dequeue
                0x000000000000d7cc      0x184 zephyr/subsys/bluetooth/controller/libsubsys__bluetooth__controller.a(ull.c.obj)
                0x000000000000d7cc                ll_rx_dequeue
 .text.ll_rx_mem_release
                0x000000000000d950      0x1c4 zephyr/subsys/bluetooth/controller/libsubsys__bluetooth__controller.a(ull.c.obj)
                0x000000000000d950                ll_rx_mem_release
 .text.ll_rx_link_alloc
                0x000000000000db14        0xc zephyr/subsys/bluetooth/controller/libsubsys__bluetooth__controller.a(ull.c.obj)
                0x000000000000db14                ll_rx_link_alloc
 .text.ll_rx_link_release
                0x000000000000db20        0xc zephyr/subsys/bluetooth/controller/libsubsys__bluetooth__controller.a(ull.c.obj)
                0x000000000000db20                ll_rx_link_release
 .text.ll_rx_alloc
                0x000000000000db2c        0xc zephyr/subsys/bluetooth/controller/libsubsys__bluetooth__controller.a(ull.c.obj)
                0x000000000000db2c                ll_rx_alloc
 .text.ll_rx_release
                0x000000000000db38        0xc zephyr/subsys/bluetooth/controller/libsubsys__bluetooth__controller.a(ull.c.obj)
                0x000000000000db38                ll_rx_release
 .text.ll_rx_put
                0x000000000000db44       0x18 zephyr/subsys/bluetooth/controller/libsubsys__bluetooth__controller.a(ull.c.obj)
                0x000000000000db44                ll_rx_put
 .text.ll_rx_put_sched
                0x000000000000db5c       0x28 zephyr/subsys/bluetooth/controller/libsubsys__bluetooth__controller.a(ull.c.obj)
                0x000000000000db5c                ll_rx_put_sched
 .text.ll_pdu_rx_alloc_peek
                0x000000000000db84       0x34 zephyr/subsys/bluetooth/controller/libsubsys__bluetooth__controller.a(ull.c.obj)
                0x000000000000db84                ll_pdu_rx_alloc_peek
 .text.ll_pdu_rx_alloc
                0x000000000000dbb8       0x24 zephyr/subsys/bluetooth/controller/libsubsys__bluetooth__controller.a(ull.c.obj)
                0x000000000000dbb8                ll_pdu_rx_alloc
 .text.ll_tx_ack_put
                0x000000000000dbdc       0x60 zephyr/subsys/bluetooth/controller/libsubsys__bluetooth__controller.a(ull.c.obj)
                0x000000000000dbdc                ll_tx_ack_put
 .text.ull_ticker_status_take
                0x000000000000dc3c       0x24 zephyr/subsys/bluetooth/controller/libsubsys__bluetooth__controller.a(ull.c.obj)
                0x000000000000dc3c                ull_ticker_status_take
 .text.ull_disable_mark
                0x000000000000dc60       0x18 zephyr/subsys/bluetooth/controller/libsubsys__bluetooth__controller.a(ull.c.obj)
                0x000000000000dc60                ull_disable_mark
 .text.ull_disable_unmark
                0x000000000000dc78       0x18 zephyr/subsys/bluetooth/controller/libsubsys__bluetooth__controller.a(ull.c.obj)
                0x000000000000dc78                ull_disable_unmark
 .text.ull_disable_mark_get
                0x000000000000dc90        0xc zephyr/subsys/bluetooth/controller/libsubsys__bluetooth__controller.a(ull.c.obj)
                0x000000000000dc90                ull_disable_mark_get
 .text.ull_update_mark
                0x000000000000dc9c       0x18 zephyr/subsys/bluetooth/controller/libsubsys__bluetooth__controller.a(ull.c.obj)
                0x000000000000dc9c                ull_update_mark
 .text.ull_update_unmark
                0x000000000000dcb4       0x18 zephyr/subsys/bluetooth/controller/libsubsys__bluetooth__controller.a(ull.c.obj)
                0x000000000000dcb4                ull_update_unmark
 .text.ull_update_mark_get
                0x000000000000dccc        0xc zephyr/subsys/bluetooth/controller/libsubsys__bluetooth__controller.a(ull.c.obj)
                0x000000000000dccc                ull_update_mark_get
 .text.ull_disable
                0x000000000000dcd8       0x7c zephyr/subsys/bluetooth/controller/libsubsys__bluetooth__controller.a(ull.c.obj)
                0x000000000000dcd8                ull_disable
 .text.ull_ticker_stop_with_mark
                0x000000000000dd54       0xa4 zephyr/subsys/bluetooth/controller/libsubsys__bluetooth__controller.a(ull.c.obj)
                0x000000000000dd54                ull_ticker_stop_with_mark
 .text.ull_pdu_rx_alloc_peek
                0x000000000000ddf8       0x34 zephyr/subsys/bluetooth/controller/libsubsys__bluetooth__controller.a(ull.c.obj)
                0x000000000000ddf8                ull_pdu_rx_alloc_peek
 .text.ull_pdu_rx_alloc
                0x000000000000de2c       0x24 zephyr/subsys/bluetooth/controller/libsubsys__bluetooth__controller.a(ull.c.obj)
                0x000000000000de2c                ull_pdu_rx_alloc
 .text.ull_rx_put
                0x000000000000de50       0x20 zephyr/subsys/bluetooth/controller/libsubsys__bluetooth__controller.a(ull.c.obj)
                0x000000000000de50                ull_rx_put
 .text.ull_rx_sched
                0x000000000000de70       0x10 zephyr/subsys/bluetooth/controller/libsubsys__bluetooth__controller.a(ull.c.obj)
                0x000000000000de70                ull_rx_sched
 .text.ull_rx_put_sched
                0x000000000000de80       0x30 zephyr/subsys/bluetooth/controller/libsubsys__bluetooth__controller.a(ull.c.obj)
                0x000000000000de80                ull_rx_put_sched
 .text.ull_prepare_enqueue
                0x000000000000deb0       0x74 zephyr/subsys/bluetooth/controller/libsubsys__bluetooth__controller.a(ull.c.obj)
                0x000000000000deb0                ull_prepare_enqueue
 .text.ull_prepare_dequeue_get
                0x000000000000df24       0x1c zephyr/subsys/bluetooth/controller/libsubsys__bluetooth__controller.a(ull.c.obj)
                0x000000000000df24                ull_prepare_dequeue_get
 .text.ull_prepare_dequeue_iter
                0x000000000000df40       0x34 zephyr/subsys/bluetooth/controller/libsubsys__bluetooth__controller.a(ull.c.obj)
                0x000000000000df40                ull_prepare_dequeue_iter
 .text.ull_prepare_dequeue
                0x000000000000df74      0x130 zephyr/subsys/bluetooth/controller/libsubsys__bluetooth__controller.a(ull.c.obj)
                0x000000000000df74                ull_prepare_dequeue
 .text.ull_event_done_extra_get
                0x000000000000e0a4       0x1c zephyr/subsys/bluetooth/controller/libsubsys__bluetooth__controller.a(ull.c.obj)
                0x000000000000e0a4                ull_event_done_extra_get
 .text.ull_event_done
                0x000000000000e0c0       0x5c zephyr/subsys/bluetooth/controller/libsubsys__bluetooth__controller.a(ull.c.obj)
                0x000000000000e0c0                ull_event_done
 .text.lll_prepare
                0x000000000000e11c       0x14 zephyr/subsys/bluetooth/controller/libsubsys__bluetooth__controller.a(lll_common.c.obj)
                0x000000000000e11c                lll_prepare
 .text.lll_resume
                0x000000000000e130       0x50 zephyr/subsys/bluetooth/controller/libsubsys__bluetooth__controller.a(lll_common.c.obj)
                0x000000000000e130                lll_resume
 .text.bt_recv_prio
                0x000000000000e180       0x20 zephyr/subsys/bluetooth/controller/libsubsys__bluetooth__controller.a(hci_driver.c.obj)
 .text.hci_driver_close
                0x000000000000e1a0       0x50 zephyr/subsys/bluetooth/controller/libsubsys__bluetooth__controller.a(hci_driver.c.obj)
 .text.recv_thread
                0x000000000000e1f0      0x130 zephyr/subsys/bluetooth/controller/libsubsys__bluetooth__controller.a(hci_driver.c.obj)
 .text.prio_recv_thread
                0x000000000000e320      0x130 zephyr/subsys/bluetooth/controller/libsubsys__bluetooth__controller.a(hci_driver.c.obj)
 .text.z_log_msg_runtime_create.constprop.0
                0x000000000000e450       0x20 zephyr/subsys/bluetooth/controller/libsubsys__bluetooth__controller.a(hci_driver.c.obj)
 .text.hci_driver_open
                0x000000000000e470       0xe0 zephyr/subsys/bluetooth/controller/libsubsys__bluetooth__controller.a(hci_driver.c.obj)
 .text.hci_driver_send
                0x000000000000e550       0xb8 zephyr/subsys/bluetooth/controller/libsubsys__bluetooth__controller.a(hci_driver.c.obj)
 .text.hci_recv_fifo_reset
                0x000000000000e608       0x20 zephyr/subsys/bluetooth/controller/libsubsys__bluetooth__controller.a(hci_driver.c.obj)
                0x000000000000e608                hci_recv_fifo_reset
 .text.dup_found.constprop.0
                0x000000000000e628       0xb0 zephyr/subsys/bluetooth/controller/libsubsys__bluetooth__controller.a(hci.c.obj)
 .text.z_log_msg_runtime_create.constprop.0
                0x000000000000e6d8       0x20 zephyr/subsys/bluetooth/controller/libsubsys__bluetooth__controller.a(hci.c.obj)
 .text.le_remote_feat_complete
                0x000000000000e6f8       0x78 zephyr/subsys/bluetooth/controller/libsubsys__bluetooth__controller.a(hci.c.obj)
 .text.hci_vendor_cmd_handle_common
                0x000000000000e770      0x1a0 zephyr/subsys/bluetooth/controller/libsubsys__bluetooth__controller.a(hci.c.obj)
                0x000000000000e770                hci_vendor_cmd_handle_common
 .text.hci_cmd_handle
                0x000000000000e910      0x7f4 zephyr/subsys/bluetooth/controller/libsubsys__bluetooth__controller.a(hci.c.obj)
                0x000000000000e910                hci_cmd_handle
 .text.hci_acl_handle
                0x000000000000f104      0x11c zephyr/subsys/bluetooth/controller/libsubsys__bluetooth__controller.a(hci.c.obj)
                0x000000000000f104                hci_acl_handle
 .text.hci_disconn_complete_encode
                0x000000000000f220       0x40 zephyr/subsys/bluetooth/controller/libsubsys__bluetooth__controller.a(hci.c.obj)
                0x000000000000f220                hci_disconn_complete_encode
 .text.hci_disconn_complete_process
                0x000000000000f260       0x10 zephyr/subsys/bluetooth/controller/libsubsys__bluetooth__controller.a(hci.c.obj)
                0x000000000000f260                hci_disconn_complete_process
 .text.hci_acl_encode
                0x000000000000f270       0x78 zephyr/subsys/bluetooth/controller/libsubsys__bluetooth__controller.a(hci.c.obj)
                0x000000000000f270                hci_acl_encode
 .text.hci_evt_encode
                0x000000000000f2e8      0x6cc zephyr/subsys/bluetooth/controller/libsubsys__bluetooth__controller.a(hci.c.obj)
                0x000000000000f2e8                hci_evt_encode
 .text.hci_num_cmplt_encode
                0x000000000000f9b4       0x30 zephyr/subsys/bluetooth/controller/libsubsys__bluetooth__controller.a(hci.c.obj)
                0x000000000000f9b4                hci_num_cmplt_encode
 .text.hci_get_class
                0x000000000000f9e4       0x2c zephyr/subsys/bluetooth/controller/libsubsys__bluetooth__controller.a(hci.c.obj)
                0x000000000000f9e4                hci_get_class
 .text.hci_init
                0x000000000000fa10       0x4c zephyr/subsys/bluetooth/controller/libsubsys__bluetooth__controller.a(hci.c.obj)
                0x000000000000fa10                hci_init
 .text.ticker_stop_cb
                0x000000000000fa5c       0x90 zephyr/subsys/bluetooth/controller/libsubsys__bluetooth__controller.a(ull_adv.c.obj)
 .text.disabled_cb
                0x000000000000faec       0x94 zephyr/subsys/bluetooth/controller/libsubsys__bluetooth__controller.a(ull_adv.c.obj)
 .text.ticker_stop_op_cb
                0x000000000000fb80       0x48 zephyr/subsys/bluetooth/controller/libsubsys__bluetooth__controller.a(ull_adv.c.obj)
 .text.adv_disable
                0x000000000000fbc8       0x8c zephyr/subsys/bluetooth/controller/libsubsys__bluetooth__controller.a(ull_adv.c.obj)
 .text.ticker_update_op_cb
                0x000000000000fc54       0x64 zephyr/subsys/bluetooth/controller/libsubsys__bluetooth__controller.a(ull_adv.c.obj)
 .text.init_set.constprop.0
                0x000000000000fcb8       0x40 zephyr/subsys/bluetooth/controller/libsubsys__bluetooth__controller.a(ull_adv.c.obj)
 .text.conn_release.constprop.0
                0x000000000000fcf8       0x88 zephyr/subsys/bluetooth/controller/libsubsys__bluetooth__controller.a(ull_adv.c.obj)
 .text.disable.constprop.0
                0x000000000000fd80      0x158 zephyr/subsys/bluetooth/controller/libsubsys__bluetooth__controller.a(ull_adv.c.obj)
 .text.adv_time_get.constprop.0.isra.0
                0x000000000000fed8       0x7c zephyr/subsys/bluetooth/controller/libsubsys__bluetooth__controller.a(ull_adv.c.obj)
 .text.ticker_cb
                0x000000000000ff54      0x148 zephyr/subsys/bluetooth/controller/libsubsys__bluetooth__controller.a(ull_adv.c.obj)
 .text.ll_adv_params_set
                0x000000000001009c      0x1d4 zephyr/subsys/bluetooth/controller/libsubsys__bluetooth__controller.a(ull_adv.c.obj)
                0x000000000001009c                ll_adv_params_set
 .text.ull_adv_init
                0x0000000000010270       0x20 zephyr/subsys/bluetooth/controller/libsubsys__bluetooth__controller.a(ull_adv.c.obj)
                0x0000000000010270                ull_adv_init
 .text.ull_adv_reset
                0x0000000000010290        0xc zephyr/subsys/bluetooth/controller/libsubsys__bluetooth__controller.a(ull_adv.c.obj)
                0x0000000000010290                ull_adv_reset
 .text.ull_adv_reset_finalize
                0x000000000001029c       0x2c zephyr/subsys/bluetooth/controller/libsubsys__bluetooth__controller.a(ull_adv.c.obj)
                0x000000000001029c                ull_adv_reset_finalize
 .text.ull_adv_handle_get
                0x00000000000102c8       0x18 zephyr/subsys/bluetooth/controller/libsubsys__bluetooth__controller.a(ull_adv.c.obj)
                0x00000000000102c8                ull_adv_handle_get
 .text.ull_adv_lll_handle_get
                0x00000000000102e0       0x1c zephyr/subsys/bluetooth/controller/libsubsys__bluetooth__controller.a(ull_adv.c.obj)
                0x00000000000102e0                ull_adv_lll_handle_get
 .text.ull_adv_is_enabled
                0x00000000000102fc       0x18 zephyr/subsys/bluetooth/controller/libsubsys__bluetooth__controller.a(ull_adv.c.obj)
                0x00000000000102fc                ull_adv_is_enabled
 .text.ull_adv_data_set
                0x0000000000010314       0xc4 zephyr/subsys/bluetooth/controller/libsubsys__bluetooth__controller.a(ull_adv.c.obj)
                0x0000000000010314                ull_adv_data_set
 .text.ll_adv_data_set
                0x00000000000103d8       0x10 zephyr/subsys/bluetooth/controller/libsubsys__bluetooth__controller.a(ull_adv.c.obj)
                0x00000000000103d8                ll_adv_data_set
 .text.ull_scan_rsp_set
                0x00000000000103e8       0xcc zephyr/subsys/bluetooth/controller/libsubsys__bluetooth__controller.a(ull_adv.c.obj)
                0x00000000000103e8                ull_scan_rsp_set
 .text.ll_adv_scan_rsp_set
                0x00000000000104b4       0x10 zephyr/subsys/bluetooth/controller/libsubsys__bluetooth__controller.a(ull_adv.c.obj)
                0x00000000000104b4                ll_adv_scan_rsp_set
 .text.ticker_cb
                0x00000000000104c4       0x98 zephyr/subsys/bluetooth/controller/libsubsys__bluetooth__controller.a(ull_scan.c.obj)
 .text.ull_scan_init
                0x000000000001055c        0x4 zephyr/subsys/bluetooth/controller/libsubsys__bluetooth__controller.a(ull_scan.c.obj)
                0x000000000001055c                ull_scan_init
 .text.ull_scan_disable
                0x0000000000010560       0x5c zephyr/subsys/bluetooth/controller/libsubsys__bluetooth__controller.a(ull_scan.c.obj)
                0x0000000000010560                ull_scan_disable
 .text.ll_scan_enable
                0x00000000000105bc       0x58 zephyr/subsys/bluetooth/controller/libsubsys__bluetooth__controller.a(ull_scan.c.obj)
                0x00000000000105bc                ll_scan_enable
 .text.ull_scan_reset
                0x0000000000010614       0x38 zephyr/subsys/bluetooth/controller/libsubsys__bluetooth__controller.a(ull_scan.c.obj)
                0x0000000000010614                ull_scan_reset
 .text.ull_scan_handle_get
                0x000000000001064c       0x18 zephyr/subsys/bluetooth/controller/libsubsys__bluetooth__controller.a(ull_scan.c.obj)
                0x000000000001064c                ull_scan_handle_get
 .text.ull_scan_lll_handle_get
                0x0000000000010664       0x1c zephyr/subsys/bluetooth/controller/libsubsys__bluetooth__controller.a(ull_scan.c.obj)
                0x0000000000010664                ull_scan_lll_handle_get
 .text.ull_scan_is_enabled_get
                0x0000000000010680       0x1c zephyr/subsys/bluetooth/controller/libsubsys__bluetooth__controller.a(ull_scan.c.obj)
                0x0000000000010680                ull_scan_is_enabled_get
 .text.ull_scan_is_disabled_get
                0x000000000001069c       0x18 zephyr/subsys/bluetooth/controller/libsubsys__bluetooth__controller.a(ull_scan.c.obj)
                0x000000000001069c                ull_scan_is_disabled_get
 .text.ull_scan_is_enabled
                0x00000000000106b4       0x34 zephyr/subsys/bluetooth/controller/libsubsys__bluetooth__controller.a(ull_scan.c.obj)
                0x00000000000106b4                ull_scan_is_enabled
 .text.tx_lll_flush
                0x00000000000106e8       0xe8 zephyr/subsys/bluetooth/controller/libsubsys__bluetooth__controller.a(ull_conn.c.obj)
 .text.ticker_stop_op_cb
                0x00000000000107d0       0x6c zephyr/subsys/bluetooth/controller/libsubsys__bluetooth__controller.a(ull_conn.c.obj)
 .text.disabled_cb
                0x000000000001083c       0x44 zephyr/subsys/bluetooth/controller/libsubsys__bluetooth__controller.a(ull_conn.c.obj)
 .text.conn_disable
                0x0000000000010880       0x8c zephyr/subsys/bluetooth/controller/libsubsys__bluetooth__controller.a(ull_conn.c.obj)
 .text.conn_setup_adv_scan_disabled_cb
                0x000000000001090c       0x18 zephyr/subsys/bluetooth/controller/libsubsys__bluetooth__controller.a(ull_conn.c.obj)
 .text.ticker_update_conn_op_cb
                0x0000000000010924       0x44 zephyr/subsys/bluetooth/controller/libsubsys__bluetooth__controller.a(ull_conn.c.obj)
 .text.ticker_start_conn_op_cb
                0x0000000000010968       0x60 zephyr/subsys/bluetooth/controller/libsubsys__bluetooth__controller.a(ull_conn.c.obj)
 .text.ticker_stop_conn_op_cb
                0x00000000000109c8       0x60 zephyr/subsys/bluetooth/controller/libsubsys__bluetooth__controller.a(ull_conn.c.obj)
 .text.init_reset
                0x0000000000010a28       0x70 zephyr/subsys/bluetooth/controller/libsubsys__bluetooth__controller.a(ull_conn.c.obj)
 .text.ll_conn_acquire
                0x0000000000010a98        0xc zephyr/subsys/bluetooth/controller/libsubsys__bluetooth__controller.a(ull_conn.c.obj)
                0x0000000000010a98                ll_conn_acquire
 .text.ll_conn_release
                0x0000000000010aa4        0xc zephyr/subsys/bluetooth/controller/libsubsys__bluetooth__controller.a(ull_conn.c.obj)
                0x0000000000010aa4                ll_conn_release
 .text.ll_conn_handle_get
                0x0000000000010ab0       0x10 zephyr/subsys/bluetooth/controller/libsubsys__bluetooth__controller.a(ull_conn.c.obj)
                0x0000000000010ab0                ll_conn_handle_get
 .text.ll_conn_get
                0x0000000000010ac0       0x18 zephyr/subsys/bluetooth/controller/libsubsys__bluetooth__controller.a(ull_conn.c.obj)
                0x0000000000010ac0                ll_conn_get
 .text.ll_connected_get
                0x0000000000010ad8       0x24 zephyr/subsys/bluetooth/controller/libsubsys__bluetooth__controller.a(ull_conn.c.obj)
                0x0000000000010ad8                ll_connected_get
 .text.ll_tx_mem_acquire
                0x0000000000010afc        0xc zephyr/subsys/bluetooth/controller/libsubsys__bluetooth__controller.a(ull_conn.c.obj)
                0x0000000000010afc                ll_tx_mem_acquire
 .text.ll_tx_mem_release
                0x0000000000010b08        0xc zephyr/subsys/bluetooth/controller/libsubsys__bluetooth__controller.a(ull_conn.c.obj)
                0x0000000000010b08                ll_tx_mem_release
 .text.ll_tx_mem_enqueue
                0x0000000000010b14       0x94 zephyr/subsys/bluetooth/controller/libsubsys__bluetooth__controller.a(ull_conn.c.obj)
                0x0000000000010b14                ll_tx_mem_enqueue
 .text.ll_conn_update
                0x0000000000010ba8       0x88 zephyr/subsys/bluetooth/controller/libsubsys__bluetooth__controller.a(ull_conn.c.obj)
                0x0000000000010ba8                ll_conn_update
 .text.ll_chm_get
                0x0000000000010c30       0x48 zephyr/subsys/bluetooth/controller/libsubsys__bluetooth__controller.a(ull_conn.c.obj)
                0x0000000000010c30                ll_chm_get
 .text.ll_terminate_ind_send
                0x0000000000010c78       0x70 zephyr/subsys/bluetooth/controller/libsubsys__bluetooth__controller.a(ull_conn.c.obj)
                0x0000000000010c78                ll_terminate_ind_send
 .text.ll_feature_req_send
                0x0000000000010ce8       0x44 zephyr/subsys/bluetooth/controller/libsubsys__bluetooth__controller.a(ull_conn.c.obj)
                0x0000000000010ce8                ll_feature_req_send
 .text.ll_version_ind_send
                0x0000000000010d2c       0x44 zephyr/subsys/bluetooth/controller/libsubsys__bluetooth__controller.a(ull_conn.c.obj)
                0x0000000000010d2c                ll_version_ind_send
 .text.ll_phy_get
                0x0000000000010d70       0x40 zephyr/subsys/bluetooth/controller/libsubsys__bluetooth__controller.a(ull_conn.c.obj)
                0x0000000000010d70                ll_phy_get
 .text.ll_phy_default_set
                0x0000000000010db0       0x14 zephyr/subsys/bluetooth/controller/libsubsys__bluetooth__controller.a(ull_conn.c.obj)
                0x0000000000010db0                ll_phy_default_set
 .text.ll_phy_req_send
                0x0000000000010dc4       0x68 zephyr/subsys/bluetooth/controller/libsubsys__bluetooth__controller.a(ull_conn.c.obj)
                0x0000000000010dc4                ll_phy_req_send
 .text.ll_apto_get
                0x0000000000010e2c       0x6c zephyr/subsys/bluetooth/controller/libsubsys__bluetooth__controller.a(ull_conn.c.obj)
                0x0000000000010e2c                ll_apto_get
 .text.ll_apto_set
                0x0000000000010e98       0x64 zephyr/subsys/bluetooth/controller/libsubsys__bluetooth__controller.a(ull_conn.c.obj)
                0x0000000000010e98                ll_apto_set
 .text.ull_conn_init
                0x0000000000010efc        0x4 zephyr/subsys/bluetooth/controller/libsubsys__bluetooth__controller.a(ull_conn.c.obj)
                0x0000000000010efc                ull_conn_init
 .text.ull_conn_reset
                0x0000000000010f00       0xac zephyr/subsys/bluetooth/controller/libsubsys__bluetooth__controller.a(ull_conn.c.obj)
                0x0000000000010f00                ull_conn_reset
 .text.ull_conn_default_phy_tx_get
                0x0000000000010fac        0xc zephyr/subsys/bluetooth/controller/libsubsys__bluetooth__controller.a(ull_conn.c.obj)
                0x0000000000010fac                ull_conn_default_phy_tx_get
 .text.ull_conn_default_phy_rx_get
                0x0000000000010fb8        0xc zephyr/subsys/bluetooth/controller/libsubsys__bluetooth__controller.a(ull_conn.c.obj)
                0x0000000000010fb8                ull_conn_default_phy_rx_get
 .text.ull_conn_setup
                0x0000000000010fc4       0x54 zephyr/subsys/bluetooth/controller/libsubsys__bluetooth__controller.a(ull_conn.c.obj)
                0x0000000000010fc4                ull_conn_setup
 .text.ull_conn_rx
                0x0000000000011018       0x78 zephyr/subsys/bluetooth/controller/libsubsys__bluetooth__controller.a(ull_conn.c.obj)
                0x0000000000011018                ull_conn_rx
 .text.ull_conn_llcp
                0x0000000000011090       0x68 zephyr/subsys/bluetooth/controller/libsubsys__bluetooth__controller.a(ull_conn.c.obj)
                0x0000000000011090                ull_conn_llcp
 .text.ull_conn_tx_demux
                0x00000000000110f8       0x7c zephyr/subsys/bluetooth/controller/libsubsys__bluetooth__controller.a(ull_conn.c.obj)
                0x00000000000110f8                ull_conn_tx_demux
 .text.conn_cleanup
                0x0000000000011174      0x128 zephyr/subsys/bluetooth/controller/libsubsys__bluetooth__controller.a(ull_conn.c.obj)
 .text.ull_conn_tx_lll_enqueue
                0x000000000001129c       0x90 zephyr/subsys/bluetooth/controller/libsubsys__bluetooth__controller.a(ull_conn.c.obj)
                0x000000000001129c                ull_conn_tx_lll_enqueue
 .text.tx_demux
                0x000000000001132c       0x18 zephyr/subsys/bluetooth/controller/libsubsys__bluetooth__controller.a(ull_conn.c.obj)
 .text.ull_conn_link_tx_release
                0x0000000000011344        0xc zephyr/subsys/bluetooth/controller/libsubsys__bluetooth__controller.a(ull_conn.c.obj)
                0x0000000000011344                ull_conn_link_tx_release
 .text.ull_conn_ack_last_idx_get
                0x0000000000011350        0xc zephyr/subsys/bluetooth/controller/libsubsys__bluetooth__controller.a(ull_conn.c.obj)
                0x0000000000011350                ull_conn_ack_last_idx_get
 .text.ull_conn_ack_peek
                0x000000000001135c       0x30 zephyr/subsys/bluetooth/controller/libsubsys__bluetooth__controller.a(ull_conn.c.obj)
                0x000000000001135c                ull_conn_ack_peek
 .text.ull_conn_ack_by_last_peek
                0x000000000001138c       0x24 zephyr/subsys/bluetooth/controller/libsubsys__bluetooth__controller.a(ull_conn.c.obj)
                0x000000000001138c                ull_conn_ack_by_last_peek
 .text.ull_conn_ack_dequeue
                0x00000000000113b0       0x2c zephyr/subsys/bluetooth/controller/libsubsys__bluetooth__controller.a(ull_conn.c.obj)
                0x00000000000113b0                ull_conn_ack_dequeue
 .text.ull_conn_lll_ack_enqueue
                0x00000000000113dc       0x60 zephyr/subsys/bluetooth/controller/libsubsys__bluetooth__controller.a(ull_conn.c.obj)
                0x00000000000113dc                ull_conn_lll_ack_enqueue
 .text.ull_conn_tx_ack
                0x000000000001143c      0x110 zephyr/subsys/bluetooth/controller/libsubsys__bluetooth__controller.a(ull_conn.c.obj)
                0x000000000001143c                ull_conn_tx_ack
 .text.ull_conn_lll_max_tx_octets_get
                0x000000000001154c        0x4 zephyr/subsys/bluetooth/controller/libsubsys__bluetooth__controller.a(ull_conn.c.obj)
                0x000000000001154c                ull_conn_lll_max_tx_octets_get
 .text.ull_pdu_data_init
                0x0000000000011550        0x4 zephyr/subsys/bluetooth/controller/libsubsys__bluetooth__controller.a(ull_conn.c.obj)
                0x0000000000011550                ull_pdu_data_init
 .text.ull_conn_pause_rx_data
                0x0000000000011554       0x10 zephyr/subsys/bluetooth/controller/libsubsys__bluetooth__controller.a(ull_conn.c.obj)
                0x0000000000011554                ull_conn_pause_rx_data
 .text.ull_conn_resume_rx_data